WARNING: A restricted method in java.lang.System has been called
WARNING: java.lang.System::load has been called by net.rubygrapefruit.platform.internal.NativeLibraryLoader in an unnamed module (file:/C:/Users/enzop/.gradle/wrapper/dists/gradle-9.7.1-bin/1w1c7tv4s851m17nbqdsro2tv/gradle-9.7.1/lib/native-platform-0.22-milestone-29.jar)
WARNING: Use --enable-native-access=ALL-UNNAMED to avoid a warning for callers in this module
WARNING: Restricted methods will be blocked in a future release unless native access is enabled


> Configure project :
Fabric Loom: 1.18.2

> Task :compileJava UP-TO-DATE
> Task :processResources UP-TO-DATE
> Task :classes UP-TO-DATE

> Task :compileGametestJava
C:\Users\enzop\curseforge\minecraft\Instances\mod cet\intoxicantes-mod\src\gametest\java\com\intoxicantes\BebidasDecorativasGameTest.java:198: warning: [removal] makeMockServerPlayerInLevel() in GameTestHelper has been deprecated and marked for removal
        ServerPlayer player = helper.makeMockServerPlayerInLevel();
                                    ^
C:\Users\enzop\curseforge\minecraft\Instances\mod cet\intoxicantes-mod\src\gametest\java\com\intoxicantes\BebidasVaziasGameTest.java:87: warning: [removal] makeMockServerPlayerInLevel() in GameTestHelper has been deprecated and marked for removal
        ServerPlayer player = helper.makeMockServerPlayerInLevel();
                                    ^
C:\Users\enzop\curseforge\minecraft\Instances\mod cet\intoxicantes-mod\src\gametest\java\com\intoxicantes\BebidasVaziasGameTest.java:111: warning: [removal] makeMockServerPlayerInLevel() in GameTestHelper has been deprecated and marked for removal
        ServerPlayer player = helper.makeMockServerPlayerInLevel();
                                    ^
C:\Users\enzop\curseforge\minecraft\Instances\mod cet\intoxicantes-mod\src\gametest\java\com\intoxicantes\BebidasVaziasGameTest.java:150: warning: [removal] makeMockServerPlayerInLevel() in GameTestHelper has been deprecated and marked for removal
        ServerPlayer player = helper.makeMockServerPlayerInLevel();
                                    ^
C:\Users\enzop\curseforge\minecraft\Instances\mod cet\intoxicantes-mod\src\gametest\java\com\intoxicantes\CommerceGameTest.java:63: warning: [removal] makeMockServerPlayerInLevel() in GameTestHelper has been deprecated and marked for removal
        var player = helper.makeMockServerPlayerInLevel();
                           ^
C:\Users\enzop\curseforge\minecraft\Instances\mod cet\intoxicantes-mod\src\gametest\java\com\intoxicantes\CommerceGameTest.java:91: warning: [removal] makeMockServerPlayerInLevel() in GameTestHelper has been deprecated and marked for removal
        var player = helper.makeMockServerPlayerInLevel();
                           ^
C:\Users\enzop\curseforge\minecraft\Instances\mod cet\intoxicantes-mod\src\gametest\java\com\intoxicantes\CommerceGameTest.java:127: warning: [removal] makeMockServerPlayerInLevel() in GameTestHelper has been deprecated and marked for removal
        var player = helper.makeMockServerPlayerInLevel();
                           ^
C:\Users\enzop\curseforge\minecraft\Instances\mod cet\intoxicantes-mod\src\gametest\java\com\intoxicantes\CommerceGameTest.java:329: warning: [removal] makeMockServerPlayerInLevel() in GameTestHelper has been deprecated and marked for removal
        var player = helper.makeMockServerPlayerInLevel();
                           ^
C:\Users\enzop\curseforge\minecraft\Instances\mod cet\intoxicantes-mod\src\gametest\java\com\intoxicantes\CommerceGameTest.java:407: warning: [removal] makeMockServerPlayerInLevel() in GameTestHelper has been deprecated and marked for removal
        var player = helper.makeMockServerPlayerInLevel();
                           ^
C:\Users\enzop\curseforge\minecraft\Instances\mod cet\intoxicantes-mod\src\gametest\java\com\intoxicantes\CommerceGameTest.java:448: warning: [removal] makeMockServerPlayerInLevel() in GameTestHelper has been deprecated and marked for removal
        var player = helper.makeMockServerPlayerInLevel();
                           ^
C:\Users\enzop\curseforge\minecraft\Instances\mod cet\intoxicantes-mod\src\gametest\java\com\intoxicantes\CommerceGameTest.java:540: warning: [removal] makeMockServerPlayerInLevel() in GameTestHelper has been deprecated and marked for removal
        var player = helper.makeMockServerPlayerInLevel();
                           ^
C:\Users\enzop\curseforge\minecraft\Instances\mod cet\intoxicantes-mod\src\gametest\java\com\intoxicantes\CommerceGameTest.java:592: warning: [removal] makeMockServerPlayerInLevel() in GameTestHelper has been deprecated and marked for removal
            var player = helper.makeMockServerPlayerInLevel();
                               ^
C:\Users\enzop\curseforge\minecraft\Instances\mod cet\intoxicantes-mod\src\gametest\java\com\intoxicantes\CommerceGameTest.java:641: warning: [removal] makeMockServerPlayerInLevel() in GameTestHelper has been deprecated and marked for removal
        var player = helper.makeMockServerPlayerInLevel();
                           ^
C:\Users\enzop\curseforge\minecraft\Instances\mod cet\intoxicantes-mod\src\gametest\java\com\intoxicantes\CommerceGameTest.java:779: warning: [removal] makeMockServerPlayerInLevel() in GameTestHelper has been deprecated and marked for removal
        var atirador = helper.makeMockServerPlayerInLevel();
                             ^
C:\Users\enzop\curseforge\minecraft\Instances\mod cet\intoxicantes-mod\src\gametest\java\com\intoxicantes\CommerceGameTest.java:819: warning: [removal] makeMockServerPlayerInLevel() in GameTestHelper has been deprecated and marked for removal
        var atirador = helper.makeMockServerPlayerInLevel();
                             ^
C:\Users\enzop\curseforge\minecraft\Instances\mod cet\intoxicantes-mod\src\gametest\java\com\intoxicantes\CommerceGameTest.java:1457: warning: [removal] makeMockServerPlayerInLevel() in GameTestHelper has been deprecated and marked for removal
        var fregues = helper.makeMockServerPlayerInLevel();
                            ^
C:\Users\enzop\curseforge\minecraft\Instances\mod cet\intoxicantes-mod\src\gametest\java\com\intoxicantes\CommerceGameTest.java:1608: warning: [removal] makeMockServerPlayerInLevel() in GameTestHelper has been deprecated and marked for removal
        ServerPlayer player = helper.makeMockServerPlayerInLevel();
                                    ^
C:\Users\enzop\curseforge\minecraft\Instances\mod cet\intoxicantes-mod\src\gametest\java\com\intoxicantes\CommerceGameTest.java:2333: warning: [removal] makeMockServerPlayerInLevel() in GameTestHelper has been deprecated and marked for removal
        var player = helper.makeMockServerPlayerInLevel();
                           ^
C:\Users\enzop\curseforge\minecraft\Instances\mod cet\intoxicantes-mod\src\gametest\java\com\intoxicantes\CommerceGameTest.java:2388: warning: [removal] makeMockServerPlayerInLevel() in GameTestHelper has been deprecated and marked for removal
        var player = helper.makeMockServerPlayerInLevel();
                           ^
C:\Users\enzop\curseforge\minecraft\Instances\mod cet\intoxicantes-mod\src\gametest\java\com\intoxicantes\CommerceGameTest.java:2424: warning: [removal] makeMockServerPlayerInLevel() in GameTestHelper has been deprecated and marked for removal
        var player = helper.makeMockServerPlayerInLevel();
                           ^
C:\Users\enzop\curseforge\minecraft\Instances\mod cet\intoxicantes-mod\src\gametest\java\com\intoxicantes\CommerceGameTest.java:2467: warning: [removal] makeMockServerPlayerInLevel() in GameTestHelper has been deprecated and marked for removal
        var player = helper.makeMockServerPlayerInLevel();
                           ^
C:\Users\enzop\curseforge\minecraft\Instances\mod cet\intoxicantes-mod\src\gametest\java\com\intoxicantes\CommerceGameTest.java:2498: warning: [removal] makeMockServerPlayerInLevel() in GameTestHelper has been deprecated and marked for removal
        var player = helper.makeMockServerPlayerInLevel();
                           ^
C:\Users\enzop\curseforge\minecraft\Instances\mod cet\intoxicantes-mod\src\gametest\java\com\intoxicantes\EletricidadeGameTest.java:137: warning: [removal] makeMockServerPlayerInLevel() in GameTestHelper has been deprecated and marked for removal
        var player = helper.makeMockServerPlayerInLevel();
                           ^
C:\Users\enzop\curseforge\minecraft\Instances\mod cet\intoxicantes-mod\src\gametest\java\com\intoxicantes\EletricidadeGameTest.java:437: warning: [removal] makeMockServerPlayerInLevel() in GameTestHelper has been deprecated and marked for removal
        var jogador = helper.makeMockServerPlayerInLevel();
                            ^
C:\Users\enzop\curseforge\minecraft\Instances\mod cet\intoxicantes-mod\src\gametest\java\com\intoxicantes\EletricidadeGameTest.java:631: warning: [removal] makeMockServerPlayerInLevel() in GameTestHelper has been deprecated and marked for removal
        var player=h.makeMockServerPlayerInLevel();
                    ^
C:\Users\enzop\curseforge\minecraft\Instances\mod cet\intoxicantes-mod\src\gametest\java\com\intoxicantes\EletricidadeGameTest.java:653: warning: [removal] makeMockServerPlayerInLevel() in GameTestHelper has been deprecated and marked for removal
        var player = h.makeMockServerPlayerInLevel();
                      ^
C:\Users\enzop\curseforge\minecraft\Instances\mod cet\intoxicantes-mod\src\gametest\java\com\intoxicantes\EletricidadeGameTest.java:736: warning: [removal] makeMockServerPlayerInLevel() in GameTestHelper has been deprecated and marked for removal
        var player = h.makeMockServerPlayerInLevel();
                      ^
C:\Users\enzop\curseforge\minecraft\Instances\mod cet\intoxicantes-mod\src\gametest\java\com\intoxicantes\EletricidadeGameTest.java:930: warning: [removal] makeMockServerPlayerInLevel() in GameTestHelper has been deprecated and marked for removal
            var jogador = helper.makeMockServerPlayerInLevel();
                                ^
C:\Users\enzop\curseforge\minecraft\Instances\mod cet\intoxicantes-mod\src\gametest\java\com\intoxicantes\EletricidadeGameTest.java:991: warning: [removal] makeMockServerPlayerInLevel() in GameTestHelper has been deprecated and marked for removal
            var jogador = helper.makeMockServerPlayerInLevel();
                                ^
C:\Users\enzop\curseforge\minecraft\Instances\mod cet\intoxicantes-mod\src\gametest\java\com\intoxicantes\EletricidadeGameTest.java:1045: warning: [removal] makeMockServerPlayerInLevel() in GameTestHelper has been deprecated and marked for removal
        var player = h.makeMockServerPlayerInLevel();
                      ^
C:\Users\enzop\curseforge\minecraft\Instances\mod cet\intoxicantes-mod\src\gametest\java\com\intoxicantes\GuiaGameTest.java:162: warning: [removal] makeMockServerPlayerInLevel() in GameTestHelper has been deprecated and marked for removal
        ServerPlayer player = helper.makeMockServerPlayerInLevel();
                                    ^
C:\Users\enzop\curseforge\minecraft\Instances\mod cet\intoxicantes-mod\src\gametest\java\com\intoxicantes\GuiMaquinasGameTest.java:34: warning: [removal] makeMockServerPlayerInLevel() in GameTestHelper has been deprecated and marked for removal
        var player = helper.makeMockServerPlayerInLevel();
                           ^
C:\Users\enzop\curseforge\minecraft\Instances\mod cet\intoxicantes-mod\src\gametest\java\com\intoxicantes\GuiMaquinasGameTest.java:74: warning: [removal] makeMockServerPlayerInLevel() in GameTestHelper has been deprecated and marked for removal
        var player = helper.makeMockServerPlayerInLevel();
                           ^
C:\Users\enzop\curseforge\minecraft\Instances\mod cet\intoxicantes-mod\src\gametest\java\com\intoxicantes\GuiMaquinasGameTest.java:105: warning: [removal] makeMockServerPlayerInLevel() in GameTestHelper has been deprecated and marked for removal
        var player = helper.makeMockServerPlayerInLevel();
                           ^
C:\Users\enzop\curseforge\minecraft\Instances\mod cet\intoxicantes-mod\src\gametest\java\com\intoxicantes\GuiMaquinasGameTest.java:135: warning: [removal] makeMockServerPlayerInLevel() in GameTestHelper has been deprecated and marked for removal
        var player = helper.makeMockServerPlayerInLevel();
                           ^
C:\Users\enzop\curseforge\minecraft\Instances\mod cet\intoxicantes-mod\src\gametest\java\com\intoxicantes\GuiMaquinasGameTest.java:155: warning: [removal] makeMockServerPlayerInLevel() in GameTestHelper has been deprecated and marked for removal
        var player = helper.makeMockServerPlayerInLevel();
                           ^
C:\Users\enzop\curseforge\minecraft\Instances\mod cet\intoxicantes-mod\src\gametest\java\com\intoxicantes\GuiMaquinasGameTest.java:181: warning: [removal] makeMockServerPlayerInLevel() in GameTestHelper has been deprecated and marked for removal
        var player = helper.makeMockServerPlayerInLevel();
                           ^
C:\Users\enzop\curseforge\minecraft\Instances\mod cet\intoxicantes-mod\src\gametest\java\com\intoxicantes\GuiMaquinasGameTest.java:246: warning: [removal] makeMockServerPlayerInLevel() in GameTestHelper has been deprecated and marked for removal
        var player = helper.makeMockServerPlayerInLevel();
                           ^
C:\Users\enzop\curseforge\minecraft\Instances\mod cet\intoxicantes-mod\src\gametest\java\com\intoxicantes\GuiMaquinasGameTest.java:320: warning: [removal] makeMockServerPlayerInLevel() in GameTestHelper has been deprecated and marked for removal
        var player = helper.makeMockServerPlayerInLevel();
                           ^
C:\Users\enzop\curseforge\minecraft\Instances\mod cet\intoxicantes-mod\src\gametest\java\com\intoxicantes\GuiMaquinasGameTest.java:335: warning: [removal] makeMockServerPlayerInLevel() in GameTestHelper has been deprecated and marked for removal
        var player = helper.makeMockServerPlayerInLevel();
                           ^
C:\Users\enzop\curseforge\minecraft\Instances\mod cet\intoxicantes-mod\src\gametest\java\com\intoxicantes\LedPotenciaGameTest.java:79: warning: [removal] makeMockServerPlayerInLevel() in GameTestHelper has been deprecated and marked for removal
        var player = helper.makeMockServerPlayerInLevel();
                           ^
C:\Users\enzop\curseforge\minecraft\Instances\mod cet\intoxicantes-mod\src\gametest\java\com\intoxicantes\LedPotenciaGameTest.java:116: warning: [removal] makeMockServerPlayerInLevel() in GameTestHelper has been deprecated and marked for removal
        var player = helper.makeMockServerPlayerInLevel();
                           ^
C:\Users\enzop\curseforge\minecraft\Instances\mod cet\intoxicantes-mod\src\gametest\java\com\intoxicantes\ParreiraGameTest.java:77: warning: [removal] makeMockServerPlayerInLevel() in GameTestHelper has been deprecated and marked for removal
        ServerPlayer player = helper.makeMockServerPlayerInLevel();
                                    ^
C:\Users\enzop\curseforge\minecraft\Instances\mod cet\intoxicantes-mod\src\gametest\java\com\intoxicantes\PeruGameTest.java:55: warning: [removal] makeMockServerPlayerInLevel() in GameTestHelper has been deprecated and marked for removal
        var jogador = helper.makeMockServerPlayerInLevel();
                            ^
C:\Users\enzop\curseforge\minecraft\Instances\mod cet\intoxicantes-mod\src\gametest\java\com\intoxicantes\PrateleiraGameTest.java:106: warning: [removal] makeMockServerPlayerInLevel() in GameTestHelper has been deprecated and marked for removal
        ServerPlayer player = helper.makeMockServerPlayerInLevel();
                                    ^
C:\Users\enzop\curseforge\minecraft\Instances\mod cet\intoxicantes-mod\src\gametest\java\com\intoxicantes\PrateleiraGameTest.java:296: warning: [removal] makeMockServerPlayerInLevel() in GameTestHelper has been deprecated and marked for removal
        var player = helper.makeMockServerPlayerInLevel();
                           ^
C:\Users\enzop\curseforge\minecraft\Instances\mod cet\intoxicantes-mod\src\gametest\java\com\intoxicantes\PrateleiraGameTest.java:476: warning: [removal] makeMockServerPlayerInLevel() in GameTestHelper has been deprecated and marked for removal
        ServerPlayer player = helper.makeMockServerPlayerInLevel();
                                    ^
C:\Users\enzop\curseforge\minecraft\Instances\mod cet\intoxicantes-mod\src\gametest\java\com\intoxicantes\PrateleiraGameTest.java:583: warning: [removal] makeMockServerPlayerInLevel() in GameTestHelper has been deprecated and marked for removal
        ServerPlayer player = helper.makeMockServerPlayerInLevel();
                                    ^
C:\Users\enzop\curseforge\minecraft\Instances\mod cet\intoxicantes-mod\src\gametest\java\com\intoxicantes\SaudeGameTest.java:30: warning: [removal] makeMockServerPlayerInLevel() in GameTestHelper has been deprecated and marked for removal
        ServerPlayer player = helper.makeMockServerPlayerInLevel();
                                    ^
C:\Users\enzop\curseforge\minecraft\Instances\mod cet\intoxicantes-mod\src\gametest\java\com\intoxicantes\SaudeGameTest.java:58: warning: [removal] makeMockServerPlayerInLevel() in GameTestHelper has been deprecated and marked for removal
        ServerPlayer player = helper.makeMockServerPlayerInLevel();
                                    ^
C:\Users\enzop\curseforge\minecraft\Instances\mod cet\intoxicantes-mod\src\gametest\java\com\intoxicantes\SaudeGameTest.java:80: warning: [removal] makeMockServerPlayerInLevel() in GameTestHelper has been deprecated and marked for removal
        ServerPlayer player = helper.makeMockServerPlayerInLevel();
                                    ^
C:\Users\enzop\curseforge\minecraft\Instances\mod cet\intoxicantes-mod\src\gametest\java\com\intoxicantes\SaudeGameTest.java:107: warning: [removal] makeMockServerPlayerInLevel() in GameTestHelper has been deprecated and marked for removal
        ServerPlayer player = helper.makeMockServerPlayerInLevel();
                                    ^
C:\Users\enzop\curseforge\minecraft\Instances\mod cet\intoxicantes-mod\src\gametest\java\com\intoxicantes\SaudeGameTest.java:143: warning: [removal] makeMockServerPlayerInLevel() in GameTestHelper has been deprecated and marked for removal
        ServerPlayer player = helper.makeMockServerPlayerInLevel();
                                    ^
C:\Users\enzop\curseforge\minecraft\Instances\mod cet\intoxicantes-mod\src\gametest\java\com\intoxicantes\SaudeGameTest.java:169: warning: [removal] makeMockServerPlayerInLevel() in GameTestHelper has been deprecated and marked for removal
        ServerPlayer player = helper.makeMockServerPlayerInLevel();
                                    ^
C:\Users\enzop\curseforge\minecraft\Instances\mod cet\intoxicantes-mod\src\gametest\java\com\intoxicantes\SaudeGameTest.java:201: warning: [removal] makeMockServerPlayerInLevel() in GameTestHelper has been deprecated and marked for removal
        ServerPlayer player = helper.makeMockServerPlayerInLevel();
                                    ^
C:\Users\enzop\curseforge\minecraft\Instances\mod cet\intoxicantes-mod\src\gametest\java\com\intoxicantes\SaudeGameTest.java:227: warning: [removal] makeMockServerPlayerInLevel() in GameTestHelper has been deprecated and marked for removal
        ServerPlayer player = helper.makeMockServerPlayerInLevel();
                                    ^
C:\Users\enzop\curseforge\minecraft\Instances\mod cet\intoxicantes-mod\src\gametest\java\com\intoxicantes\SaudeGameTest.java:253: warning: [removal] makeMockServerPlayerInLevel() in GameTestHelper has been deprecated and marked for removal
        ServerPlayer player = helper.makeMockServerPlayerInLevel();
                                    ^
C:\Users\enzop\curseforge\minecraft\Instances\mod cet\intoxicantes-mod\src\gametest\java\com\intoxicantes\SaudeGameTest.java:285: warning: [removal] makeMockServerPlayerInLevel() in GameTestHelper has been deprecated and marked for removal
        ServerPlayer player = helper.makeMockServerPlayerInLevel();
                                    ^
Note: Some input files use or override a deprecated API.
Note: Recompile with -Xlint:deprecation for details.
58 warnings

> Task :generateLog4jConfig UP-TO-DATE
> Task :generateDLIConfig UP-TO-DATE
> Task :configureLaunch UP-TO-DATE
> Task :processGametestResources
> Task :gametestClasses

> Task :runGameTest
[05:50:13] [main/INFO] (FabricLoader/GameProvider) Loading Minecraft 26.3 with Fabric Loader 0.19.5
[05:50:13] [main/INFO] (FabricLoader/Mappings) Mappings not present!
[05:50:14] [main/INFO] (FabricLoader) Loading 44 mods:
	- fabric-api 0.160.7+26.3
	- fabric-api-base 2.0.6+fcdff87f5d
	- fabric-api-lookup-api-v1 2.0.24+3434d6d95d
	- fabric-biome-api-v1 20.0.9+74ed1ea55d
	- fabric-block-api-v1 3.1.0+0ae6f9115d
	- fabric-block-getter-api-v2 2.0.9+3434d6d95d
	- fabric-command-api-v2 3.1.2+fcdff87f5d
	- fabric-content-registries-v0 15.0.4+74ed1ea55d
	- fabric-convention-tags-v2 4.10.2+5a4e5fc65d
	- fabric-crash-report-info-v1 1.0.7+fcdff87f5d
	- fabric-creative-tab-api-v1 5.0.21+fcdff87f5d
	- fabric-data-attachment-api-v1 2.2.30+3434d6d95d
	- fabric-data-generation-api-v1 27.2.3+64902b845d
	- fabric-debug-api-v1 1.0.4+3434d6d95d
	- fabric-dimensions-v1 5.1.19+47f74c985d
	- fabric-entity-events-v1 6.0.4+3434d6d95d
	- fabric-events-interaction-v0 5.3.6+3434d6d95d
	- fabric-game-rule-api-v1 4.0.10+3434d6d95d
	- fabric-gametest-api-v1 4.0.32+3434d6d95d
	- fabric-item-api-v1 14.7.0+cf6bc2db5d
	- fabric-lifecycle-events-v1 4.1.9+ffef5f675d
	- fabric-loot-api-v3 4.0.8+4068fd645d
	- fabric-menu-api-v1 2.0.27+ed66f0a35d
	- fabric-message-api-v1 7.0.10+3434d6d95d
	- fabric-networking-api-v1 6.3.8+fcdff87f5d
	- fabric-object-builder-api-v1 24.1.9+3434d6d95d
	- fabric-particles-v1 5.0.24+3434d6d95d
	- fabric-permission-api-v1 1.0.8+fcdff87f5d
	- fabric-recipe-api-v1 10.0.8+fcdff87f5d
	- fabric-registry-sync-v0 8.0.1+fcdff87f5d
	- fabric-rendering-fluids-v1 6.0.6+3434d6d95d
	- fabric-resource-conditions-api-v1 6.1.5+3434d6d95d
	- fabric-resource-loader-v0 3.3.26+4fc5413f5d
	- fabric-resource-loader-v1 3.0.4+fcdff87f5d
	- fabric-serialization-api-v1 2.0.7+74ed1ea55d
	- fabric-tag-api-v1 2.1.10+fcdff87f5d
	- fabric-transfer-api-v1 8.0.25+fcdff87f5d
	- fabric-transitive-access-wideners-v1 8.1.16+52268a0e5d
	- fabricloader 0.19.5
	- intoxicantes 1.2.81
	- intoxicantes-commerce-tests 1.0.0
	- java 25
	- minecraft 26.3
	- mixinextras 0.5.5
[05:50:14] [main/INFO] (FabricLoader/Mixin) SpongePowered MIXIN Subsystem Version=0.8.7 Source=file:/C:/Users/enzop/.gradle/caches/modules-2/files-2.1/net.fabricmc/sponge-mixin/0.17.4+mixin.0.8.7/5f66cc9f59b8efaa942155a3d5a30599bf6640dd/sponge-mixin-0.17.4+mixin.0.8.7.jar Service=Knot/Fabric Env=SERVER
[05:50:15] [main/INFO] (FabricLoader/MixinExtras|Service) Initializing MixinExtras via com.llamalad7.mixinextras.service.MixinExtrasServiceImpl(version=0.5.5).
[05:50:30] [main/INFO] (intoxicantes) [Intoxicantes] Plantacoes, bebidas, NPCs, substancias e a economia R$ registradas. Boa esquina!
[05:50:30] [main/INFO] (Minecraft) Environment: Environment[discoveryUrl=https://discovery.minecraftservices.com/minecraft/client, name=PROD]
[05:50:31] [main/INFO] (FabricGameTestRunner) Starting test server
[05:50:34] [Worker-Main-5/WARN] (Minecraft) Found loot table element validation problem in {intoxicantes:blocks/coqueiro_folhas@minecraft:loot_table}.pools[0].entries[0]: Unreachable entry!
[05:50:36] [Worker-Main-4/INFO] (Minecraft) Loaded 1877 advancements
[05:50:36] [main/ERROR] (Minecraft) Failed to parse saved data for 'SavedDataType[minecraft:game_rules]': Unknown registry key in ResourceKey[minecraft:root / minecraft:game_rule]: snc_energies:snc_mercadao_retrogen; Unknown registry key in ResourceKey[minecraft:root / minecraft:game_rule]: snc_energies:snc_mercadao_retrogen missed input: {"snc_energies:snc_mercadao_retrogen":0b}
[05:50:36] [main/INFO] (BiomeModificationImpl) Applied 23 biome modifications to 18 of 67 new biomes in 20.58 ms
[05:50:36] [Server thread/INFO] (intoxicantes) [Intoxicantes] Sistema de dinheiro R$ e Mercado Esquinao inicializados.
[05:50:37] [Server thread/INFO] (Minecraft) Selecting global world spawn...
[05:50:37] [Server thread/INFO] (Minecraft) Loading 0 persistent chunks...
[05:50:37] [Server thread/INFO] (Minecraft) Preparing spawn area: 100%
[05:50:37] [Server thread/INFO] (Minecraft) Time elapsed: 370 ms
[05:50:37] [Server thread/INFO] (Minecraft) Will run tests matching intoxicantes-commerce-tests:eletricidade_game_test_* (38 tests)
[05:50:37] [Server thread/INFO] (Minecraft) Started game test server
[05:50:37] [Server thread/INFO] (Minecraft) 38 tests are now running at position -7460155, 4, 7606080!
[05:50:40] [Server thread/INFO] (Minecraft) Running test environment 'minecraft:default' batch 0 (38 tests)...
[05:50:40] [Server thread/WARN] (Minecraft) Can't keep up! Is the server overloaded? Running 3437ms or 68 ticks behind
[05:50:40] [Server thread/INFO] (intoxicantes) [Eletricidade] SNC Energies ausente: instalação elétrica sem fonte de energia (integração opcional)
[05:50:41] [Server thread/INFO] (Minecraft) test-mock-player[embedded] logged in with entity id 1 at (0.0, 0.0, 0.0)
[05:50:41] [Server thread/INFO] (Minecraft) System chat: test-mock-player joined the game
[05:50:42] [Server thread/INFO] (Minecraft) test-mock-player[embedded] logged in with entity id 2 at (0.0, 0.0, 0.0)
[05:50:42] [Server thread/INFO] (Minecraft) System chat: test-mock-player joined the game
[05:50:42] [Server thread/INFO] (Minecraft) test-mock-player[embedded] logged in with entity id 3 at (0.0, 0.0, 0.0)
[05:50:42] [Server thread/INFO] (Minecraft) System chat: test-mock-player joined the game
[05:50:42] [Server thread/INFO] (Minecraft) test-mock-player[embedded] logged in with entity id 4 at (0.0, 0.0, 0.0)
[05:50:42] [Server thread/INFO] (Minecraft) System chat: test-mock-player joined the game
[05:50:42] [Server thread/INFO] (Minecraft) test-mock-player[embedded] logged in with entity id 11 at (0.0, 0.0, 0.0)
[05:50:42] [Server thread/INFO] (Minecraft) System chat: test-mock-player joined the game
[05:50:42] [Server thread/INFO] (Minecraft) test-mock-player[embedded] logged in with entity id 12 at (0.0, 0.0, 0.0)
[05:50:42] [Server thread/INFO] (Minecraft) System chat: test-mock-player joined the game
[05:50:42] [Server thread/INFO] (Minecraft) test-mock-player[embedded] logged in with entity id 25 at (0.0, 0.0, 0.0)
[05:50:42] [Server thread/INFO] (Minecraft) System chat: test-mock-player joined the game
[05:50:42] [Server thread/INFO] (Minecraft) test-mock-player[embedded] logged in with entity id 91 at (0.0, 0.0, 0.0)
[05:50:42] [Server thread/INFO] (Minecraft) System chat: test-mock-player joined the game
[05:50:42] [Server thread/INFO] (Minecraft) [++++++++++++++++++++++++++++++++++++++]
[05:50:42] [Server thread/INFO] (Minecraft) ========= 38 GAME TESTS COMPLETE IN 5.457 s ======================
[05:50:42] [Server thread/INFO] (Minecraft) All 38 required tests passed :)
[05:50:42] [Server thread/INFO] (Minecraft) ====================================================
[05:50:42] [Server thread/INFO] (Minecraft) Stopping server
[05:50:42] [Server thread/INFO] (Minecraft) Saving players
[05:50:43] [Server thread/INFO] (Minecraft) test-mock-player lost connection: Server closed
[05:50:43] [Server thread/INFO] (Minecraft) System chat: test-mock-player left the game
[05:50:43] [Server thread/INFO] (Minecraft) test-mock-player lost connection: Server closed
[05:50:43] [Server thread/INFO] (Minecraft) System chat: test-mock-player left the game
[05:50:43] [Server thread/INFO] (Minecraft) test-mock-player lost connection: Server closed
[05:50:43] [Server thread/INFO] (Minecraft) System chat: test-mock-player left the game
[05:50:43] [Server thread/INFO] (Minecraft) test-mock-player lost connection: Server closed
[05:50:43] [Server thread/INFO] (Minecraft) System chat: test-mock-player left the game
[05:50:43] [Server thread/INFO] (Minecraft) Saving worlds
[05:50:44] [Server thread/INFO] (Minecraft) Saving chunks for level 'ServerLevel[Test Level]'/minecraft:overworld
[05:50:45] [Server thread/INFO] (Minecraft) Saving chunks for level 'ServerLevel[Test Level]'/minecraft:the_end
[05:50:45] [Server thread/INFO] (Minecraft) Saving chunks for level 'ServerLevel[Test Level]'/minecraft:the_nether
[05:50:45] [Server thread/INFO] (Minecraft) Game test server shutting down

[Incubating] Problems report is available at: file:///C:/Users/enzop/curseforge/minecraft/Instances/mod%20cet/intoxicantes-mod/build/reports/problems/problems-report.html

BUILD SUCCESSFUL in 40s
7 actionable tasks: 3 executed, 4 up-to-date
Consider enabling configuration cache to speed up this build: https://docs.gradle.org/9.7.1/userguide/configuration_cache_enabling.html
