WARNING: A restricted method in java.lang.System has been called
WARNING: java.lang.System::load has been called by net.rubygrapefruit.platform.internal.NativeLibraryLoader in an unnamed module (file:/C:/Users/enzop/.gradle/wrapper/dists/gradle-9.7.1-bin/1w1c7tv4s851m17nbqdsro2tv/gradle-9.7.1/lib/native-platform-0.22-milestone-29.jar)
WARNING: Use --enable-native-access=ALL-UNNAMED to avoid a warning for callers in this module
WARNING: Restricted methods will be blocked in a future release unless native access is enabled


> Configure project :
Fabric Loom: 1.18.2

> Task :compileJava UP-TO-DATE
> Task :processResources UP-TO-DATE
> Task :classes UP-TO-DATE
> Task :compileGametestJava UP-TO-DATE
> Task :generateLog4jConfig UP-TO-DATE
> Task :generateDLIConfig UP-TO-DATE
> Task :configureLaunch UP-TO-DATE
> Task :processGametestResources UP-TO-DATE
> Task :gametestClasses UP-TO-DATE

> Task :runGameTest
[05:14:53] [main/INFO] (FabricLoader/GameProvider) Loading Minecraft 26.3 with Fabric Loader 0.19.5
[05:14:53] [main/INFO] (FabricLoader/Mappings) Mappings not present!
[05:14:53] [main/INFO] (FabricLoader) Loading 45 mods:
	- fabric-api 0.160.7+26.3
	- fabric-api-base 2.0.6+fcdff87f5d
	- fabric-api-lookup-api-v1 2.0.24+3434d6d95d
	- fabric-biome-api-v1 20.0.9+74ed1ea55d
	- fabric-block-api-v1 3.1.0+0ae6f9115d
	- fabric-block-getter-api-v2 2.0.9+3434d6d95d
	- fabric-command-api-v2 3.1.2+fcdff87f5d
	- fabric-content-registries-v0 15.0.4+74ed1ea55d
	- fabric-convention-tags-v2 4.10.2+5a4e5fc65d
	- fabric-crash-report-info-v1 1.0.7+fcdff87f5d
	- fabric-creative-tab-api-v1 5.0.21+fcdff87f5d
	- fabric-data-attachment-api-v1 2.2.30+3434d6d95d
	- fabric-data-generation-api-v1 27.2.3+64902b845d
	- fabric-debug-api-v1 1.0.4+3434d6d95d
	- fabric-dimensions-v1 5.1.19+47f74c985d
	- fabric-entity-events-v1 6.0.4+3434d6d95d
	- fabric-events-interaction-v0 5.3.6+3434d6d95d
	- fabric-game-rule-api-v1 4.0.10+3434d6d95d
	- fabric-gametest-api-v1 4.0.32+3434d6d95d
	- fabric-item-api-v1 14.7.0+cf6bc2db5d
	- fabric-lifecycle-events-v1 4.1.9+ffef5f675d
	- fabric-loot-api-v3 4.0.8+4068fd645d
	- fabric-menu-api-v1 2.0.27+ed66f0a35d
	- fabric-message-api-v1 7.0.10+3434d6d95d
	- fabric-networking-api-v1 6.3.8+fcdff87f5d
	- fabric-object-builder-api-v1 24.1.9+3434d6d95d
	- fabric-particles-v1 5.0.24+3434d6d95d
	- fabric-permission-api-v1 1.0.8+fcdff87f5d
	- fabric-recipe-api-v1 10.0.8+fcdff87f5d
	- fabric-registry-sync-v0 8.0.1+fcdff87f5d
	- fabric-rendering-fluids-v1 6.0.6+3434d6d95d
	- fabric-resource-conditions-api-v1 6.1.5+3434d6d95d
	- fabric-resource-loader-v0 3.3.26+4fc5413f5d
	- fabric-resource-loader-v1 3.0.4+fcdff87f5d
	- fabric-serialization-api-v1 2.0.7+74ed1ea55d
	- fabric-tag-api-v1 2.1.10+fcdff87f5d
	- fabric-transfer-api-v1 8.0.25+fcdff87f5d
	- fabric-transitive-access-wideners-v1 8.1.16+52268a0e5d
	- fabricloader 0.19.5
	- intoxicantes 1.2.81
	- intoxicantes-commerce-tests 1.0.0
	- java 25
	- minecraft 26.3
	- mixinextras 0.5.5
	- snc_energies 0.8.0
[05:14:53] [main/INFO] (FabricLoader/Mixin) SpongePowered MIXIN Subsystem Version=0.8.7 Source=file:/C:/Users/enzop/.gradle/caches/modules-2/files-2.1/net.fabricmc/sponge-mixin/0.17.4+mixin.0.8.7/5f66cc9f59b8efaa942155a3d5a30599bf6640dd/sponge-mixin-0.17.4+mixin.0.8.7.jar Service=Knot/Fabric Env=SERVER
[05:14:55] [main/INFO] (FabricLoader/MixinExtras|Service) Initializing MixinExtras via com.llamalad7.mixinextras.service.MixinExtrasServiceImpl(version=0.5.5).
[05:15:11] [main/INFO] (intoxicantes) [Intoxicantes] Plantacoes, bebidas, NPCs, substancias e a economia R$ registradas. Boa esquina!
[05:15:12] [main/INFO] (SNC Energies) SNC Energies blocks constructed
[05:15:12] [main/INFO] (SNC Energies) SNC Energies block entities registered
[05:15:12] [main/INFO] (SNC Energies) SNC Energies entities registered
[05:15:12] [main/INFO] (SNC Energies) SNC Energies items registered
[05:15:12] [main/INFO] (SNC Energies) SNC Energies menus registered
[05:15:12] [main/INFO] (SNC Energies) SNC Energies recipes ready
[05:15:12] [main/INFO] (SNC Energies) SNC Energies mercadao retrogen registered
[05:15:12] [main/INFO] (SNC Energies) SNC Adventures 1.2.81 detected; optional biomass integration enabled
[05:15:12] [main/INFO] (SNC Energies) SNC Energies initialized: the grid is live!
[05:15:13] [main/INFO] (Minecraft) Environment: Environment[discoveryUrl=https://discovery.minecraftservices.com/minecraft/client, name=PROD]
[05:15:13] [main/INFO] (FabricGameTestRunner) Starting test server
[05:15:17] [Worker-Main-5/WARN] (Minecraft) Found loot table element validation problem in {intoxicantes:blocks/coqueiro_folhas@minecraft:loot_table}.pools[0].entries[0]: Unreachable entry!
[05:15:17] [Worker-Main-3/INFO] (Minecraft) Loaded 1877 advancements
[05:15:18] [main/INFO] (BiomeModificationImpl) Applied 25 biome modifications to 19 of 67 new biomes in 14.73 ms
[05:15:18] [Server thread/INFO] (intoxicantes) [Intoxicantes] Sistema de dinheiro R$ e Mercado Esquinao inicializados.
[05:15:18] [Server thread/INFO] (Minecraft) Selecting global world spawn...
[05:15:19] [Server thread/INFO] (Minecraft) Loading 0 persistent chunks...
[05:15:19] [Server thread/INFO] (Minecraft) Preparing spawn area: 100%
[05:15:19] [Server thread/INFO] (Minecraft) Time elapsed: 361 ms
[05:15:19] [Server thread/INFO] (Minecraft) Started game test server
[05:15:20] [Server thread/INFO] (Minecraft) 188 tests are now running at position 10997709, 4, 3267353!
[05:15:24] [Server thread/INFO] (Minecraft) Running test environment 'minecraft:default' batch 0 (50 tests)...
[05:15:24] [Server thread/WARN] (Minecraft) Can't keep up! Is the server overloaded? Running 4990ms or 99 ticks behind
[05:15:24] [Server thread/INFO] (Minecraft) test-mock-player[embedded] logged in with entity id 2 at (0.0, 0.0, 0.0)
[05:15:25] [Server thread/INFO] (Minecraft) System chat: test-mock-player joined the game
[05:15:25] [Server thread/INFO] (Minecraft) test-mock-player[embedded] logged in with entity id 3 at (0.0, 0.0, 0.0)
[05:15:25] [Server thread/INFO] (Minecraft) System chat: test-mock-player joined the game
[05:15:25] [Server thread/INFO] (Minecraft) test-mock-player[embedded] logged in with entity id 5 at (0.0, 0.0, 0.0)
[05:15:25] [Server thread/INFO] (Minecraft) System chat: test-mock-player joined the game
[05:15:25] [Server thread/INFO] (Minecraft) vitima-teste[embedded] logged in with entity id 7 at (0.0, 0.0, 0.0)
[05:15:25] [Server thread/INFO] (Minecraft) System chat: vitima-teste joined the game
[05:15:25] [Server thread/INFO] (Minecraft) test-mock-player[embedded] logged in with entity id 9 at (0.0, 0.0, 0.0)
[05:15:25] [Server thread/INFO] (Minecraft) System chat: test-mock-player joined the game
[05:15:25] [Server thread/INFO] (intoxicantes) [Market] Posicao do Mercado carregada: 0, -64, 0
[05:15:25] [Server thread/INFO] (Minecraft) test-mock-player[embedded] logged in with entity id 10 at (0.0, 0.0, 0.0)
[05:15:25] [Server thread/INFO] (Minecraft) System chat: test-mock-player joined the game
[05:15:25] [Server thread/INFO] (Minecraft) vitima-teste[embedded] logged in with entity id 11 at (0.0, 0.0, 0.0)
[05:15:25] [Server thread/INFO] (Minecraft) System chat: vitima-teste joined the game
[05:15:25] [Server thread/INFO] (intoxicantes) [Revolver] tiro .38: alvo=Traficante dist=1.7438753 (ads=false)
[05:15:25] [Server thread/INFO] (intoxicantes) [Revolver] tiro .38: alvo=Traficante dist=1.7437185 (ads=false)
[05:15:25] [Server thread/INFO] (intoxicantes) [Revolver] tiro .38: alvo=Traficante dist=1.7434067 (ads=false)
[05:15:25] [Server thread/INFO] (Minecraft) vitima-teste[embedded] logged in with entity id 14 at (0.0, 0.0, 0.0)
[05:15:25] [Server thread/INFO] (Minecraft) System chat: vitima-teste joined the game
[05:15:25] [Server thread/INFO] (Minecraft) test-mock-player[embedded] logged in with entity id 16 at (0.0, 0.0, 0.0)
[05:15:25] [Server thread/INFO] (Minecraft) System chat: test-mock-player joined the game
[05:15:25] [Server thread/INFO] (Minecraft) vitima-teste[embedded] logged in with entity id 17 at (0.0, 0.0, 0.0)
[05:15:25] [Server thread/INFO] (Minecraft) System chat: vitima-teste joined the game
[05:15:25] [Server thread/INFO] (Minecraft) test-mock-player[embedded] logged in with entity id 18 at (0.0, 0.0, 0.0)
[05:15:25] [Server thread/INFO] (Minecraft) System chat: test-mock-player joined the game
[05:15:25] [Server thread/INFO] (Minecraft) test-mock-player[embedded] logged in with entity id 22 at (0.0, 0.0, 0.0)
[05:15:25] [Server thread/INFO] (Minecraft) System chat: test-mock-player joined the game
[05:15:25] [Server thread/INFO] (Minecraft) System chat: test-mock-player has made the advancement [Village Cellar]
[05:15:25] [Server thread/INFO] (Minecraft) test-mock-player[embedded] logged in with entity id 24 at (0.0, 0.0, 0.0)
[05:15:25] [Server thread/INFO] (Minecraft) System chat: test-mock-player joined the game
[05:15:26] [Server thread/ERROR] (intoxicantes) [SNC Adventures] Saldo não foi salvo; alteração cancelada

java.nio.file.AccessDeniedException: .\world\.\intoxicantes_money.json.pending -> .\world\.\intoxicantes_money.json
	at java.base/sun.nio.fs.WindowsException.translateToIOException(WindowsException.java:89)
	at java.base/sun.nio.fs.WindowsException.rethrowAsIOException(WindowsException.java:103)
	at java.base/sun.nio.fs.WindowsFileCopy.move(WindowsFileCopy.java:310)
	at java.base/sun.nio.fs.WindowsFileSystemProvider.move(WindowsFileSystemProvider.java:287)
	at java.base/java.nio.file.Files.move(Files.java:1319)
	at knot//com.intoxicantes.PlayerMoney.gravarAtomico(PlayerMoney.java:212)
	at knot//com.intoxicantes.PlayerMoney$Livro.salvar(PlayerMoney.java:176)
	at knot//com.intoxicantes.PlayerMoney$Livro.set(PlayerMoney.java:131)
	at knot//com.intoxicantes.PlayerMoney.set(PlayerMoney.java:40)
	at knot//com.intoxicantes.PlayerMoney.add(PlayerMoney.java:43)
	at knot//com.intoxicantes.MarketTransactions.trade(MarketTransactions.java:36)
	at knot//com.intoxicantes.CommerceGameTest.beverageIngredientsPayCorrectBatchesWithoutResaleProfit(CommerceGameTest.java:139)
	at java.base/jdk.internal.reflect.DirectMethodHandleAccessor.invoke(DirectMethodHandleAccessor.java:104)
	at java.base/java.lang.reflect.Method.invoke(Method.java:565)
	at knot//net.fabricmc.fabric.impl.gametest.TestAnnotationLocator$TestMethod.lambda$testFunction$0(TestAnnotationLocator.java:144)
	at knot//net.minecraft.gametest.framework.FunctionGameTestInstance.run(FunctionGameTestInstance.java:32)
	at knot//net.minecraft.gametest.framework.GameTestInfo.startTest(GameTestInfo.java:177)
	at knot//net.minecraft.gametest.framework.GameTestInfo.tickInternal(GameTestInfo.java:137)
	at knot//net.minecraft.gametest.framework.GameTestInfo.tick(GameTestInfo.java:120)
	at knot//net.minecraft.gametest.framework.GameTestTicker.lambda$tick$0(GameTestTicker.java:56)
	at java.base/java.util.concurrent.CopyOnWriteArrayList.forEach(CopyOnWriteArrayList.java:905)
	at knot//net.minecraft.gametest.framework.GameTestTicker.tick(GameTestTicker.java:56)
	at knot//net.minecraft.server.MinecraftServer.tickChildren(MinecraftServer.java:1135)
	at knot//net.minecraft.server.MinecraftServer.tickServer(MinecraftServer.java:980)
	at knot//net.minecraft.gametest.framework.GameTestServer.tickServer(GameTestServer.java:227)
	at knot//net.minecraft.server.MinecraftServer.processPacketsAndTick(MinecraftServer.java:1013)
	at knot//net.minecraft.server.MinecraftServer.runServer(MinecraftServer.java:752)
	at knot//net.minecraft.server.MinecraftServer.lambda$spin$0(MinecraftServer.java:310)
	at java.base/java.lang.Thread.run(Thread.java:1474)
[05:15:26] [Server thread/ERROR] (TestAnnotationLocator) Failed to invoke test method

java.lang.reflect.InvocationTargetException
	at java.base/jdk.internal.reflect.DirectMethodHandleAccessor.invoke(DirectMethodHandleAccessor.java:119)
	at java.base/java.lang.reflect.Method.invoke(Method.java:565)
	at knot//net.fabricmc.fabric.impl.gametest.TestAnnotationLocator$TestMethod.lambda$testFunction$0(TestAnnotationLocator.java:144)
	at knot//net.minecraft.gametest.framework.FunctionGameTestInstance.run(FunctionGameTestInstance.java:32)
	at knot//net.minecraft.gametest.framework.GameTestInfo.startTest(GameTestInfo.java:177)
	at knot//net.minecraft.gametest.framework.GameTestInfo.tickInternal(GameTestInfo.java:137)
	at knot//net.minecraft.gametest.framework.GameTestInfo.tick(GameTestInfo.java:120)
	at knot//net.minecraft.gametest.framework.GameTestTicker.lambda$tick$0(GameTestTicker.java:56)
	at java.base/java.util.concurrent.CopyOnWriteArrayList.forEach(CopyOnWriteArrayList.java:905)
	at knot//net.minecraft.gametest.framework.GameTestTicker.tick(GameTestTicker.java:56)
	at knot//net.minecraft.server.MinecraftServer.tickChildren(MinecraftServer.java:1135)
	at knot//net.minecraft.server.MinecraftServer.tickServer(MinecraftServer.java:980)
	at knot//net.minecraft.gametest.framework.GameTestServer.tickServer(GameTestServer.java:227)
	at knot//net.minecraft.server.MinecraftServer.processPacketsAndTick(MinecraftServer.java:1013)
	at knot//net.minecraft.server.MinecraftServer.runServer(MinecraftServer.java:752)
	at knot//net.minecraft.server.MinecraftServer.lambda$spin$0(MinecraftServer.java:310)
	at java.base/java.lang.Thread.run(Thread.java:1474)
Caused by: java.lang.IllegalStateException: Não foi possível salvar o dinheiro
	at knot//com.intoxicantes.PlayerMoney$Livro.set(PlayerMoney.java:135)
	at knot//com.intoxicantes.PlayerMoney.set(PlayerMoney.java:40)
	at knot//com.intoxicantes.PlayerMoney.add(PlayerMoney.java:43)
	at knot//com.intoxicantes.MarketTransactions.trade(MarketTransactions.java:36)
	at knot//com.intoxicantes.CommerceGameTest.beverageIngredientsPayCorrectBatchesWithoutResaleProfit(CommerceGameTest.java:139)
	at java.base/jdk.internal.reflect.DirectMethodHandleAccessor.invoke(DirectMethodHandleAccessor.java:104)
	... 16 more
Caused by: java.nio.file.AccessDeniedException: .\world\.\intoxicantes_money.json.pending -> .\world\.\intoxicantes_money.json
	at java.base/sun.nio.fs.WindowsException.translateToIOException(WindowsException.java:89)
	at java.base/sun.nio.fs.WindowsException.rethrowAsIOException(WindowsException.java:103)
	at java.base/sun.nio.fs.WindowsFileCopy.move(WindowsFileCopy.java:310)
	at java.base/sun.nio.fs.WindowsFileSystemProvider.move(WindowsFileSystemProvider.java:287)
	at java.base/java.nio.file.Files.move(Files.java:1319)
	at knot//com.intoxicantes.PlayerMoney.gravarAtomico(PlayerMoney.java:212)
	at knot//com.intoxicantes.PlayerMoney$Livro.salvar(PlayerMoney.java:176)
	at knot//com.intoxicantes.PlayerMoney$Livro.set(PlayerMoney.java:131)
	... 21 more
[05:15:26] [Server thread/ERROR] (Minecraft) intoxicantes-commerce-tests:commerce_game_test_beverage_ingredients_pay_correct_batches_without_resale_profit failed at 10997769, 4, 3267404! Não foi possível salvar o dinheiro
[05:15:26] [Server thread/INFO] (Minecraft) vitima-teste[embedded] logged in with entity id 28 at (0.0, 0.0, 0.0)
[05:15:26] [Server thread/INFO] (Minecraft) System chat: vitima-teste joined the game
[05:15:26] [Server thread/INFO] (Minecraft) Named entity GagoEntity['Gago'/31, l='ServerLevel[Test Level]', x=10997805.50, y=8.00, z=3267355.50] died: Gago was killed
[05:15:26] [Server thread/INFO] (Minecraft) vitima-teste[embedded] logged in with entity id 32 at (0.0, 0.0, 0.0)
[05:15:26] [Server thread/INFO] (Minecraft) System chat: vitima-teste joined the game
[05:15:26] [Server thread/INFO] (intoxicantes) [Escopeta] tiro: 1 balim(s) em 1 vitima(s) (ads=false)
[05:15:26] [Server thread/INFO] (Minecraft) test-mock-player[embedded] logged in with entity id 34 at (0.0, 0.0, 0.0)
[05:15:26] [Server thread/INFO] (Minecraft) System chat: test-mock-player joined the game
[05:15:26] [Server thread/INFO] (Minecraft) vitima-teste[embedded] logged in with entity id 35 at (0.0, 0.0, 0.0)
[05:15:26] [Server thread/INFO] (Minecraft) System chat: vitima-teste joined the game
[05:15:26] [Server thread/INFO] (Minecraft) vitima-teste[embedded] logged in with entity id 36 at (0.0, 0.0, 0.0)
[05:15:26] [Server thread/INFO] (Minecraft) System chat: vitima-teste joined the game
[05:15:26] [Server thread/INFO] (Minecraft) test-mock-player[embedded] logged in with entity id 40 at (0.0, 0.0, 0.0)
[05:15:26] [Server thread/INFO] (Minecraft) System chat: test-mock-player joined the game
[05:15:26] [Server thread/ERROR] (TestAnnotationLocator) Failed to invoke test method

java.lang.reflect.InvocationTargetException
	at java.base/jdk.internal.reflect.DirectMethodHandleAccessor.invoke(DirectMethodHandleAccessor.java:119)
	at java.base/java.lang.reflect.Method.invoke(Method.java:565)
	at knot//net.fabricmc.fabric.impl.gametest.TestAnnotationLocator$TestMethod.lambda$testFunction$0(TestAnnotationLocator.java:144)
	at knot//net.minecraft.gametest.framework.FunctionGameTestInstance.run(FunctionGameTestInstance.java:32)
	at knot//net.minecraft.gametest.framework.GameTestInfo.startTest(GameTestInfo.java:177)
	at knot//net.minecraft.gametest.framework.GameTestInfo.tickInternal(GameTestInfo.java:137)
	at knot//net.minecraft.gametest.framework.GameTestInfo.tick(GameTestInfo.java:120)
	at knot//net.minecraft.gametest.framework.GameTestTicker.lambda$tick$0(GameTestTicker.java:56)
	at java.base/java.util.concurrent.CopyOnWriteArrayList.forEach(CopyOnWriteArrayList.java:905)
	at knot//net.minecraft.gametest.framework.GameTestTicker.tick(GameTestTicker.java:56)
	at knot//net.minecraft.server.MinecraftServer.tickChildren(MinecraftServer.java:1135)
	at knot//net.minecraft.server.MinecraftServer.tickServer(MinecraftServer.java:980)
	at knot//net.minecraft.gametest.framework.GameTestServer.tickServer(GameTestServer.java:227)
	at knot//net.minecraft.server.MinecraftServer.processPacketsAndTick(MinecraftServer.java:1013)
	at knot//net.minecraft.server.MinecraftServer.runServer(MinecraftServer.java:752)
	at knot//net.minecraft.server.MinecraftServer.lambda$spin$0(MinecraftServer.java:310)
	at java.base/java.lang.Thread.run(Thread.java:1474)
Caused by: java.lang.AssertionError: moneyMap inacessivel
	at knot//com.intoxicantes.CommerceGameTest.setSaldoTeste(CommerceGameTest.java:323)
	at knot//com.intoxicantes.CommerceGameTest.balanceSaturatesAtCeilingAndNeverGoesNegative(CommerceGameTest.java:331)
	at java.base/jdk.internal.reflect.DirectMethodHandleAccessor.invoke(DirectMethodHandleAccessor.java:104)
	... 16 more
Caused by: java.lang.NoSuchFieldException: moneyMap
	at java.base/java.lang.Class.getDeclaredField(Class.java:2382)
	at knot//com.intoxicantes.CommerceGameTest.setSaldoTeste(CommerceGameTest.java:317)
	... 18 more
[05:15:26] [Server thread/ERROR] (Minecraft) intoxicantes-commerce-tests:commerce_game_test_balance_saturates_at_ceiling_and_never_goes_negative failed at 10997709, 4, 3267421! Failed to invoke test method: null
[05:15:26] [Server thread/INFO] (Minecraft) test-mock-player[embedded] logged in with entity id 41 at (0.0, 0.0, 0.0)
[05:15:26] [Server thread/INFO] (Minecraft) System chat: test-mock-player joined the game
[05:15:26] [Server thread/INFO] (Minecraft) System chat: test-mock-player has reached the goal [Corner Regular]
[05:15:26] [Server thread/INFO] (Minecraft) System chat: test-mock-player has completed the challenge [Owner of the Corner]
[05:15:26] [Server thread/INFO] (Minecraft) test-mock-player[embedded] logged in with entity id 42 at (0.0, 0.0, 0.0)
[05:15:26] [Server thread/INFO] (Minecraft) System chat: test-mock-player joined the game
[05:15:26] [Server thread/INFO] (Minecraft) System chat: test-mock-player has made the advancement [Perfect Harvest]
[05:15:26] [Server thread/INFO] (Minecraft) test-mock-player[embedded] logged in with entity id 43 at (0.0, 0.0, 0.0)
[05:15:26] [Server thread/INFO] (Minecraft) System chat: test-mock-player joined the game
[05:15:26] [Server thread/INFO] (Minecraft) test-mock-player[embedded] logged in with entity id 44 at (0.0, 0.0, 0.0)
[05:15:26] [Server thread/INFO] (Minecraft) System chat: test-mock-player joined the game
[05:15:26] [Server thread/INFO] (Minecraft) vitima-teste[embedded] logged in with entity id 46 at (0.0, 0.0, 0.0)
[05:15:26] [Server thread/INFO] (Minecraft) System chat: vitima-teste joined the game
[05:15:26] [Server thread/INFO] (Minecraft) vitima-teste[embedded] logged in with entity id 47 at (0.0, 0.0, 0.0)
[05:15:26] [Server thread/INFO] (Minecraft) System chat: vitima-teste joined the game
[05:15:26] [Server thread/INFO] (Minecraft) vitima-teste[embedded] logged in with entity id 50 at (0.0, 0.0, 0.0)
[05:15:26] [Server thread/INFO] (Minecraft) System chat: vitima-teste joined the game
[05:15:26] [Server thread/INFO] (Minecraft) System chat: vitima-teste was slain by Gago
[05:15:26] [Server thread/INFO] (Minecraft) test-mock-player[embedded] logged in with entity id 52 at (0.0, 0.0, 0.0)
[05:15:26] [Server thread/INFO] (Minecraft) System chat: test-mock-player joined the game
[05:15:27] [Server thread/INFO] (Minecraft) test-mock-player[embedded] logged in with entity id 67 at (0.0, 0.0, 0.0)
[05:15:27] [Server thread/INFO] (Minecraft) System chat: test-mock-player joined the game
[05:15:27] [Server thread/INFO] (Minecraft) vitima-teste[embedded] logged in with entity id 68 at (0.0, 0.0, 0.0)
[05:15:27] [Server thread/INFO] (Minecraft) System chat: vitima-teste joined the game
[05:15:27] [Server thread/INFO] (Minecraft) test-mock-player[embedded] logged in with entity id 69 at (0.0, 0.0, 0.0)
[05:15:27] [Server thread/INFO] (Minecraft) System chat: test-mock-player joined the game
[05:15:27] [Server thread/INFO] (Minecraft) vitima-teste[embedded] logged in with entity id 70 at (0.0, 0.0, 0.0)
[05:15:27] [Server thread/INFO] (Minecraft) System chat: vitima-teste joined the game
[05:15:27] [Server thread/INFO] (Minecraft) [+++++++++_+++++_++_+++++++++X+++X+++++++++++++_+_+                                                                                                                                          ]
[05:15:27] [Server thread/INFO] (Minecraft) [+++++++++_+++++_++++++++++++X+++X+++++++++++++_+_+                                                                                                                                          ]
[05:15:27] [Server thread/INFO] (Minecraft) [+++++++++_+++++_++++++++++++X+++X+++++++++++++_+_+                                                                                                                                          ]
[05:15:27] [Server thread/INFO] (Minecraft) [+++++++++_+++++_++++++++++++X+++X+++++++++++++_+_+                                                                                                                                          ]
[05:15:27] [Server thread/INFO] (Minecraft) [+++++++++_+++++_++++++++++++X+++X+++++++++++++_+_+                                                                                                                                          ]
[05:15:27] [Server thread/INFO] (Minecraft) [+++++++++_+++++_++++++++++++X+++X+++++++++++++_+_+                                                                                                                                          ]
[05:15:27] [Server thread/INFO] (Minecraft) [+++++++++_+++++_++++++++++++X+++X+++++++++++++_+_+                                                                                                                                          ]
[05:15:28] [Server thread/INFO] (Minecraft) [+++++++++_+++++_++++++++++++X+++X+++++++++++++_+_+                                                                                                                                          ]
[05:15:28] [Server thread/INFO] (Minecraft) [+++++++++_+++++_++++++++++++X+++X+++++++++++++_+_+                                                                                                                                          ]
[05:15:28] [Server thread/INFO] (Minecraft) [+++++++++_+++++_++++++++++++X+++X+++++++++++++_+_+                                                                                                                                          ]
[05:15:28] [Server thread/INFO] (Minecraft) [+++++++++_+++++_++++++++++++X+++X+++++++++++++_+_+                                                                                                                                          ]
[05:15:28] [Server thread/INFO] (Minecraft) [+++++++++_+++++_++++++++++++X+++X+++++++++++++_+_+                                                                                                                                          ]
[05:15:28] [Server thread/INFO] (Minecraft) [+++++++++_+++++_++++++++++++X+++X+++++++++++++_+_+                                                                                                                                          ]
[05:15:28] [Server thread/INFO] (Minecraft) [+++++++++_+++++_++++++++++++X+++X+++++++++++++_+_+                                                                                                                                          ]
[05:15:28] [Server thread/INFO] (Minecraft) [+++++++++_+++++_++++++++++++X+++X+++++++++++++_+_+                                                                                                                                          ]
[05:15:28] [Server thread/INFO] (Minecraft) [+++++++++_+++++_++++++++++++X+++X+++++++++++++_+_+                                                                                                                                          ]
[05:15:28] [Server thread/INFO] (Minecraft) [+++++++++_+++++_++++++++++++X+++X+++++++++++++_+_+                                                                                                                                          ]
[05:15:28] [Server thread/INFO] (Minecraft) [+++++++++_+++++_++++++++++++X+++X+++++++++++++_+_+                                                                                                                                          ]
[05:15:28] [Server thread/INFO] (Minecraft) [+++++++++_+++++_++++++++++++X+++X+++++++++++++_+_+                                                                                                                                          ]
[05:15:28] [Server thread/INFO] (Minecraft) [+++++++++_+++++_++++++++++++X+++X+++++++++++++_+_+                                                                                                                                          ]
[05:15:28] [Server thread/INFO] (Minecraft) [+++++++++_+++++_++++++++++++X+++X+++++++++++++_+_+                                                                                                                                          ]
[05:15:28] [Server thread/INFO] (Minecraft) [+++++++++_+++++_++++++++++++X+++X+++++++++++++_+_+                                                                                                                                          ]
[05:15:28] [Server thread/INFO] (Minecraft) [+++++++++_+++++_++++++++++++X+++X+++++++++++++_+_+                                                                                                                                          ]
[05:15:28] [Server thread/INFO] (Minecraft) [+++++++++_+++++_++++++++++++X+++X+++++++++++++_+_+                                                                                                                                          ]
[05:15:28] [Server thread/INFO] (Minecraft) [+++++++++_+++++_++++++++++++X+++X+++++++++++++_+_+                                                                                                                                          ]
[05:15:28] [Server thread/INFO] (Minecraft) [+++++++++_+++++_++++++++++++X+++X+++++++++++++_+_+                                                                                                                                          ]
[05:15:28] [Server thread/INFO] (Minecraft) [+++++++++_+++++_++++++++++++X+++X+++++++++++++_+_+                                                                                                                                          ]
[05:15:29] [Server thread/INFO] (Minecraft) [+++++++++_+++++_++++++++++++X+++X+++++++++++++_+_+                                                                                                                                          ]
[05:15:29] [Server thread/INFO] (Minecraft) [+++++++++_+++++_++++++++++++X+++X+++++++++++++_+_+                                                                                                                                          ]
[05:15:29] [Server thread/INFO] (Minecraft) [+++++++++_+++++_++++++++++++X+++X+++++++++++++_+_+                                                                                                                                          ]
[05:15:29] [Server thread/INFO] (Minecraft) [+++++++++_+++++_++++++++++++X+++X+++++++++++++_+_+                                                                                                                                          ]
[05:15:29] [Server thread/INFO] (Minecraft) [+++++++++_+++++_++++++++++++X+++X+++++++++++++_+_+                                                                                                                                          ]
[05:15:29] [Server thread/INFO] (Minecraft) [+++++++++_+++++_++++++++++++X+++X+++++++++++++_+_+                                                                                                                                          ]
[05:15:29] [Server thread/INFO] (Minecraft) [+++++++++_+++++_++++++++++++X+++X+++++++++++++_+_+                                                                                                                                          ]
[05:15:29] [Server thread/INFO] (Minecraft) [+++++++++_+++++_++++++++++++X+++X+++++++++++++_+_+                                                                                                                                          ]
[05:15:29] [Server thread/INFO] (Minecraft) [+++++++++_+++++_++++++++++++X+++X+++++++++++++_+_+                                                                                                                                          ]
[05:15:29] [Server thread/INFO] (Minecraft) [+++++++++_+++++_++++++++++++X+++X+++++++++++++_+_+                                                                                                                                          ]
[05:15:29] [Server thread/INFO] (Minecraft) [+++++++++_+++++_++++++++++++X+++X+++++++++++++_+++                                                                                                                                          ]
[05:15:29] [Server thread/INFO] (Minecraft) [+++++++++_+++++_++++++++++++X+++X+++++++++++++_+++                                                                                                                                          ]
[05:15:29] [Server thread/INFO] (Minecraft) [+++++++++_+++++_++++++++++++X+++X+++++++++++++_+++                                                                                                                                          ]
[05:15:29] [Server thread/INFO] (Minecraft) [+++++++++_+++++_++++++++++++X+++X+++++++++++++_+++                                                                                                                                          ]
[05:15:29] [Server thread/INFO] (Minecraft) [+++++++++++++++_++++++++++++X+++X+++++++++++++_+++                                                                                                                                          ]
[05:15:29] [Server thread/INFO] (Minecraft) [+++++++++++++++_++++++++++++X+++X+++++++++++++_+++                                                                                                                                          ]
[05:15:29] [Server thread/INFO] (Minecraft) [+++++++++++++++_++++++++++++X+++X+++++++++++++_+++                                                                                                                                          ]
[05:15:29] [Server thread/INFO] (Minecraft) [+++++++++++++++_++++++++++++X+++X+++++++++++++_+++                                                                                                                                          ]
[05:15:29] [Server thread/INFO] (Minecraft) [+++++++++++++++_++++++++++++X+++X+++++++++++++_+++                                                                                                                                          ]
[05:15:29] [Server thread/INFO] (Minecraft) [+++++++++++++++_++++++++++++X+++X+++++++++++++_+++                                                                                                                                          ]
[05:15:29] [Server thread/INFO] (Minecraft) [+++++++++++++++_++++++++++++X+++X+++++++++++++_+++                                                                                                                                          ]
[05:15:29] [Server thread/INFO] (Minecraft) [+++++++++++++++_++++++++++++X+++X+++++++++++++_+++                                                                                                                                          ]
[05:15:29] [Server thread/INFO] (Minecraft) [+++++++++++++++_++++++++++++X+++X+++++++++++++_+++                                                                                                                                          ]
[05:15:29] [Server thread/INFO] (Minecraft) [+++++++++++++++_++++++++++++X+++X+++++++++++++_+++                                                                                                                                          ]
[05:15:30] [Server thread/INFO] (Minecraft) [+++++++++++++++_++++++++++++X+++X+++++++++++++_+++                                                                                                                                          ]
[05:15:30] [Server thread/INFO] (Minecraft) [+++++++++++++++_++++++++++++X+++X+++++++++++++_+++                                                                                                                                          ]
[05:15:30] [Server thread/INFO] (Minecraft) [+++++++++++++++_++++++++++++X+++X+++++++++++++_+++                                                                                                                                          ]
[05:15:30] [Server thread/INFO] (Minecraft) [+++++++++++++++_++++++++++++X+++X+++++++++++++_+++                                                                                                                                          ]
[05:15:30] [Server thread/INFO] (Minecraft) [+++++++++++++++_++++++++++++X+++X+++++++++++++_+++                                                                                                                                          ]
[05:15:30] [Server thread/INFO] (Minecraft) [+++++++++++++++_++++++++++++X+++X+++++++++++++_+++                                                                                                                                          ]
[05:15:30] [Server thread/INFO] (Minecraft) [+++++++++++++++_++++++++++++X+++X+++++++++++++_+++                                                                                                                                          ]
[05:15:30] [Server thread/INFO] (Minecraft) [+++++++++++++++_++++++++++++X+++X+++++++++++++_+++                                                                                                                                          ]
[05:15:30] [Server thread/INFO] (Minecraft) [+++++++++++++++_++++++++++++X+++X+++++++++++++_+++                                                                                                                                          ]
[05:15:30] [Server thread/INFO] (Minecraft) [+++++++++++++++_++++++++++++X+++X+++++++++++++_+++                                                                                                                                          ]
[05:15:30] [Server thread/INFO] (Minecraft) [+++++++++++++++_++++++++++++X+++X+++++++++++++_+++                                                                                                                                          ]
[05:15:30] [Server thread/INFO] (Minecraft) [+++++++++++++++_++++++++++++X+++X+++++++++++++_+++                                                                                                                                          ]
[05:15:30] [Server thread/INFO] (Minecraft) [+++++++++++++++_++++++++++++X+++X+++++++++++++_+++                                                                                                                                          ]
[05:15:30] [Server thread/INFO] (Minecraft) [+++++++++++++++_++++++++++++X+++X+++++++++++++_+++                                                                                                                                          ]
[05:15:30] [Server thread/INFO] (Minecraft) [+++++++++++++++_++++++++++++X+++X+++++++++++++++++                                                                                                                                          ]
[05:15:30] [Server thread/INFO] (Minecraft) [+++++++++++++++_++++++++++++X+++X+++++++++++++++++                                                                                                                                          ]
[05:15:30] [Server thread/INFO] (Minecraft) [+++++++++++++++_++++++++++++X+++X+++++++++++++++++                                                                                                                                          ]
[05:15:31] [Server thread/INFO] (Minecraft) Running test environment 'minecraft:default' batch 1 (50 tests)...
[05:15:31] [Server thread/ERROR] (intoxicantes) [SNC Adventures] Não foi possível abrir a economia em C:\Users\enzop\AppData\Local\Temp\snc-bicho-gametest-5208623654868909294. Arquivos preservados.

com.google.gson.JsonSyntaxException: com.google.gson.stream.MalformedJsonException: Expected ':' at line 1 column 11 path $.arquivo
See https://github.com/google/gson/blob/main/Troubleshooting.md#malformed-json
	at knot//com.google.gson.internal.Streams.parse(Streams.java:60)
	at knot//com.google.gson.JsonParser.parseReader(JsonParser.java:144)
	at knot//com.google.gson.JsonParser.parseReader(JsonParser.java:110)
	at knot//com.google.gson.JsonParser.parseString(JsonParser.java:92)
	at knot//com.intoxicantes.PlayerMoney.lerObjeto(PlayerMoney.java:180)
	at knot//com.intoxicantes.PlayerMoney$Livro.<init>(PlayerMoney.java:95)
	at knot//com.intoxicantes.JogoDoBichoGameTest.lambda$dinheiroCorrompidoNaoViraSaldoVazio$0(JogoDoBichoGameTest.java:233)
	at knot//com.intoxicantes.JogoDoBichoGameTest.isolado(JogoDoBichoGameTest.java:252)
	at knot//com.intoxicantes.JogoDoBichoGameTest.dinheiroCorrompidoNaoViraSaldoVazio(JogoDoBichoGameTest.java:229)
	at java.base/jdk.internal.reflect.DirectMethodHandleAccessor.invoke(DirectMethodHandleAccessor.java:104)
	at java.base/java.lang.reflect.Method.invoke(Method.java:565)
	at knot//net.fabricmc.fabric.impl.gametest.TestAnnotationLocator$TestMethod.lambda$testFunction$0(TestAnnotationLocator.java:144)
	at knot//net.minecraft.gametest.framework.FunctionGameTestInstance.run(FunctionGameTestInstance.java:32)
	at knot//net.minecraft.gametest.framework.GameTestInfo.startTest(GameTestInfo.java:177)
	at knot//net.minecraft.gametest.framework.GameTestInfo.tickInternal(GameTestInfo.java:137)
	at knot//net.minecraft.gametest.framework.GameTestInfo.tick(GameTestInfo.java:120)
	at knot//net.minecraft.gametest.framework.GameTestTicker.lambda$tick$0(GameTestTicker.java:56)
	at java.base/java.util.concurrent.CopyOnWriteArrayList.forEach(CopyOnWriteArrayList.java:905)
	at knot//net.minecraft.gametest.framework.GameTestTicker.tick(GameTestTicker.java:56)
	at knot//net.minecraft.server.MinecraftServer.tickChildren(MinecraftServer.java:1135)
	at knot//net.minecraft.server.MinecraftServer.tickServer(MinecraftServer.java:980)
	at knot//net.minecraft.gametest.framework.GameTestServer.tickServer(GameTestServer.java:227)
	at knot//net.minecraft.server.MinecraftServer.processPacketsAndTick(MinecraftServer.java:1013)
	at knot//net.minecraft.server.MinecraftServer.runServer(MinecraftServer.java:752)
	at knot//net.minecraft.server.MinecraftServer.lambda$spin$0(MinecraftServer.java:310)
	at java.base/java.lang.Thread.run(Thread.java:1474)
Caused by: com.google.gson.stream.MalformedJsonException: Expected ':' at line 1 column 11 path $.arquivo
See https://github.com/google/gson/blob/main/Troubleshooting.md#malformed-json
	at knot//com.google.gson.stream.JsonReader.syntaxError(JsonReader.java:1817)
	at knot//com.google.gson.stream.JsonReader.doPeek(JsonReader.java:657)
	at knot//com.google.gson.stream.JsonReader.peek(JsonReader.java:545)
	at knot//com.google.gson.internal.bind.JsonElementTypeAdapter.read(JsonElementTypeAdapter.java:102)
	at knot//com.google.gson.internal.Streams.parse(Streams.java:48)
	... 25 more
[05:15:31] [Server thread/ERROR] (intoxicantes) [SNC Adventures] Loteria não persistiu em C:\Users\enzop\AppData\Local\Temp\snc-bicho-gametest-3829166110199975277\intoxicantes_bicho.json; operação permanece recuperável

java.nio.file.AccessDeniedException: C:\Users\enzop\AppData\Local\Temp\snc-bicho-gametest-3829166110199975277\intoxicantes_bicho.json.pending
	at java.base/sun.nio.fs.WindowsException.translateToIOException(WindowsException.java:89)
	at java.base/sun.nio.fs.WindowsException.rethrowAsIOException(WindowsException.java:103)
	at java.base/sun.nio.fs.WindowsException.rethrowAsIOException(WindowsException.java:108)
	at java.base/sun.nio.fs.WindowsFileSystemProvider.newFileChannel(WindowsFileSystemProvider.java:118)
	at java.base/java.nio.channels.FileChannel.open(FileChannel.java:301)
	at java.base/java.nio.channels.FileChannel.open(FileChannel.java:353)
	at knot//com.intoxicantes.PlayerMoney.gravarAtomico(PlayerMoney.java:205)
	at knot//com.intoxicantes.JogoDoBicho$Loteria.persistir(JogoDoBicho.java:251)
	at knot//com.intoxicantes.JogoDoBicho$Loteria.apostar(JogoDoBicho.java:151)
	at knot//com.intoxicantes.JogoDoBichoGameTest.lambda$falhaDePersistenciaNaoDescontaNemPerdePremio$0(JogoDoBichoGameTest.java:201)
	at knot//com.intoxicantes.JogoDoBichoGameTest.isolado(JogoDoBichoGameTest.java:252)
	at knot//com.intoxicantes.JogoDoBichoGameTest.falhaDePersistenciaNaoDescontaNemPerdePremio(JogoDoBichoGameTest.java:195)
	at java.base/jdk.internal.reflect.DirectMethodHandleAccessor.invoke(DirectMethodHandleAccessor.java:104)
	at java.base/java.lang.reflect.Method.invoke(Method.java:565)
	at knot//net.fabricmc.fabric.impl.gametest.TestAnnotationLocator$TestMethod.lambda$testFunction$0(TestAnnotationLocator.java:144)
	at knot//net.minecraft.gametest.framework.FunctionGameTestInstance.run(FunctionGameTestInstance.java:32)
	at knot//net.minecraft.gametest.framework.GameTestInfo.startTest(GameTestInfo.java:177)
	at knot//net.minecraft.gametest.framework.GameTestInfo.tickInternal(GameTestInfo.java:137)
	at knot//net.minecraft.gametest.framework.GameTestInfo.tick(GameTestInfo.java:120)
	at knot//net.minecraft.gametest.framework.GameTestTicker.lambda$tick$0(GameTestTicker.java:56)
	at java.base/java.util.concurrent.CopyOnWriteArrayList.forEach(CopyOnWriteArrayList.java:905)
	at knot//net.minecraft.gametest.framework.GameTestTicker.tick(GameTestTicker.java:56)
	at knot//net.minecraft.server.MinecraftServer.tickChildren(MinecraftServer.java:1135)
	at knot//net.minecraft.server.MinecraftServer.tickServer(MinecraftServer.java:980)
	at knot//net.minecraft.gametest.framework.GameTestServer.tickServer(GameTestServer.java:227)
	at knot//net.minecraft.server.MinecraftServer.processPacketsAndTick(MinecraftServer.java:1013)
	at knot//net.minecraft.server.MinecraftServer.runServer(MinecraftServer.java:752)
	at knot//net.minecraft.server.MinecraftServer.lambda$spin$0(MinecraftServer.java:310)
	at java.base/java.lang.Thread.run(Thread.java:1474)
[05:15:31] [Server thread/ERROR] (intoxicantes) [SNC Adventures] Operação 8222480d-ea90-3158-9f4e-b13711a600c6 não persistiu; saldo preservado

java.nio.file.AccessDeniedException: C:\Users\enzop\AppData\Local\Temp\snc-bicho-gametest-3829166110199975277\intoxicantes_money.json.pending
	at java.base/sun.nio.fs.WindowsException.translateToIOException(WindowsException.java:89)
	at java.base/sun.nio.fs.WindowsException.rethrowAsIOException(WindowsException.java:103)
	at java.base/sun.nio.fs.WindowsException.rethrowAsIOException(WindowsException.java:108)
	at java.base/sun.nio.fs.WindowsFileSystemProvider.newFileChannel(WindowsFileSystemProvider.java:118)
	at java.base/java.nio.channels.FileChannel.open(FileChannel.java:301)
	at java.base/java.nio.channels.FileChannel.open(FileChannel.java:353)
	at knot//com.intoxicantes.PlayerMoney.gravarAtomico(PlayerMoney.java:205)
	at knot//com.intoxicantes.PlayerMoney$Livro.salvar(PlayerMoney.java:176)
	at knot//com.intoxicantes.PlayerMoney$Livro.transacionar(PlayerMoney.java:167)
	at knot//com.intoxicantes.JogoDoBicho$Loteria.confirmar(JogoDoBicho.java:160)
	at knot//com.intoxicantes.JogoDoBicho$Loteria.apostar(JogoDoBicho.java:154)
	at knot//com.intoxicantes.JogoDoBichoGameTest.lambda$falhaDePersistenciaNaoDescontaNemPerdePremio$0(JogoDoBichoGameTest.java:208)
	at knot//com.intoxicantes.JogoDoBichoGameTest.isolado(JogoDoBichoGameTest.java:252)
	at knot//com.intoxicantes.JogoDoBichoGameTest.falhaDePersistenciaNaoDescontaNemPerdePremio(JogoDoBichoGameTest.java:195)
	at java.base/jdk.internal.reflect.DirectMethodHandleAccessor.invoke(DirectMethodHandleAccessor.java:104)
	at java.base/java.lang.reflect.Method.invoke(Method.java:565)
	at knot//net.fabricmc.fabric.impl.gametest.TestAnnotationLocator$TestMethod.lambda$testFunction$0(TestAnnotationLocator.java:144)
	at knot//net.minecraft.gametest.framework.FunctionGameTestInstance.run(FunctionGameTestInstance.java:32)
	at knot//net.minecraft.gametest.framework.GameTestInfo.startTest(GameTestInfo.java:177)
	at knot//net.minecraft.gametest.framework.GameTestInfo.tickInternal(GameTestInfo.java:137)
	at knot//net.minecraft.gametest.framework.GameTestInfo.tick(GameTestInfo.java:120)
	at knot//net.minecraft.gametest.framework.GameTestTicker.lambda$tick$0(GameTestTicker.java:56)
	at java.base/java.util.concurrent.CopyOnWriteArrayList.forEach(CopyOnWriteArrayList.java:905)
	at knot//net.minecraft.gametest.framework.GameTestTicker.tick(GameTestTicker.java:56)
	at knot//net.minecraft.server.MinecraftServer.tickChildren(MinecraftServer.java:1135)
	at knot//net.minecraft.server.MinecraftServer.tickServer(MinecraftServer.java:980)
	at knot//net.minecraft.gametest.framework.GameTestServer.tickServer(GameTestServer.java:227)
	at knot//net.minecraft.server.MinecraftServer.processPacketsAndTick(MinecraftServer.java:1013)
	at knot//net.minecraft.server.MinecraftServer.runServer(MinecraftServer.java:752)
	at knot//net.minecraft.server.MinecraftServer.lambda$spin$0(MinecraftServer.java:310)
	at java.base/java.lang.Thread.run(Thread.java:1474)
[05:15:31] [Server thread/ERROR] (intoxicantes) [SNC Adventures] Operação 11d56a83-2630-3c90-b692-0cb96acc73b3 não persistiu; saldo preservado

java.nio.file.AccessDeniedException: C:\Users\enzop\AppData\Local\Temp\snc-bicho-gametest-3829166110199975277\intoxicantes_money.json.pending
	at java.base/sun.nio.fs.WindowsException.translateToIOException(WindowsException.java:89)
	at java.base/sun.nio.fs.WindowsException.rethrowAsIOException(WindowsException.java:103)
	at java.base/sun.nio.fs.WindowsException.rethrowAsIOException(WindowsException.java:108)
	at java.base/sun.nio.fs.WindowsFileSystemProvider.newFileChannel(WindowsFileSystemProvider.java:118)
	at java.base/java.nio.channels.FileChannel.open(FileChannel.java:301)
	at java.base/java.nio.channels.FileChannel.open(FileChannel.java:353)
	at knot//com.intoxicantes.PlayerMoney.gravarAtomico(PlayerMoney.java:205)
	at knot//com.intoxicantes.PlayerMoney$Livro.salvar(PlayerMoney.java:176)
	at knot//com.intoxicantes.PlayerMoney$Livro.transacionar(PlayerMoney.java:167)
	at knot//com.intoxicantes.JogoDoBicho$Loteria.tick(JogoDoBicho.java:209)
	at knot//com.intoxicantes.JogoDoBichoGameTest.lambda$falhaDePersistenciaNaoDescontaNemPerdePremio$0(JogoDoBichoGameTest.java:219)
	at knot//com.intoxicantes.JogoDoBichoGameTest.isolado(JogoDoBichoGameTest.java:252)
	at knot//com.intoxicantes.JogoDoBichoGameTest.falhaDePersistenciaNaoDescontaNemPerdePremio(JogoDoBichoGameTest.java:195)
	at java.base/jdk.internal.reflect.DirectMethodHandleAccessor.invoke(DirectMethodHandleAccessor.java:104)
	at java.base/java.lang.reflect.Method.invoke(Method.java:565)
	at knot//net.fabricmc.fabric.impl.gametest.TestAnnotationLocator$TestMethod.lambda$testFunction$0(TestAnnotationLocator.java:144)
	at knot//net.minecraft.gametest.framework.FunctionGameTestInstance.run(FunctionGameTestInstance.java:32)
	at knot//net.minecraft.gametest.framework.GameTestInfo.startTest(GameTestInfo.java:177)
	at knot//net.minecraft.gametest.framework.GameTestInfo.tickInternal(GameTestInfo.java:137)
	at knot//net.minecraft.gametest.framework.GameTestInfo.tick(GameTestInfo.java:120)
	at knot//net.minecraft.gametest.framework.GameTestTicker.lambda$tick$0(GameTestTicker.java:56)
	at java.base/java.util.concurrent.CopyOnWriteArrayList.forEach(CopyOnWriteArrayList.java:905)
	at knot//net.minecraft.gametest.framework.GameTestTicker.tick(GameTestTicker.java:56)
	at knot//net.minecraft.server.MinecraftServer.tickChildren(MinecraftServer.java:1135)
	at knot//net.minecraft.server.MinecraftServer.tickServer(MinecraftServer.java:980)
	at knot//net.minecraft.gametest.framework.GameTestServer.tickServer(GameTestServer.java:227)
	at knot//net.minecraft.server.MinecraftServer.processPacketsAndTick(MinecraftServer.java:1013)
	at knot//net.minecraft.server.MinecraftServer.runServer(MinecraftServer.java:752)
	at knot//net.minecraft.server.MinecraftServer.lambda$spin$0(MinecraftServer.java:310)
	at java.base/java.lang.Thread.run(Thread.java:1474)
[05:15:31] [Server thread/INFO] (intoxicantes) [SNC Adventures] Economia migrada: 1 saldos; original em C:\Users\enzop\AppData\Local\Temp\snc-bicho-gametest-13147390780014303129\intoxicantes_money.legacy-backup.json
[05:15:31] [Server thread/INFO] (Minecraft) test-mock-player[embedded] logged in with entity id 152 at (0.0, 0.0, 0.0)
[05:15:31] [Server thread/INFO] (Minecraft) System chat: test-mock-player joined the game
[05:15:31] [Server thread/INFO] (Minecraft) test-mock-player[embedded] logged in with entity id 156 at (0.0, 0.0, 0.0)
[05:15:31] [Server thread/INFO] (Minecraft) System chat: test-mock-player joined the game
[05:15:31] [Server thread/INFO] (Minecraft) test-mock-player[embedded] logged in with entity id 157 at (0.0, 0.0, 0.0)
[05:15:31] [Server thread/INFO] (Minecraft) System chat: test-mock-player joined the game
[05:15:31] [Server thread/INFO] (Minecraft) test-mock-player[embedded] logged in with entity id 158 at (0.0, 0.0, 0.0)
[05:15:31] [Server thread/INFO] (Minecraft) System chat: test-mock-player joined the game
[05:15:31] [Server thread/INFO] (Minecraft) test-mock-player[embedded] logged in with entity id 159 at (0.0, 0.0, 0.0)
[05:15:31] [Server thread/INFO] (Minecraft) System chat: test-mock-player joined the game
[05:15:31] [Server thread/INFO] (Minecraft) test-mock-player[embedded] logged in with entity id 160 at (0.0, 0.0, 0.0)
[05:15:31] [Server thread/INFO] (Minecraft) System chat: test-mock-player joined the game
[05:15:32] [Server thread/INFO] (Minecraft) test-mock-player[embedded] logged in with entity id 161 at (0.0, 0.0, 0.0)
[05:15:32] [Server thread/INFO] (Minecraft) System chat: test-mock-player joined the game
[05:15:32] [Server thread/INFO] (Minecraft) test-mock-player[embedded] logged in with entity id 162 at (0.0, 0.0, 0.0)
[05:15:32] [Server thread/INFO] (Minecraft) System chat: test-mock-player joined the game
[05:15:32] [Server thread/INFO] (Minecraft) test-mock-player[embedded] logged in with entity id 163 at (0.0, 0.0, 0.0)
[05:15:32] [Server thread/INFO] (Minecraft) System chat: test-mock-player joined the game
[05:15:32] [Server thread/INFO] (Minecraft) test-mock-player[embedded] logged in with entity id 166 at (0.0, 0.0, 0.0)
[05:15:32] [Server thread/INFO] (Minecraft) System chat: test-mock-player joined the game
[05:15:32] [Server thread/INFO] (Minecraft) test-mock-player[embedded] logged in with entity id 167 at (0.0, 0.0, 0.0)
[05:15:32] [Server thread/INFO] (Minecraft) System chat: test-mock-player joined the game
[05:15:32] [Server thread/INFO] (Minecraft) test-mock-player[embedded] logged in with entity id 171 at (0.0, 0.0, 0.0)
[05:15:32] [Server thread/INFO] (Minecraft) System chat: test-mock-player joined the game
[05:15:32] [Server thread/INFO] (Minecraft) System chat: test-mock-player has made the advancement [Village Cellar]
[05:15:32] [Server thread/INFO] (Minecraft) test-mock-player[embedded] logged in with entity id 172 at (0.0, 0.0, 0.0)
[05:15:32] [Server thread/INFO] (Minecraft) System chat: test-mock-player joined the game
[05:15:32] [Server thread/INFO] (Minecraft) test-mock-player[embedded] logged in with entity id 173 at (0.0, 0.0, 0.0)
[05:15:32] [Server thread/INFO] (Minecraft) System chat: test-mock-player joined the game
[05:15:32] [Server thread/INFO] (Minecraft) test-mock-player[embedded] logged in with entity id 174 at (0.0, 0.0, 0.0)
[05:15:32] [Server thread/INFO] (Minecraft) System chat: test-mock-player joined the game
[05:15:32] [Server thread/INFO] (Minecraft) test-mock-player[embedded] logged in with entity id 175 at (0.0, 0.0, 0.0)
[05:15:32] [Server thread/INFO] (Minecraft) System chat: test-mock-player joined the game
[05:15:32] [Server thread/INFO] (Minecraft) test-mock-player[embedded] logged in with entity id 179 at (0.0, 0.0, 0.0)
[05:15:32] [Server thread/INFO] (Minecraft) System chat: test-mock-player joined the game
[05:15:32] [Server thread/INFO] (Minecraft) test-mock-player[embedded] logged in with entity id 180 at (0.0, 0.0, 0.0)
[05:15:32] [Server thread/INFO] (Minecraft) System chat: test-mock-player joined the game
[05:15:32] [Server thread/INFO] (Minecraft) test-mock-player[embedded] logged in with entity id 183 at (0.0, 0.0, 0.0)
[05:15:32] [Server thread/INFO] (Minecraft) System chat: test-mock-player joined the game
[05:15:32] [Server thread/INFO] (Minecraft) test-mock-player[embedded] logged in with entity id 187 at (0.0, 0.0, 0.0)
[05:15:32] [Server thread/INFO] (Minecraft) System chat: test-mock-player joined the game
[05:15:32] [Server thread/INFO] (Minecraft) System chat: test-mock-player has made the advancement [Village Cellar]
[05:15:32] [Server thread/INFO] (Minecraft) System chat: test-mock-player has made the advancement [Village Cellar]
[05:15:32] [Server thread/INFO] (Minecraft) [++++++++++++++++++++++++++++X+++X++++++++++++++++++++++++++++++++++++++++++++++++++++___+__++_++++++                                                                                        ]
[05:15:32] [Server thread/INFO] (Minecraft) [++++++++++++++++++++++++++++X+++X++++++++++++++++++++++++++++++++++++++++++++++++++++_+++__++_++++++                                                                                        ]
[05:15:32] [Server thread/INFO] (Minecraft) [++++++++++++++++++++++++++++X+++X++++++++++++++++++++++++++++++++++++++++++++++++++++_+++_+++_++++++                                                                                        ]
[05:15:32] [Server thread/INFO] (Minecraft) [++++++++++++++++++++++++++++X+++X++++++++++++++++++++++++++++++++++++++++++++++++++++++++_+++_++++++                                                                                        ]
[05:15:32] [Server thread/INFO] (Minecraft) [++++++++++++++++++++++++++++X+++X++++++++++++++++++++++++++++++++++++++++++++++++++++++++_+++_++++++                                                                                        ]
[05:15:32] [Server thread/INFO] (Minecraft) [++++++++++++++++++++++++++++X+++X++++++++++++++++++++++++++++++++++++++++++++++++++++++++_+++_++++++                                                                                        ]
[05:15:32] [Server thread/INFO] (Minecraft) [++++++++++++++++++++++++++++X+++X++++++++++++++++++++++++++++++++++++++++++++++++++++++++_+++_++++++                                                                                        ]
[05:15:32] [Server thread/INFO] (Minecraft) [++++++++++++++++++++++++++++X+++X++++++++++++++++++++++++++++++++++++++++++++++++++++++++_++++++++++                                                                                        ]
[05:15:32] [Server thread/INFO] (Minecraft) [++++++++++++++++++++++++++++X+++X++++++++++++++++++++++++++++++++++++++++++++++++++++++++_++++++++++                                                                                        ]
[05:15:32] [Server thread/INFO] (Minecraft) [++++++++++++++++++++++++++++X+++X++++++++++++++++++++++++++++++++++++++++++++++++++++++++_++++++++++                                                                                        ]
[05:15:32] [Server thread/INFO] (Minecraft) [++++++++++++++++++++++++++++X+++X++++++++++++++++++++++++++++++++++++++++++++++++++++++++_++++++++++                                                                                        ]
[05:15:32] [Server thread/INFO] (Minecraft) [++++++++++++++++++++++++++++X+++X++++++++++++++++++++++++++++++++++++++++++++++++++++++++_++++++++++                                                                                        ]
[05:15:33] [Server thread/INFO] (Minecraft) [++++++++++++++++++++++++++++X+++X++++++++++++++++++++++++++++++++++++++++++++++++++++++++_++++++++++                                                                                        ]
[05:15:33] [Server thread/INFO] (Minecraft) [++++++++++++++++++++++++++++X+++X++++++++++++++++++++++++++++++++++++++++++++++++++++++++_++++++++++                                                                                        ]
[05:15:33] [Server thread/INFO] (Minecraft) [++++++++++++++++++++++++++++X+++X++++++++++++++++++++++++++++++++++++++++++++++++++++++++_++++++++++                                                                                        ]
[05:15:33] [Server thread/INFO] (Minecraft) [++++++++++++++++++++++++++++X+++X++++++++++++++++++++++++++++++++++++++++++++++++++++++++_++++++++++                                                                                        ]
[05:15:33] [Server thread/INFO] (Minecraft) [++++++++++++++++++++++++++++X+++X++++++++++++++++++++++++++++++++++++++++++++++++++++++++_++++++++++                                                                                        ]
[05:15:33] [Server thread/INFO] (Minecraft) [++++++++++++++++++++++++++++X+++X++++++++++++++++++++++++++++++++++++++++++++++++++++++++_++++++++++                                                                                        ]
[05:15:33] [Server thread/INFO] (Minecraft) [++++++++++++++++++++++++++++X+++X++++++++++++++++++++++++++++++++++++++++++++++++++++++++_++++++++++                                                                                        ]
[05:15:33] [Server thread/INFO] (Minecraft) [++++++++++++++++++++++++++++X+++X++++++++++++++++++++++++++++++++++++++++++++++++++++++++_++++++++++                                                                                        ]
[05:15:33] [Server thread/INFO] (Minecraft) [++++++++++++++++++++++++++++X+++X++++++++++++++++++++++++++++++++++++++++++++++++++++++++_++++++++++                                                                                        ]
[05:15:33] [Server thread/INFO] (Minecraft) [++++++++++++++++++++++++++++X+++X++++++++++++++++++++++++++++++++++++++++++++++++++++++++_++++++++++                                                                                        ]
[05:15:33] [Server thread/INFO] (Minecraft) [++++++++++++++++++++++++++++X+++X++++++++++++++++++++++++++++++++++++++++++++++++++++++++_++++++++++                                                                                        ]
[05:15:34] [Server thread/INFO] (Minecraft) Running test environment 'minecraft:default' batch 2 (50 tests)...
[05:15:34] [Server thread/INFO] (Minecraft) test-mock-player[embedded] logged in with entity id 232 at (0.0, 0.0, 0.0)
[05:15:34] [Server thread/INFO] (Minecraft) System chat: test-mock-player joined the game
[05:15:34] [Server thread/INFO] (Minecraft) test-mock-player[embedded] logged in with entity id 261 at (0.0, 0.0, 0.0)
[05:15:34] [Server thread/INFO] (Minecraft) System chat: test-mock-player joined the game
[05:15:34] [Server thread/INFO] (Minecraft) test-mock-player[embedded] logged in with entity id 262 at (0.0, 0.0, 0.0)
[05:15:34] [Server thread/INFO] (Minecraft) System chat: test-mock-player joined the game
[05:15:34] [Server thread/INFO] (Minecraft) test-mock-player[embedded] logged in with entity id 263 at (0.0, 0.0, 0.0)
[05:15:34] [Server thread/INFO] (Minecraft) System chat: test-mock-player joined the game
[05:15:34] [Server thread/INFO] (Minecraft) test-mock-player[embedded] logged in with entity id 274 at (0.0, 0.0, 0.0)
[05:15:34] [Server thread/INFO] (Minecraft) System chat: test-mock-player joined the game
[05:15:34] [Server thread/INFO] (Minecraft) test-mock-player[embedded] logged in with entity id 285 at (0.0, 0.0, 0.0)
[05:15:34] [Server thread/INFO] (Minecraft) System chat: test-mock-player joined the game
[05:15:34] [Server thread/INFO] (Minecraft) System chat: test-mock-player has made the advancement [Perfect Harvest]
[05:15:34] [Server thread/INFO] (Minecraft) test-mock-player[embedded] logged in with entity id 296 at (0.0, 0.0, 0.0)
[05:15:34] [Server thread/INFO] (Minecraft) System chat: test-mock-player joined the game
[05:15:34] [Server thread/INFO] (Minecraft) System chat: test-mock-player has made the advancement [Perfect Harvest]
[05:15:34] [Server thread/INFO] (Minecraft) test-mock-player[embedded] logged in with entity id 332 at (0.0, 0.0, 0.0)
[05:15:34] [Server thread/INFO] (Minecraft) System chat: test-mock-player joined the game
[05:15:34] [Server thread/INFO] (Minecraft) System chat: test-mock-player has made the advancement [Perfect Harvest]
[05:15:34] [Server thread/INFO] (Minecraft) test-mock-player[embedded] logged in with entity id 346 at (0.0, 0.0, 0.0)
[05:15:34] [Server thread/INFO] (Minecraft) System chat: test-mock-player joined the game
[05:15:34] [Server thread/INFO] (Minecraft) System chat: test-mock-player has made the advancement [Perfect Harvest]
[05:15:34] [Server thread/INFO] (Minecraft) test-mock-player[embedded] logged in with entity id 358 at (0.0, 0.0, 0.0)
[05:15:34] [Server thread/INFO] (Minecraft) System chat: test-mock-player joined the game
[05:15:34] [Server thread/INFO] (Minecraft) System chat: test-mock-player has made the advancement [Perfect Harvest]
[05:15:34] [Server thread/INFO] (Minecraft) test-mock-player[embedded] logged in with entity id 369 at (0.0, 0.0, 0.0)
[05:15:34] [Server thread/INFO] (Minecraft) System chat: test-mock-player joined the game
[05:15:34] [Server thread/INFO] (Minecraft) System chat: test-mock-player has made the advancement [Perfect Harvest]
[05:15:34] [Server thread/INFO] (Minecraft) test-mock-player[embedded] logged in with entity id 405 at (0.0, 0.0, 0.0)
[05:15:34] [Server thread/INFO] (Minecraft) System chat: test-mock-player joined the game
[05:15:34] [Server thread/INFO] (Minecraft) System chat: test-mock-player has made the advancement [Perfect Harvest]
[05:15:34] [Server thread/INFO] (Minecraft) test-mock-player[embedded] logged in with entity id 406 at (0.0, 0.0, 0.0)
[05:15:34] [Server thread/INFO] (Minecraft) System chat: test-mock-player joined the game
[05:15:34] [Server thread/INFO] (Minecraft) test-mock-player[embedded] logged in with entity id 417 at (0.0, 0.0, 0.0)
[05:15:34] [Server thread/INFO] (Minecraft) System chat: test-mock-player joined the game
[05:15:34] [Server thread/INFO] (Minecraft) test-mock-player[embedded] logged in with entity id 444 at (0.0, 0.0, 0.0)
[05:15:34] [Server thread/INFO] (Minecraft) System chat: test-mock-player joined the game
[05:15:34] [Server thread/INFO] (Minecraft) test-mock-player[embedded] logged in with entity id 455 at (0.0, 0.0, 0.0)
[05:15:34] [Server thread/INFO] (Minecraft) System chat: test-mock-player joined the game
[05:15:34] [Server thread/INFO] (Minecraft) System chat: test-mock-player has made the advancement [Perfect Harvest]
[05:15:35] [Server thread/INFO] (Minecraft) test-mock-player[embedded] logged in with entity id 494 at (0.0, 0.0, 0.0)
[05:15:35] [Server thread/INFO] (Minecraft) System chat: test-mock-player joined the game
[05:15:35] [Server thread/INFO] (Minecraft) System chat: test-mock-player has made the advancement [Perfect Harvest]
[05:15:35] [Server thread/INFO] (Minecraft) test-mock-player[embedded] logged in with entity id 507 at (0.0, 0.0, 0.0)
[05:15:35] [Server thread/INFO] (Minecraft) System chat: test-mock-player joined the game
[05:15:35] [Server thread/INFO] (Minecraft) System chat: test-mock-player has made the advancement [Perfect Harvest]
[05:15:35] [Server thread/INFO] (Minecraft) test-mock-player[embedded] logged in with entity id 543 at (0.0, 0.0, 0.0)
[05:15:35] [Server thread/INFO] (Minecraft) System chat: test-mock-player joined the game
[05:15:35] [Server thread/INFO] (Minecraft) System chat: test-mock-player has made the advancement [Perfect Harvest]
[05:15:35] [Server thread/INFO] (Minecraft) System chat: test-mock-player has made the advancement [Village Cellar]
[05:15:35] [Server thread/INFO] (Minecraft) System chat: test-mock-player has made the advancement [Village Cellar]
[05:15:35] [Server thread/INFO] (Minecraft) System chat: test-mock-player has made the advancement [Village Cellar]
[05:15:35] [Server thread/INFO] (Minecraft) System chat: test-mock-player has made the advancement [Village Cellar]
[05:15:35] [Server thread/INFO] (Minecraft) System chat: test-mock-player has made the advancement [Village Cellar]
[05:15:35] [Server thread/INFO] (Minecraft) System chat: test-mock-player has made the advancement [Village Cellar]
[05:15:35] [Server thread/INFO] (Minecraft) System chat: test-mock-player has made the advancement [Village Cellar]
[05:15:35] [Server thread/INFO] (Minecraft) System chat: test-mock-player has made the advancement [Village Cellar]
[05:15:35] [Server thread/INFO] (Minecraft) System chat: test-mock-player has made the advancement [Village Cellar]
[05:15:35] [Server thread/INFO] (Minecraft) System chat: test-mock-player has made the advancement [Village Cellar]
[05:15:35] [Server thread/INFO] (Minecraft) System chat: test-mock-player has made the advancement [Village Cellar]
[05:15:35] [Server thread/INFO] (Minecraft) System chat: test-mock-player has made the advancement [Village Cellar]
[05:15:35] [Server thread/INFO] (Minecraft) test-mock-player[embedded] logged in with entity id 544 at (0.0, 0.0, 0.0)
[05:15:35] [Server thread/INFO] (Minecraft) System chat: test-mock-player joined the game
[05:15:35] [Server thread/INFO] (Minecraft) test-mock-player[embedded] logged in with entity id 574 at (0.0, 0.0, 0.0)
[05:15:35] [Server thread/INFO] (Minecraft) System chat: test-mock-player joined the game
[05:15:35] [Server thread/INFO] (Minecraft) System chat: test-mock-player has made the advancement [Village Cellar]
[05:15:35] [Server thread/INFO] (Minecraft) [++++++++++++++++++++++++++++X+++X++++++++++++++++++++++++++++++++++++++++++++++++++++++++++++++++++++++++++++++++++++++++++++++++++++++                                                     ]
[05:15:35] [Server thread/INFO] (Minecraft) test-mock-player[embedded] logged in with entity id 575 at (0.0, 0.0, 0.0)
[05:15:35] [Server thread/INFO] (Minecraft) System chat: test-mock-player joined the game
[05:15:35] [Server thread/INFO] (Minecraft) System chat: test-mock-player has made the advancement [Village Cellar]
[05:15:35] [Server thread/INFO] (Minecraft) test-mock-player[embedded] logged in with entity id 785 at (0.0, 0.0, 0.0)
[05:15:35] [Server thread/INFO] (Minecraft) System chat: test-mock-player joined the game
[05:15:35] [Server thread/INFO] (Minecraft) test-mock-player[embedded] logged in with entity id 787 at (0.0, 0.0, 0.0)
[05:15:35] [Server thread/INFO] (Minecraft) System chat: test-mock-player joined the game
[05:15:35] [Server thread/INFO] (Minecraft) test-mock-player[embedded] logged in with entity id 788 at (0.0, 0.0, 0.0)
[05:15:35] [Server thread/INFO] (Minecraft) System chat: test-mock-player joined the game
[05:15:35] [Server thread/INFO] (Minecraft) test-mock-player[embedded] logged in with entity id 790 at (0.0, 0.0, 0.0)
[05:15:35] [Server thread/INFO] (Minecraft) System chat: test-mock-player joined the game
[05:15:35] [Server thread/INFO] (Minecraft) test-mock-player[embedded] logged in with entity id 793 at (0.0, 0.0, 0.0)
[05:15:35] [Server thread/INFO] (Minecraft) System chat: test-mock-player joined the game
[05:15:35] [Server thread/INFO] (Minecraft) test-mock-player[embedded] logged in with entity id 794 at (0.0, 0.0, 0.0)
[05:15:35] [Server thread/INFO] (Minecraft) System chat: test-mock-player joined the game
[05:15:35] [Server thread/ERROR] (intoxicantes) [SNC Adventures] Saldo não foi salvo; alteração cancelada

java.nio.file.AccessDeniedException: .\world\.\intoxicantes_money.json.pending -> .\world\.\intoxicantes_money.json
	at java.base/sun.nio.fs.WindowsException.translateToIOException(WindowsException.java:89)
	at java.base/sun.nio.fs.WindowsException.rethrowAsIOException(WindowsException.java:103)
	at java.base/sun.nio.fs.WindowsFileCopy.move(WindowsFileCopy.java:310)
	at java.base/sun.nio.fs.WindowsFileSystemProvider.move(WindowsFileSystemProvider.java:287)
	at java.base/java.nio.file.Files.move(Files.java:1319)
	at knot//com.intoxicantes.PlayerMoney.gravarAtomico(PlayerMoney.java:212)
	at knot//com.intoxicantes.PlayerMoney$Livro.salvar(PlayerMoney.java:176)
	at knot//com.intoxicantes.PlayerMoney$Livro.set(PlayerMoney.java:131)
	at knot//com.intoxicantes.PlayerMoney.set(PlayerMoney.java:40)
	at knot//com.intoxicantes.PlayerMoney.add(PlayerMoney.java:43)
	at knot//com.intoxicantes.PlayerMoney.subtrair(PlayerMoney.java:51)
	at knot//com.intoxicantes.PrateleiraMercadoBlockEntity.comprar(PrateleiraMercadoBlockEntity.java:280)
	at knot//com.intoxicantes.PrateleiraGameTest.prateleiraAceitaQualquerItemEVendePelaEtiqueta(PrateleiraGameTest.java:128)
	at java.base/jdk.internal.reflect.DirectMethodHandleAccessor.invoke(DirectMethodHandleAccessor.java:104)
	at java.base/java.lang.reflect.Method.invoke(Method.java:565)
	at knot//net.fabricmc.fabric.impl.gametest.TestAnnotationLocator$TestMethod.lambda$testFunction$0(TestAnnotationLocator.java:144)
	at knot//net.minecraft.gametest.framework.FunctionGameTestInstance.run(FunctionGameTestInstance.java:32)
	at knot//net.minecraft.gametest.framework.GameTestInfo.startTest(GameTestInfo.java:177)
	at knot//net.minecraft.gametest.framework.GameTestInfo.tickInternal(GameTestInfo.java:137)
	at knot//net.minecraft.gametest.framework.GameTestInfo.tick(GameTestInfo.java:120)
	at knot//net.minecraft.gametest.framework.GameTestTicker.lambda$tick$0(GameTestTicker.java:56)
	at java.base/java.util.concurrent.CopyOnWriteArrayList.forEach(CopyOnWriteArrayList.java:905)
	at knot//net.minecraft.gametest.framework.GameTestTicker.tick(GameTestTicker.java:56)
	at knot//net.minecraft.server.MinecraftServer.tickChildren(MinecraftServer.java:1135)
	at knot//net.minecraft.server.MinecraftServer.tickServer(MinecraftServer.java:980)
	at knot//net.minecraft.gametest.framework.GameTestServer.tickServer(GameTestServer.java:227)
	at knot//net.minecraft.server.MinecraftServer.processPacketsAndTick(MinecraftServer.java:1013)
	at knot//net.minecraft.server.MinecraftServer.runServer(MinecraftServer.java:752)
	at knot//net.minecraft.server.MinecraftServer.lambda$spin$0(MinecraftServer.java:310)
	at java.base/java.lang.Thread.run(Thread.java:1474)
[05:15:35] [Server thread/ERROR] (TestAnnotationLocator) Failed to invoke test method

java.lang.reflect.InvocationTargetException
	at java.base/jdk.internal.reflect.DirectMethodHandleAccessor.invoke(DirectMethodHandleAccessor.java:119)
	at java.base/java.lang.reflect.Method.invoke(Method.java:565)
	at knot//net.fabricmc.fabric.impl.gametest.TestAnnotationLocator$TestMethod.lambda$testFunction$0(TestAnnotationLocator.java:144)
	at knot//net.minecraft.gametest.framework.FunctionGameTestInstance.run(FunctionGameTestInstance.java:32)
	at knot//net.minecraft.gametest.framework.GameTestInfo.startTest(GameTestInfo.java:177)
	at knot//net.minecraft.gametest.framework.GameTestInfo.tickInternal(GameTestInfo.java:137)
	at knot//net.minecraft.gametest.framework.GameTestInfo.tick(GameTestInfo.java:120)
	at knot//net.minecraft.gametest.framework.GameTestTicker.lambda$tick$0(GameTestTicker.java:56)
	at java.base/java.util.concurrent.CopyOnWriteArrayList.forEach(CopyOnWriteArrayList.java:905)
	at knot//net.minecraft.gametest.framework.GameTestTicker.tick(GameTestTicker.java:56)
	at knot//net.minecraft.server.MinecraftServer.tickChildren(MinecraftServer.java:1135)
	at knot//net.minecraft.server.MinecraftServer.tickServer(MinecraftServer.java:980)
	at knot//net.minecraft.gametest.framework.GameTestServer.tickServer(GameTestServer.java:227)
	at knot//net.minecraft.server.MinecraftServer.processPacketsAndTick(MinecraftServer.java:1013)
	at knot//net.minecraft.server.MinecraftServer.runServer(MinecraftServer.java:752)
	at knot//net.minecraft.server.MinecraftServer.lambda$spin$0(MinecraftServer.java:310)
	at java.base/java.lang.Thread.run(Thread.java:1474)
Caused by: java.lang.IllegalStateException: Não foi possível salvar o dinheiro
	at knot//com.intoxicantes.PlayerMoney$Livro.set(PlayerMoney.java:135)
	at knot//com.intoxicantes.PlayerMoney.set(PlayerMoney.java:40)
	at knot//com.intoxicantes.PlayerMoney.add(PlayerMoney.java:43)
	at knot//com.intoxicantes.PlayerMoney.subtrair(PlayerMoney.java:51)
	at knot//com.intoxicantes.PrateleiraMercadoBlockEntity.comprar(PrateleiraMercadoBlockEntity.java:280)
	at knot//com.intoxicantes.PrateleiraGameTest.prateleiraAceitaQualquerItemEVendePelaEtiqueta(PrateleiraGameTest.java:128)
	at java.base/jdk.internal.reflect.DirectMethodHandleAccessor.invoke(DirectMethodHandleAccessor.java:104)
	... 16 more
Caused by: java.nio.file.AccessDeniedException: .\world\.\intoxicantes_money.json.pending -> .\world\.\intoxicantes_money.json
	at java.base/sun.nio.fs.WindowsException.translateToIOException(WindowsException.java:89)
	at java.base/sun.nio.fs.WindowsException.rethrowAsIOException(WindowsException.java:103)
	at java.base/sun.nio.fs.WindowsFileCopy.move(WindowsFileCopy.java:310)
	at java.base/sun.nio.fs.WindowsFileSystemProvider.move(WindowsFileSystemProvider.java:287)
	at java.base/java.nio.file.Files.move(Files.java:1319)
	at knot//com.intoxicantes.PlayerMoney.gravarAtomico(PlayerMoney.java:212)
	at knot//com.intoxicantes.PlayerMoney$Livro.salvar(PlayerMoney.java:176)
	at knot//com.intoxicantes.PlayerMoney$Livro.set(PlayerMoney.java:131)
	... 22 more
[05:15:35] [Server thread/INFO] (Minecraft) test-mock-player[embedded] logged in with entity id 795 at (0.0, 0.0, 0.0)
[05:15:35] [Server thread/INFO] (Minecraft) System chat: test-mock-player joined the game
[05:15:35] [Server thread/INFO] (Minecraft) [++++++++++++++++++++++++++++X+++X+++++++++++++++++++++++++++++++++++++++++++++++++++++++++++++++++++++++++++++++++++++++++++++++++++++++++++++++++X+++                                      ]
[05:15:35] [Server thread/ERROR] (Minecraft) intoxicantes-commerce-tests:prateleira_game_test_prateleira_aceita_qualquer_item_evende_pela_etiqueta failed at 10997739, 4, 3267723! Não foi possível salvar o dinheiro
[05:15:35] [Server thread/INFO] (Minecraft) Running test environment 'minecraft:default' batch 3 (38 tests)...
[05:15:35] [Server thread/INFO] (Minecraft) test-mock-player[embedded] logged in with entity id 796 at (0.0, 0.0, 0.0)
[05:15:35] [Server thread/INFO] (Minecraft) System chat: test-mock-player joined the game
[05:15:35] [Server thread/INFO] (intoxicantes) [Eletricidade] SNC Energies detectado: integração elétrica habilitada (fonte oficial de energia)
[05:15:35] [Server thread/INFO] (Minecraft) test-mock-player[embedded] logged in with entity id 797 at (0.0, 0.0, 0.0)
[05:15:35] [Server thread/INFO] (Minecraft) System chat: test-mock-player joined the game
[05:15:35] [Server thread/ERROR] (TestAnnotationLocator) Failed to invoke test method

java.lang.reflect.InvocationTargetException
	at java.base/jdk.internal.reflect.DirectMethodHandleAccessor.invoke(DirectMethodHandleAccessor.java:119)
	at java.base/java.lang.reflect.Method.invoke(Method.java:565)
	at knot//net.fabricmc.fabric.impl.gametest.TestAnnotationLocator$TestMethod.lambda$testFunction$0(TestAnnotationLocator.java:144)
	at knot//net.minecraft.gametest.framework.FunctionGameTestInstance.run(FunctionGameTestInstance.java:32)
	at knot//net.minecraft.gametest.framework.GameTestInfo.startTest(GameTestInfo.java:177)
	at knot//net.minecraft.gametest.framework.GameTestInfo.tickInternal(GameTestInfo.java:137)
	at knot//net.minecraft.gametest.framework.GameTestInfo.tick(GameTestInfo.java:120)
	at knot//net.minecraft.gametest.framework.GameTestTicker.lambda$tick$0(GameTestTicker.java:56)
	at java.base/java.util.concurrent.CopyOnWriteArrayList.forEach(CopyOnWriteArrayList.java:905)
	at knot//net.minecraft.gametest.framework.GameTestTicker.tick(GameTestTicker.java:56)
	at knot//net.minecraft.server.MinecraftServer.tickChildren(MinecraftServer.java:1135)
	at knot//net.minecraft.server.MinecraftServer.tickServer(MinecraftServer.java:980)
	at knot//net.minecraft.gametest.framework.GameTestServer.tickServer(GameTestServer.java:227)
	at knot//net.minecraft.server.MinecraftServer.processPacketsAndTick(MinecraftServer.java:1013)
	at knot//net.minecraft.server.MinecraftServer.runServer(MinecraftServer.java:752)
	at knot//net.minecraft.server.MinecraftServer.lambda$spin$0(MinecraftServer.java:310)
	at java.base/java.lang.Thread.run(Thread.java:1474)
Caused by: net.minecraft.gametest.framework.GameTestAssertException: Second click spends one spool and stretches the span on tick 0
	at knot//net.minecraft.gametest.framework.GameTestHelper.assertionException(GameTestHelper.java:96)
	at knot//net.minecraft.gametest.framework.GameTestHelper.assertTrue(GameTestHelper.java:1131)
	at knot//net.minecraft.gametest.framework.GameTestHelper.assertTrue(GameTestHelper.java:1136)
	at knot//com.intoxicantes.EletricidadeGameTest.bobinaEstendeUmTrechoPorVez(EletricidadeGameTest.java:945)
	at java.base/jdk.internal.reflect.DirectMethodHandleAccessor.invoke(DirectMethodHandleAccessor.java:104)
	... 16 more
[05:15:36] [Server thread/INFO] (Minecraft) test-mock-player[embedded] logged in with entity id 798 at (0.0, 0.0, 0.0)
[05:15:36] [Server thread/INFO] (Minecraft) System chat: test-mock-player joined the game
[05:15:36] [Server thread/ERROR] (TestAnnotationLocator) Failed to invoke test method

java.lang.reflect.InvocationTargetException
	at java.base/jdk.internal.reflect.DirectMethodHandleAccessor.invoke(DirectMethodHandleAccessor.java:119)
	at java.base/java.lang.reflect.Method.invoke(Method.java:565)
	at knot//net.fabricmc.fabric.impl.gametest.TestAnnotationLocator$TestMethod.lambda$testFunction$0(TestAnnotationLocator.java:144)
	at knot//net.minecraft.gametest.framework.FunctionGameTestInstance.run(FunctionGameTestInstance.java:32)
	at knot//net.minecraft.gametest.framework.GameTestInfo.startTest(GameTestInfo.java:177)
	at knot//net.minecraft.gametest.framework.GameTestInfo.tickInternal(GameTestInfo.java:137)
	at knot//net.minecraft.gametest.framework.GameTestInfo.tick(GameTestInfo.java:120)
	at knot//net.minecraft.gametest.framework.GameTestTicker.lambda$tick$0(GameTestTicker.java:56)
	at java.base/java.util.concurrent.CopyOnWriteArrayList.forEach(CopyOnWriteArrayList.java:905)
	at knot//net.minecraft.gametest.framework.GameTestTicker.tick(GameTestTicker.java:56)
	at knot//net.minecraft.server.MinecraftServer.tickChildren(MinecraftServer.java:1135)
	at knot//net.minecraft.server.MinecraftServer.tickServer(MinecraftServer.java:980)
	at knot//net.minecraft.gametest.framework.GameTestServer.tickServer(GameTestServer.java:227)
	at knot//net.minecraft.server.MinecraftServer.processPacketsAndTick(MinecraftServer.java:1013)
	at knot//net.minecraft.server.MinecraftServer.runServer(MinecraftServer.java:752)
	at knot//net.minecraft.server.MinecraftServer.lambda$spin$0(MinecraftServer.java:310)
	at java.base/java.lang.Thread.run(Thread.java:1474)
Caused by: net.minecraft.gametest.framework.GameTestAssertException: A valid survival span consumes one spool on tick 0
	at knot//net.minecraft.gametest.framework.GameTestHelper.assertionException(GameTestHelper.java:96)
	at knot//net.minecraft.gametest.framework.GameTestHelper.assertTrue(GameTestHelper.java:1131)
	at knot//net.minecraft.gametest.framework.GameTestHelper.assertTrue(GameTestHelper.java:1136)
	at knot//com.intoxicantes.EletricidadeGameTest.bobinaValidaOrigemAlcanceBitolaECriativo(EletricidadeGameTest.java:1079)
	at java.base/jdk.internal.reflect.DirectMethodHandleAccessor.invoke(DirectMethodHandleAccessor.java:104)
	... 16 more
[05:15:36] [Server thread/ERROR] (Minecraft) intoxicantes-commerce-tests:eletricidade_game_test_bobina_estende_um_trecho_por_vez failed at 10997769, 4, 3267740! Second click spends one spool and stretches the span on tick 0
[05:15:36] [Server thread/ERROR] (Minecraft) intoxicantes-commerce-tests:eletricidade_game_test_bobina_valida_origem_alcance_bitola_ecriativo failed at 10997754, 4, 3267757! A valid survival span consumes one spool on tick 0
[05:15:36] [Server thread/INFO] (Minecraft) [++++++++++++++++++++++++++++X+++X+++++++++++++++++++++++++++++++++++++++++++++++++++++++++++++++++++++++++++++++++++++++++++++++++++++++++++++++++X++++  +++X++  ++X+++  ++++               ]
[05:15:36] [Server thread/INFO] (Minecraft) [++++++++++++++++++++++++++++X+++X+++++++++++++++++++++++++++++++++++++++++++++++++++++++++++++++++++++++++++++++++++++++++++++++++++++++++++++++++X++++  +++X++  ++X+++  ++++               ]
[05:15:36] [Server thread/INFO] (Minecraft) [++++++++++++++++++++++++++++X+++X+++++++++++++++++++++++++++++++++++++++++++++++++++++++++++++++++++++++++++++++++++++++++++++++++++++++++++++++++X++++  +++X++  ++X+++  ++++               ]
[05:15:36] [Server thread/INFO] (Minecraft) [++++++++++++++++++++++++++++X+++X+++++++++++++++++++++++++++++++++++++++++++++++++++++++++++++++++++++++++++++++++++++++++++++++++++++++++++++++++X++++  +++X++  ++X+++  ++++               ]
[05:15:36] [Server thread/INFO] (Minecraft) test-mock-player[embedded] logged in with entity id 799 at (0.0, 0.0, 0.0)
[05:15:36] [Server thread/INFO] (Minecraft) System chat: test-mock-player joined the game
[05:15:36] [Server thread/INFO] (Minecraft) [++++++++++++++++++++++++++++X+++X+++++++++++++++++++++++++++++++++++++++++++++++++++++++++++++++++++++++++++++++++++++++++++++++++++++++++++++++++X+++++++++X++++++X+++++++++++  ++         ]
[05:15:36] [Server thread/INFO] (Minecraft) test-mock-player[embedded] logged in with entity id 800 at (0.0, 0.0, 0.0)
[05:15:36] [Server thread/INFO] (Minecraft) System chat: test-mock-player joined the game
[05:15:36] [Server thread/INFO] (Minecraft) [++++++++++++++++++++++++++++X+++X+++++++++++++++++++++++++++++++++++++++++++++++++++++++++++++++++++++++++++++++++++++++++++++++++++++++++++++++++X+++++++++X++++++X++++++++++++ ++++++     ]
[05:15:36] [Server thread/INFO] (Minecraft) [++++++++++++++++++++++++++++X+++X+++++++++++++++++++++++++++++++++++++++++++++++++++++++++++++++++++++++++++++++++++++++++++++++++++++++++++++++++X+++++++++X++++++X++++++++++++ ++++++     ]
[05:15:36] [Server thread/INFO] (Minecraft) [++++++++++++++++++++++++++++X+++X+++++++++++++++++++++++++++++++++++++++++++++++++++++++++++++++++++++++++++++++++++++++++++++++++++++++++++++++++X+++++++++X++++++X++++++++++++ ++++++     ]
[05:15:36] [Server thread/INFO] (Minecraft) [++++++++++++++++++++++++++++X+++X+++++++++++++++++++++++++++++++++++++++++++++++++++++++++++++++++++++++++++++++++++++++++++++++++++++++++++++++++X+++++++++X++++++X++++++++++++ ++++++     ]
[05:15:36] [Server thread/INFO] (Minecraft) test-mock-player[embedded] logged in with entity id 803 at (0.0, 0.0, 0.0)
[05:15:36] [Server thread/INFO] (Minecraft) System chat: test-mock-player joined the game
[05:15:36] [Server thread/INFO] (Minecraft) test-mock-player[embedded] logged in with entity id 804 at (0.0, 0.0, 0.0)
[05:15:36] [Server thread/INFO] (Minecraft) System chat: test-mock-player joined the game
[05:15:36] [Server thread/INFO] (Minecraft) test-mock-player[embedded] logged in with entity id 805 at (0.0, 0.0, 0.0)
[05:15:36] [Server thread/INFO] (Minecraft) System chat: test-mock-player joined the game
[05:15:36] [Server thread/INFO] (Minecraft) test-mock-player[embedded] logged in with entity id 807 at (0.0, 0.0, 0.0)
[05:15:36] [Server thread/INFO] (Minecraft) System chat: test-mock-player joined the game
[05:15:36] [Server thread/INFO] (Minecraft) [++++++++++++++++++++++++++++X+++X+++++++++++++++++++++++++++++++++++++++++++++++++++++++++++++++++++++++++++++++++++++++++++++++++++++++++++++++++X+++++++++X++++++X++++++++++++++++++++++++]
[05:15:36] [Server thread/INFO] (Minecraft) ========= 188 GAME TESTS COMPLETE IN 15.92 s ======================
[05:15:36] [Server thread/INFO] (Minecraft) 5 required tests failed :(
[05:15:36] [Server thread/INFO] (Minecraft)    - intoxicantes-commerce-tests:commerce_game_test_beverage_ingredients_pay_correct_batches_without_resale_profit: Unknown internal error: Não foi possível salvar o dinheiro
[05:15:36] [Server thread/INFO] (Minecraft)    - intoxicantes-commerce-tests:commerce_game_test_balance_saturates_at_ceiling_and_never_goes_negative: Unknown internal error: Failed to invoke test method: null
[05:15:36] [Server thread/INFO] (Minecraft)    - intoxicantes-commerce-tests:prateleira_game_test_prateleira_aceita_qualquer_item_evende_pela_etiqueta: Unknown internal error: Não foi possível salvar o dinheiro
[05:15:36] [Server thread/INFO] (Minecraft)    - intoxicantes-commerce-tests:eletricidade_game_test_bobina_estende_um_trecho_por_vez: Second click spends one spool and stretches the span on tick 0
[05:15:36] [Server thread/INFO] (Minecraft)    - intoxicantes-commerce-tests:eletricidade_game_test_bobina_valida_origem_alcance_bitola_ecriativo: A valid survival span consumes one spool on tick 0
[05:15:36] [Server thread/INFO] (Minecraft) ====================================================
[05:15:36] [Server thread/INFO] (Minecraft) Stopping server
[05:15:36] [Server thread/INFO] (Minecraft) Saving players
[05:15:37] [Server thread/INFO] (Minecraft) test-mock-player lost connection: Server closed
[05:15:37] [Server thread/INFO] (Minecraft) System chat: test-mock-player left the game
[05:15:37] [Server thread/INFO] (Minecraft) test-mock-player lost connection: Server closed
[05:15:37] [Server thread/INFO] (Minecraft) System chat: test-mock-player left the game
[05:15:37] [Server thread/INFO] (Minecraft) test-mock-player lost connection: Server closed
[05:15:37] [Server thread/INFO] (Minecraft) System chat: test-mock-player left the game
[05:15:37] [Server thread/INFO] (Minecraft) vitima-teste lost connection: Server closed
[05:15:37] [Server thread/INFO] (Minecraft) System chat: vitima-teste left the game
[05:15:37] [Server thread/INFO] (Minecraft) test-mock-player lost connection: Server closed
[05:15:37] [Server thread/INFO] (Minecraft) System chat: test-mock-player left the game
[05:15:37] [Server thread/INFO] (Minecraft) test-mock-player lost connection: Server closed
[05:15:37] [Server thread/INFO] (Minecraft) System chat: test-mock-player left the game
[05:15:37] [Server thread/INFO] (Minecraft) test-mock-player lost connection: Server closed
[05:15:37] [Server thread/INFO] (Minecraft) System chat: test-mock-player left the game
[05:15:37] [Server thread/INFO] (Minecraft) vitima-teste lost connection: Server closed
[05:15:37] [Server thread/INFO] (Minecraft) System chat: vitima-teste left the game
[05:15:37] [Server thread/INFO] (Minecraft) vitima-teste lost connection: Server closed
[05:15:37] [Server thread/INFO] (Minecraft) System chat: vitima-teste left the game
[05:15:37] [Server thread/INFO] (Minecraft) test-mock-player lost connection: Server closed
[05:15:37] [Server thread/INFO] (Minecraft) System chat: test-mock-player left the game
[05:15:37] [Server thread/INFO] (Minecraft) test-mock-player lost connection: Server closed
[05:15:37] [Server thread/INFO] (Minecraft) System chat: test-mock-player left the game
[05:15:37] [Server thread/INFO] (Minecraft) test-mock-player lost connection: Server closed
[05:15:37] [Server thread/INFO] (Minecraft) System chat: test-mock-player left the game
[05:15:37] [Server thread/INFO] (Minecraft) vitima-teste lost connection: Server closed
[05:15:37] [Server thread/INFO] (Minecraft) System chat: vitima-teste left the game
[05:15:37] [Server thread/INFO] (Minecraft) test-mock-player lost connection: Server closed
[05:15:37] [Server thread/INFO] (Minecraft) System chat: test-mock-player left the game
[05:15:37] [Server thread/INFO] (Minecraft) vitima-teste lost connection: Server closed
[05:15:37] [Server thread/INFO] (Minecraft) System chat: vitima-teste left the game
[05:15:37] [Server thread/INFO] (Minecraft) vitima-teste lost connection: Server closed
[05:15:37] [Server thread/INFO] (Minecraft) System chat: vitima-teste left the game
[05:15:37] [Server thread/INFO] (Minecraft) test-mock-player lost connection: Server closed
[05:15:37] [Server thread/INFO] (Minecraft) System chat: test-mock-player left the game
[05:15:37] [Server thread/INFO] (Minecraft) test-mock-player lost connection: Server closed
[05:15:37] [Server thread/INFO] (Minecraft) System chat: test-mock-player left the game
[05:15:37] [Server thread/INFO] (Minecraft) test-mock-player lost connection: Server closed
[05:15:37] [Server thread/INFO] (Minecraft) System chat: test-mock-player left the game
[05:15:37] [Server thread/INFO] (Minecraft) test-mock-player lost connection: Server closed
[05:15:37] [Server thread/INFO] (Minecraft) System chat: test-mock-player left the game
[05:15:37] [Server thread/INFO] (Minecraft) test-mock-player lost connection: Server closed
[05:15:37] [Server thread/INFO] (Minecraft) System chat: test-mock-player left the game
[05:15:37] [Server thread/INFO] (Minecraft) test-mock-player lost connection: Server closed
[05:15:37] [Server thread/INFO] (Minecraft) System chat: test-mock-player left the game
[05:15:37] [Server thread/INFO] (Minecraft) test-mock-player lost connection: Server closed
[05:15:37] [Server thread/INFO] (Minecraft) System chat: test-mock-player left the game
[05:15:37] [Server thread/INFO] (Minecraft) test-mock-player lost connection: Server closed
[05:15:37] [Server thread/INFO] (Minecraft) System chat: test-mock-player left the game
[05:15:37] [Server thread/INFO] (Minecraft) test-mock-player lost connection: Server closed
[05:15:37] [Server thread/INFO] (Minecraft) System chat: test-mock-player left the game
[05:15:37] [Server thread/INFO] (Minecraft) test-mock-player lost connection: Server closed
[05:15:37] [Server thread/INFO] (Minecraft) System chat: test-mock-player left the game
[05:15:37] [Server thread/INFO] (Minecraft) test-mock-player lost connection: Server closed
[05:15:37] [Server thread/INFO] (Minecraft) System chat: test-mock-player left the game
[05:15:37] [Server thread/INFO] (Minecraft) test-mock-player lost connection: Server closed
[05:15:37] [Server thread/INFO] (Minecraft) System chat: test-mock-player left the game
[05:15:37] [Server thread/INFO] (Minecraft) test-mock-player lost connection: Server closed
[05:15:37] [Server thread/INFO] (Minecraft) System chat: test-mock-player left the game
[05:15:37] [Server thread/INFO] (Minecraft) test-mock-player lost connection: Server closed
[05:15:37] [Server thread/INFO] (Minecraft) System chat: test-mock-player left the game
[05:15:37] [Server thread/INFO] (Minecraft) test-mock-player lost connection: Server closed
[05:15:37] [Server thread/INFO] (Minecraft) System chat: test-mock-player left the game
[05:15:37] [Server thread/INFO] (Minecraft) test-mock-player lost connection: Server closed
[05:15:37] [Server thread/INFO] (Minecraft) System chat: test-mock-player left the game
[05:15:37] [Server thread/INFO] (Minecraft) test-mock-player lost connection: Server closed
[05:15:37] [Server thread/INFO] (Minecraft) System chat: test-mock-player left the game
[05:15:37] [Server thread/INFO] (Minecraft) test-mock-player lost connection: Server closed
[05:15:37] [Server thread/INFO] (Minecraft) System chat: test-mock-player left the game
[05:15:37] [Server thread/INFO] (Minecraft) test-mock-player lost connection: Server closed
[05:15:37] [Server thread/INFO] (Minecraft) System chat: test-mock-player left the game
[05:15:37] [Server thread/INFO] (Minecraft) test-mock-player lost connection: Server closed
[05:15:37] [Server thread/INFO] (Minecraft) System chat: test-mock-player left the game
[05:15:37] [Server thread/INFO] (Minecraft) test-mock-player lost connection: Server closed
[05:15:37] [Server thread/INFO] (Minecraft) System chat: test-mock-player left the game
[05:15:37] [Server thread/INFO] (Minecraft) test-mock-player lost connection: Server closed
[05:15:37] [Server thread/INFO] (Minecraft) System chat: test-mock-player left the game
[05:15:37] [Server thread/INFO] (Minecraft) test-mock-player lost connection: Server closed
[05:15:37] [Server thread/INFO] (Minecraft) System chat: test-mock-player left the game
[05:15:37] [Server thread/INFO] (Minecraft) test-mock-player lost connection: Server closed
[05:15:37] [Server thread/INFO] (Minecraft) System chat: test-mock-player left the game
[05:15:37] [Server thread/INFO] (Minecraft) test-mock-player lost connection: Server closed
[05:15:37] [Server thread/INFO] (Minecraft) System chat: test-mock-player left the game
[05:15:38] [Server thread/INFO] (Minecraft) test-mock-player lost connection: Server closed
[05:15:38] [Server thread/INFO] (Minecraft) System chat: test-mock-player left the game
[05:15:38] [Server thread/INFO] (Minecraft) test-mock-player lost connection: Server closed
[05:15:38] [Server thread/INFO] (Minecraft) System chat: test-mock-player left the game
[05:15:38] [Server thread/INFO] (Minecraft) test-mock-player lost connection: Server closed
[05:15:38] [Server thread/INFO] (Minecraft) System chat: test-mock-player left the game
[05:15:38] [Server thread/INFO] (Minecraft) test-mock-player lost connection: Server closed
[05:15:38] [Server thread/INFO] (Minecraft) System chat: test-mock-player left the game
[05:15:38] [Server thread/INFO] (Minecraft) Saving worlds

> Task :runGameTest FAILED

FAILURE: Build failed with an exception.

* What went wrong:
Execution failed for task ':runGameTest' (registered by plugin 'fabric-loom').
> Process 'command 'C:\Users\enzop\.gradle\jdks\eclipse_adoptium-25-amd64-windows.2\bin\java.exe'' finished with non-zero exit value 1

* Try:
> Run with --stacktrace option to get the stack trace.
> Run with --info or --debug option to get more log output.
> Run with --scan to get full insights from a Build Scan (powered by Develocity).
> Get more help at https://help.gradle.org.

BUILD FAILED in 2m 27s
7 actionable tasks: 1 executed, 6 up-to-date
