WARNING: A restricted method in java.lang.System has been called
WARNING: java.lang.System::load has been called by net.rubygrapefruit.platform.internal.NativeLibraryLoader in an unnamed module (file:/C:/Users/enzop/.gradle/wrapper/dists/gradle-9.7.1-bin/1w1c7tv4s851m17nbqdsro2tv/gradle-9.7.1/lib/native-platform-0.22-milestone-29.jar)
WARNING: Use --enable-native-access=ALL-UNNAMED to avoid a warning for callers in this module
WARNING: Restricted methods will be blocked in a future release unless native access is enabled

Starting a Gradle Daemon (subsequent builds will be faster)

> Configure project :
Fabric Loom: 1.18.2

> Task :compileJava
Note: Some input files use or override a deprecated API.
Note: Recompile with -Xlint:deprecation for details.

> Task :processResources
> Task :classes
> Task :processIncludeJars UP-TO-DATE
> Task :jar

> Task :compileGametestJava
C:\Users\enzop\curseforge\minecraft\Instances\mod cet\intoxicantes-mod\src\gametest\java\com\intoxicantes\BebidasDecorativasGameTest.java:198: warning: [removal] makeMockServerPlayerInLevel() in GameTestHelper has been deprecated and marked for removal
        ServerPlayer player = helper.makeMockServerPlayerInLevel();
                                    ^
C:\Users\enzop\curseforge\minecraft\Instances\mod cet\intoxicantes-mod\src\gametest\java\com\intoxicantes\BebidasVaziasGameTest.java:87: warning: [removal] makeMockServerPlayerInLevel() in GameTestHelper has been deprecated and marked for removal
        ServerPlayer player = helper.makeMockServerPlayerInLevel();
                                    ^
C:\Users\enzop\curseforge\minecraft\Instances\mod cet\intoxicantes-mod\src\gametest\java\com\intoxicantes\BebidasVaziasGameTest.java:111: warning: [removal] makeMockServerPlayerInLevel() in GameTestHelper has been deprecated and marked for removal
        ServerPlayer player = helper.makeMockServerPlayerInLevel();
                                    ^
C:\Users\enzop\curseforge\minecraft\Instances\mod cet\intoxicantes-mod\src\gametest\java\com\intoxicantes\BebidasVaziasGameTest.java:150: warning: [removal] makeMockServerPlayerInLevel() in GameTestHelper has been deprecated and marked for removal
        ServerPlayer player = helper.makeMockServerPlayerInLevel();
                                    ^
C:\Users\enzop\curseforge\minecraft\Instances\mod cet\intoxicantes-mod\src\gametest\java\com\intoxicantes\CommerceGameTest.java:63: warning: [removal] makeMockServerPlayerInLevel() in GameTestHelper has been deprecated and marked for removal
        var player = helper.makeMockServerPlayerInLevel();
                           ^
C:\Users\enzop\curseforge\minecraft\Instances\mod cet\intoxicantes-mod\src\gametest\java\com\intoxicantes\CommerceGameTest.java:91: warning: [removal] makeMockServerPlayerInLevel() in GameTestHelper has been deprecated and marked for removal
        var player = helper.makeMockServerPlayerInLevel();
                           ^
C:\Users\enzop\curseforge\minecraft\Instances\mod cet\intoxicantes-mod\src\gametest\java\com\intoxicantes\CommerceGameTest.java:127: warning: [removal] makeMockServerPlayerInLevel() in GameTestHelper has been deprecated and marked for removal
        var player = helper.makeMockServerPlayerInLevel();
                           ^
C:\Users\enzop\curseforge\minecraft\Instances\mod cet\intoxicantes-mod\src\gametest\java\com\intoxicantes\CommerceGameTest.java:329: warning: [removal] makeMockServerPlayerInLevel() in GameTestHelper has been deprecated and marked for removal
        var player = helper.makeMockServerPlayerInLevel();
                           ^
C:\Users\enzop\curseforge\minecraft\Instances\mod cet\intoxicantes-mod\src\gametest\java\com\intoxicantes\CommerceGameTest.java:407: warning: [removal] makeMockServerPlayerInLevel() in GameTestHelper has been deprecated and marked for removal
        var player = helper.makeMockServerPlayerInLevel();
                           ^
C:\Users\enzop\curseforge\minecraft\Instances\mod cet\intoxicantes-mod\src\gametest\java\com\intoxicantes\CommerceGameTest.java:448: warning: [removal] makeMockServerPlayerInLevel() in GameTestHelper has been deprecated and marked for removal
        var player = helper.makeMockServerPlayerInLevel();
                           ^
C:\Users\enzop\curseforge\minecraft\Instances\mod cet\intoxicantes-mod\src\gametest\java\com\intoxicantes\CommerceGameTest.java:540: warning: [removal] makeMockServerPlayerInLevel() in GameTestHelper has been deprecated and marked for removal
        var player = helper.makeMockServerPlayerInLevel();
                           ^
C:\Users\enzop\curseforge\minecraft\Instances\mod cet\intoxicantes-mod\src\gametest\java\com\intoxicantes\CommerceGameTest.java:592: warning: [removal] makeMockServerPlayerInLevel() in GameTestHelper has been deprecated and marked for removal
            var player = helper.makeMockServerPlayerInLevel();
                               ^
C:\Users\enzop\curseforge\minecraft\Instances\mod cet\intoxicantes-mod\src\gametest\java\com\intoxicantes\CommerceGameTest.java:641: warning: [removal] makeMockServerPlayerInLevel() in GameTestHelper has been deprecated and marked for removal
        var player = helper.makeMockServerPlayerInLevel();
                           ^
C:\Users\enzop\curseforge\minecraft\Instances\mod cet\intoxicantes-mod\src\gametest\java\com\intoxicantes\CommerceGameTest.java:779: warning: [removal] makeMockServerPlayerInLevel() in GameTestHelper has been deprecated and marked for removal
        var atirador = helper.makeMockServerPlayerInLevel();
                             ^
C:\Users\enzop\curseforge\minecraft\Instances\mod cet\intoxicantes-mod\src\gametest\java\com\intoxicantes\CommerceGameTest.java:819: warning: [removal] makeMockServerPlayerInLevel() in GameTestHelper has been deprecated and marked for removal
        var atirador = helper.makeMockServerPlayerInLevel();
                             ^
C:\Users\enzop\curseforge\minecraft\Instances\mod cet\intoxicantes-mod\src\gametest\java\com\intoxicantes\CommerceGameTest.java:1457: warning: [removal] makeMockServerPlayerInLevel() in GameTestHelper has been deprecated and marked for removal
        var fregues = helper.makeMockServerPlayerInLevel();
                            ^
C:\Users\enzop\curseforge\minecraft\Instances\mod cet\intoxicantes-mod\src\gametest\java\com\intoxicantes\CommerceGameTest.java:1608: warning: [removal] makeMockServerPlayerInLevel() in GameTestHelper has been deprecated and marked for removal
        ServerPlayer player = helper.makeMockServerPlayerInLevel();
                                    ^
C:\Users\enzop\curseforge\minecraft\Instances\mod cet\intoxicantes-mod\src\gametest\java\com\intoxicantes\CommerceGameTest.java:2333: warning: [removal] makeMockServerPlayerInLevel() in GameTestHelper has been deprecated and marked for removal
        var player = helper.makeMockServerPlayerInLevel();
                           ^
C:\Users\enzop\curseforge\minecraft\Instances\mod cet\intoxicantes-mod\src\gametest\java\com\intoxicantes\CommerceGameTest.java:2388: warning: [removal] makeMockServerPlayerInLevel() in GameTestHelper has been deprecated and marked for removal
        var player = helper.makeMockServerPlayerInLevel();
                           ^
C:\Users\enzop\curseforge\minecraft\Instances\mod cet\intoxicantes-mod\src\gametest\java\com\intoxicantes\CommerceGameTest.java:2424: warning: [removal] makeMockServerPlayerInLevel() in GameTestHelper has been deprecated and marked for removal
        var player = helper.makeMockServerPlayerInLevel();
                           ^
C:\Users\enzop\curseforge\minecraft\Instances\mod cet\intoxicantes-mod\src\gametest\java\com\intoxicantes\CommerceGameTest.java:2467: warning: [removal] makeMockServerPlayerInLevel() in GameTestHelper has been deprecated and marked for removal
        var player = helper.makeMockServerPlayerInLevel();
                           ^
C:\Users\enzop\curseforge\minecraft\Instances\mod cet\intoxicantes-mod\src\gametest\java\com\intoxicantes\CommerceGameTest.java:2498: warning: [removal] makeMockServerPlayerInLevel() in GameTestHelper has been deprecated and marked for removal
        var player = helper.makeMockServerPlayerInLevel();
                           ^
C:\Users\enzop\curseforge\minecraft\Instances\mod cet\intoxicantes-mod\src\gametest\java\com\intoxicantes\EletricidadeGameTest.java:135: warning: [removal] makeMockServerPlayerInLevel() in GameTestHelper has been deprecated and marked for removal
        var player = helper.makeMockServerPlayerInLevel();
                           ^
C:\Users\enzop\curseforge\minecraft\Instances\mod cet\intoxicantes-mod\src\gametest\java\com\intoxicantes\EletricidadeGameTest.java:435: warning: [removal] makeMockServerPlayerInLevel() in GameTestHelper has been deprecated and marked for removal
        var jogador = helper.makeMockServerPlayerInLevel();
                            ^
C:\Users\enzop\curseforge\minecraft\Instances\mod cet\intoxicantes-mod\src\gametest\java\com\intoxicantes\EletricidadeGameTest.java:629: warning: [removal] makeMockServerPlayerInLevel() in GameTestHelper has been deprecated and marked for removal
        var player=h.makeMockServerPlayerInLevel();
                    ^
C:\Users\enzop\curseforge\minecraft\Instances\mod cet\intoxicantes-mod\src\gametest\java\com\intoxicantes\EletricidadeGameTest.java:651: warning: [removal] makeMockServerPlayerInLevel() in GameTestHelper has been deprecated and marked for removal
        var player = h.makeMockServerPlayerInLevel();
                      ^
C:\Users\enzop\curseforge\minecraft\Instances\mod cet\intoxicantes-mod\src\gametest\java\com\intoxicantes\EletricidadeGameTest.java:734: warning: [removal] makeMockServerPlayerInLevel() in GameTestHelper has been deprecated and marked for removal
        var player = h.makeMockServerPlayerInLevel();
                      ^
C:\Users\enzop\curseforge\minecraft\Instances\mod cet\intoxicantes-mod\src\gametest\java\com\intoxicantes\GuiaGameTest.java:162: warning: [removal] makeMockServerPlayerInLevel() in GameTestHelper has been deprecated and marked for removal
        ServerPlayer player = helper.makeMockServerPlayerInLevel();
                                    ^
C:\Users\enzop\curseforge\minecraft\Instances\mod cet\intoxicantes-mod\src\gametest\java\com\intoxicantes\GuiMaquinasGameTest.java:34: warning: [removal] makeMockServerPlayerInLevel() in GameTestHelper has been deprecated and marked for removal
        var player = helper.makeMockServerPlayerInLevel();
                           ^
C:\Users\enzop\curseforge\minecraft\Instances\mod cet\intoxicantes-mod\src\gametest\java\com\intoxicantes\GuiMaquinasGameTest.java:74: warning: [removal] makeMockServerPlayerInLevel() in GameTestHelper has been deprecated and marked for removal
        var player = helper.makeMockServerPlayerInLevel();
                           ^
C:\Users\enzop\curseforge\minecraft\Instances\mod cet\intoxicantes-mod\src\gametest\java\com\intoxicantes\GuiMaquinasGameTest.java:105: warning: [removal] makeMockServerPlayerInLevel() in GameTestHelper has been deprecated and marked for removal
        var player = helper.makeMockServerPlayerInLevel();
                           ^
C:\Users\enzop\curseforge\minecraft\Instances\mod cet\intoxicantes-mod\src\gametest\java\com\intoxicantes\GuiMaquinasGameTest.java:135: warning: [removal] makeMockServerPlayerInLevel() in GameTestHelper has been deprecated and marked for removal
        var player = helper.makeMockServerPlayerInLevel();
                           ^
C:\Users\enzop\curseforge\minecraft\Instances\mod cet\intoxicantes-mod\src\gametest\java\com\intoxicantes\GuiMaquinasGameTest.java:155: warning: [removal] makeMockServerPlayerInLevel() in GameTestHelper has been deprecated and marked for removal
        var player = helper.makeMockServerPlayerInLevel();
                           ^
C:\Users\enzop\curseforge\minecraft\Instances\mod cet\intoxicantes-mod\src\gametest\java\com\intoxicantes\GuiMaquinasGameTest.java:181: warning: [removal] makeMockServerPlayerInLevel() in GameTestHelper has been deprecated and marked for removal
        var player = helper.makeMockServerPlayerInLevel();
                           ^
C:\Users\enzop\curseforge\minecraft\Instances\mod cet\intoxicantes-mod\src\gametest\java\com\intoxicantes\GuiMaquinasGameTest.java:246: warning: [removal] makeMockServerPlayerInLevel() in GameTestHelper has been deprecated and marked for removal
        var player = helper.makeMockServerPlayerInLevel();
                           ^
C:\Users\enzop\curseforge\minecraft\Instances\mod cet\intoxicantes-mod\src\gametest\java\com\intoxicantes\GuiMaquinasGameTest.java:320: warning: [removal] makeMockServerPlayerInLevel() in GameTestHelper has been deprecated and marked for removal
        var player = helper.makeMockServerPlayerInLevel();
                           ^
C:\Users\enzop\curseforge\minecraft\Instances\mod cet\intoxicantes-mod\src\gametest\java\com\intoxicantes\GuiMaquinasGameTest.java:335: warning: [removal] makeMockServerPlayerInLevel() in GameTestHelper has been deprecated and marked for removal
        var player = helper.makeMockServerPlayerInLevel();
                           ^
C:\Users\enzop\curseforge\minecraft\Instances\mod cet\intoxicantes-mod\src\gametest\java\com\intoxicantes\LedPotenciaGameTest.java:79: warning: [removal] makeMockServerPlayerInLevel() in GameTestHelper has been deprecated and marked for removal
        var player = helper.makeMockServerPlayerInLevel();
                           ^
C:\Users\enzop\curseforge\minecraft\Instances\mod cet\intoxicantes-mod\src\gametest\java\com\intoxicantes\LedPotenciaGameTest.java:116: warning: [removal] makeMockServerPlayerInLevel() in GameTestHelper has been deprecated and marked for removal
        var player = helper.makeMockServerPlayerInLevel();
                           ^
C:\Users\enzop\curseforge\minecraft\Instances\mod cet\intoxicantes-mod\src\gametest\java\com\intoxicantes\ParreiraGameTest.java:77: warning: [removal] makeMockServerPlayerInLevel() in GameTestHelper has been deprecated and marked for removal
        ServerPlayer player = helper.makeMockServerPlayerInLevel();
                                    ^
C:\Users\enzop\curseforge\minecraft\Instances\mod cet\intoxicantes-mod\src\gametest\java\com\intoxicantes\PrateleiraGameTest.java:106: warning: [removal] makeMockServerPlayerInLevel() in GameTestHelper has been deprecated and marked for removal
        ServerPlayer player = helper.makeMockServerPlayerInLevel();
                                    ^
C:\Users\enzop\curseforge\minecraft\Instances\mod cet\intoxicantes-mod\src\gametest\java\com\intoxicantes\PrateleiraGameTest.java:296: warning: [removal] makeMockServerPlayerInLevel() in GameTestHelper has been deprecated and marked for removal
        var player = helper.makeMockServerPlayerInLevel();
                           ^
C:\Users\enzop\curseforge\minecraft\Instances\mod cet\intoxicantes-mod\src\gametest\java\com\intoxicantes\PrateleiraGameTest.java:476: warning: [removal] makeMockServerPlayerInLevel() in GameTestHelper has been deprecated and marked for removal
        ServerPlayer player = helper.makeMockServerPlayerInLevel();
                                    ^
C:\Users\enzop\curseforge\minecraft\Instances\mod cet\intoxicantes-mod\src\gametest\java\com\intoxicantes\PrateleiraGameTest.java:583: warning: [removal] makeMockServerPlayerInLevel() in GameTestHelper has been deprecated and marked for removal
        ServerPlayer player = helper.makeMockServerPlayerInLevel();
                                    ^
C:\Users\enzop\curseforge\minecraft\Instances\mod cet\intoxicantes-mod\src\gametest\java\com\intoxicantes\SaudeGameTest.java:30: warning: [removal] makeMockServerPlayerInLevel() in GameTestHelper has been deprecated and marked for removal
        ServerPlayer player = helper.makeMockServerPlayerInLevel();
                                    ^
C:\Users\enzop\curseforge\minecraft\Instances\mod cet\intoxicantes-mod\src\gametest\java\com\intoxicantes\SaudeGameTest.java:58: warning: [removal] makeMockServerPlayerInLevel() in GameTestHelper has been deprecated and marked for removal
        ServerPlayer player = helper.makeMockServerPlayerInLevel();
                                    ^
C:\Users\enzop\curseforge\minecraft\Instances\mod cet\intoxicantes-mod\src\gametest\java\com\intoxicantes\SaudeGameTest.java:80: warning: [removal] makeMockServerPlayerInLevel() in GameTestHelper has been deprecated and marked for removal
        ServerPlayer player = helper.makeMockServerPlayerInLevel();
                                    ^
C:\Users\enzop\curseforge\minecraft\Instances\mod cet\intoxicantes-mod\src\gametest\java\com\intoxicantes\SaudeGameTest.java:107: warning: [removal] makeMockServerPlayerInLevel() in GameTestHelper has been deprecated and marked for removal
        ServerPlayer player = helper.makeMockServerPlayerInLevel();
                                    ^
C:\Users\enzop\curseforge\minecraft\Instances\mod cet\intoxicantes-mod\src\gametest\java\com\intoxicantes\SaudeGameTest.java:143: warning: [removal] makeMockServerPlayerInLevel() in GameTestHelper has been deprecated and marked for removal
        ServerPlayer player = helper.makeMockServerPlayerInLevel();
                                    ^
C:\Users\enzop\curseforge\minecraft\Instances\mod cet\intoxicantes-mod\src\gametest\java\com\intoxicantes\SaudeGameTest.java:169: warning: [removal] makeMockServerPlayerInLevel() in GameTestHelper has been deprecated and marked for removal
        ServerPlayer player = helper.makeMockServerPlayerInLevel();
                                    ^
C:\Users\enzop\curseforge\minecraft\Instances\mod cet\intoxicantes-mod\src\gametest\java\com\intoxicantes\SaudeGameTest.java:201: warning: [removal] makeMockServerPlayerInLevel() in GameTestHelper has been deprecated and marked for removal
        ServerPlayer player = helper.makeMockServerPlayerInLevel();
                                    ^
C:\Users\enzop\curseforge\minecraft\Instances\mod cet\intoxicantes-mod\src\gametest\java\com\intoxicantes\SaudeGameTest.java:227: warning: [removal] makeMockServerPlayerInLevel() in GameTestHelper has been deprecated and marked for removal
        ServerPlayer player = helper.makeMockServerPlayerInLevel();
                                    ^
C:\Users\enzop\curseforge\minecraft\Instances\mod cet\intoxicantes-mod\src\gametest\java\com\intoxicantes\SaudeGameTest.java:253: warning: [removal] makeMockServerPlayerInLevel() in GameTestHelper has been deprecated and marked for removal
        ServerPlayer player = helper.makeMockServerPlayerInLevel();
                                    ^
C:\Users\enzop\curseforge\minecraft\Instances\mod cet\intoxicantes-mod\src\gametest\java\com\intoxicantes\SaudeGameTest.java:285: warning: [removal] makeMockServerPlayerInLevel() in GameTestHelper has been deprecated and marked for removal
        ServerPlayer player = helper.makeMockServerPlayerInLevel();
                                    ^
Note: Some input files use or override a deprecated API.
Note: Recompile with -Xlint:deprecation for details.
54 warnings

> Task :assemble
> Task :generateLog4jConfig UP-TO-DATE
> Task :generateDLIConfig UP-TO-DATE
> Task :configureLaunch UP-TO-DATE
> Task :processGametestResources
> Task :gametestClasses

> Task :runGameTest
[19:14:46] [main/INFO] (FabricLoader/GameProvider) Loading Minecraft 26.3 with Fabric Loader 0.19.5
[19:14:46] [main/INFO] (FabricLoader/Mappings) Mappings not present!
[19:14:47] [main/INFO] (FabricLoader) Loading 45 mods:
	- fabric-api 0.160.7+26.3
	- fabric-api-base 2.0.6+fcdff87f5d
	- fabric-api-lookup-api-v1 2.0.24+3434d6d95d
	- fabric-biome-api-v1 20.0.9+74ed1ea55d
	- fabric-block-api-v1 3.1.0+0ae6f9115d
	- fabric-block-getter-api-v2 2.0.9+3434d6d95d
	- fabric-command-api-v2 3.1.2+fcdff87f5d
	- fabric-content-registries-v0 15.0.4+74ed1ea55d
	- fabric-convention-tags-v2 4.10.2+5a4e5fc65d
	- fabric-crash-report-info-v1 1.0.7+fcdff87f5d
	- fabric-creative-tab-api-v1 5.0.21+fcdff87f5d
	- fabric-data-attachment-api-v1 2.2.30+3434d6d95d
	- fabric-data-generation-api-v1 27.2.3+64902b845d
	- fabric-debug-api-v1 1.0.4+3434d6d95d
	- fabric-dimensions-v1 5.1.19+47f74c985d
	- fabric-entity-events-v1 6.0.4+3434d6d95d
	- fabric-events-interaction-v0 5.3.6+3434d6d95d
	- fabric-game-rule-api-v1 4.0.10+3434d6d95d
	- fabric-gametest-api-v1 4.0.32+3434d6d95d
	- fabric-item-api-v1 14.7.0+cf6bc2db5d
	- fabric-lifecycle-events-v1 4.1.9+ffef5f675d
	- fabric-loot-api-v3 4.0.8+4068fd645d
	- fabric-menu-api-v1 2.0.27+ed66f0a35d
	- fabric-message-api-v1 7.0.10+3434d6d95d
	- fabric-networking-api-v1 6.3.8+fcdff87f5d
	- fabric-object-builder-api-v1 24.1.9+3434d6d95d
	- fabric-particles-v1 5.0.24+3434d6d95d
	- fabric-permission-api-v1 1.0.8+fcdff87f5d
	- fabric-recipe-api-v1 10.0.8+fcdff87f5d
	- fabric-registry-sync-v0 8.0.1+fcdff87f5d
	- fabric-rendering-fluids-v1 6.0.6+3434d6d95d
	- fabric-resource-conditions-api-v1 6.1.5+3434d6d95d
	- fabric-resource-loader-v0 3.3.26+4fc5413f5d
	- fabric-resource-loader-v1 3.0.4+fcdff87f5d
	- fabric-serialization-api-v1 2.0.7+74ed1ea55d
	- fabric-tag-api-v1 2.1.10+fcdff87f5d
	- fabric-transfer-api-v1 8.0.25+fcdff87f5d
	- fabric-transitive-access-wideners-v1 8.1.16+52268a0e5d
	- fabricloader 0.19.5
	- intoxicantes 1.2.79
	- intoxicantes-commerce-tests 1.0.0
	- java 25
	- minecraft 26.3
	- mixinextras 0.5.5
	- snc_energies 0.8.0
[19:14:47] [main/INFO] (FabricLoader/Mixin) SpongePowered MIXIN Subsystem Version=0.8.7 Source=file:/C:/Users/enzop/.gradle/caches/modules-2/files-2.1/net.fabricmc/sponge-mixin/0.17.4+mixin.0.8.7/5f66cc9f59b8efaa942155a3d5a30599bf6640dd/sponge-mixin-0.17.4+mixin.0.8.7.jar Service=Knot/Fabric Env=SERVER
[19:14:48] [main/INFO] (FabricLoader/MixinExtras|Service) Initializing MixinExtras via com.llamalad7.mixinextras.service.MixinExtrasServiceImpl(version=0.5.5).
[19:14:51] [main/ERROR] (HkeyPerformanceDataUtil) Unable to locate English counter names in registry Perflib 009. Counters may need to be rebuilt: 

com.sun.jna.platform.win32.Win32Exception: Parâmetro incorreto.
	at knot//com.sun.jna.platform.win32.Advapi32Util.registryGetStringArray(Advapi32Util.java:921)
	at knot//com.sun.jna.platform.win32.Advapi32Util.registryGetStringArray(Advapi32Util.java:898)
	at knot//oshi.driver.windows.registry.HkeyPerformanceDataUtil.mapCounterIndicesFromRegistry(HkeyPerformanceDataUtil.java:274)
	at knot//oshi.driver.windows.registry.HkeyPerformanceDataUtil.<clinit>(HkeyPerformanceDataUtil.java:51)
	at knot//oshi.driver.windows.registry.ProcessPerformanceData.buildProcessMapFromRegistry(ProcessPerformanceData.java:45)
	at knot//oshi.software.os.windows.WindowsOperatingSystem.queryProcessMapFromRegistry(WindowsOperatingSystem.java:328)
	at knot//oshi.util.Memoizer$1.get(Memoizer.java:65)
	at knot//oshi.software.os.windows.WindowsOperatingSystem.processMapToList(WindowsOperatingSystem.java:298)
	at knot//oshi.software.os.windows.WindowsOperatingSystem.getProcess(WindowsOperatingSystem.java:292)
	at knot//oshi.software.os.OperatingSystem.getCurrentProcess(OperatingSystem.java:246)
	at knot//net.minecraft.SystemReport.lambda$putSoftware$0(SystemReport.java:116)
	at knot//net.minecraft.SystemReport.ignoreErrors(SystemReport.java:121)
	at knot//net.minecraft.SystemReport.putSoftware(SystemReport.java:116)
	at knot//net.minecraft.SystemReport.lambda$new$7(SystemReport.java:68)
	at knot//net.minecraft.SystemReport.ignoreErrors(SystemReport.java:121)
	at knot//net.minecraft.SystemReport.<init>(SystemReport.java:68)
	at knot//net.minecraft.CrashReport.<init>(CrashReport.java:35)
	at knot//net.minecraft.CrashReport.preload(CrashReport.java:252)
	at knot//net.minecraft.server.Main.main(Main.java:104)
	at net.fabricmc.loader.impl.game.minecraft.MinecraftGameProvider.launch(MinecraftGameProvider.java:517)
	at net.fabricmc.loader.impl.launch.knot.Knot.launch(Knot.java:72)
	at net.fabricmc.loader.impl.launch.knot.KnotServer.main(KnotServer.java:23)
	at net.fabricmc.devlaunchinjector.Main.main(Main.java:86)
[19:14:51] [main/WARN] (PerfCounterQuery) Unable to locate English counter names in registry Perflib 009. Assuming English counters. Error 0x80070057. See https://support.microsoft.com/en-us/help/300956/how-to-manually-rebuild-performance-counter-library-values
[19:14:51] [main/WARN] (PerfCounterWildcardQuery) Failed to locate performance object for Process in the registry. Performance counters may be corrupt. Pdh call failed with error code 0xC0000BB8
[19:14:52] [main/INFO] (PerfCounterWildcardQuery) Disabling further attempts to query Process.
[19:15:11] [main/INFO] (intoxicantes) [Intoxicantes] Plantacoes, bebidas, NPCs, substancias e a economia R$ registradas. Boa esquina!
[19:15:11] [main/INFO] (SNC Energies) SNC Energies blocks constructed
[19:15:11] [main/INFO] (SNC Energies) SNC Energies block entities registered
[19:15:11] [main/INFO] (SNC Energies) SNC Energies entities registered
[19:15:11] [main/INFO] (SNC Energies) SNC Energies items registered
[19:15:11] [main/INFO] (SNC Energies) SNC Energies menus registered
[19:15:11] [main/INFO] (SNC Energies) SNC Energies recipes ready
[19:15:12] [main/INFO] (SNC Energies) SNC Energies mercadao retrogen registered
[19:15:12] [main/INFO] (SNC Energies) SNC Adventures 1.2.79 detected; optional biomass integration enabled
[19:15:12] [main/INFO] (SNC Energies) SNC Energies initialized: the grid is live!
[19:15:12] [main/INFO] (Minecraft) Environment: Environment[discoveryUrl=https://discovery.minecraftservices.com/minecraft/client, name=PROD]
[19:15:12] [main/INFO] (FabricGameTestRunner) Starting test server
[19:15:15] [Worker-Main-2/WARN] (Minecraft) Found loot table element validation problem in {intoxicantes:blocks/coqueiro_folhas@minecraft:loot_table}.pools[0].entries[0]: Unreachable entry!
[19:15:16] [Worker-Main-2/INFO] (Minecraft) Loaded 1877 advancements
[19:15:16] [main/INFO] (BiomeModificationImpl) Applied 25 biome modifications to 19 of 67 new biomes in 13.47 ms
[19:15:16] [Server thread/INFO] (intoxicantes) [Intoxicantes] Sistema de dinheiro R$ e Mercado Esquinao inicializados.
[19:15:17] [Server thread/INFO] (Minecraft) Selecting global world spawn...
[19:15:17] [Server thread/INFO] (Minecraft) Loading 0 persistent chunks...
[19:15:17] [Server thread/INFO] (Minecraft) Preparing spawn area: 100%
[19:15:17] [Server thread/INFO] (Minecraft) Time elapsed: 415 ms
[19:15:17] [Server thread/INFO] (Minecraft) Started game test server
[19:15:19] [Server thread/INFO] (Minecraft) 171 tests are now running at position -14940285, 4, 258138!
[19:15:22] [Server thread/INFO] (Minecraft) Running test environment 'minecraft:default' batch 0 (50 tests)...
[19:15:22] [Server thread/WARN] (Minecraft) Can't keep up! Is the server overloaded? Running 4301ms or 86 ticks behind
[19:15:23] [Server thread/INFO] (Minecraft) test-mock-player[embedded] logged in with entity id 2 at (0.0, 0.0, 0.0)
[19:15:23] [Server thread/INFO] (Minecraft) System chat: test-mock-player joined the game
[19:15:23] [Server thread/INFO] (Minecraft) vitima-teste[embedded] logged in with entity id 3 at (0.0, 0.0, 0.0)
[19:15:23] [Server thread/INFO] (Minecraft) System chat: vitima-teste joined the game
[19:15:23] [Server thread/INFO] (intoxicantes) [Escopeta] tiro: 1 balim(s) em 1 vitima(s) (ads=false)
[19:15:23] [Server thread/INFO] (Minecraft) test-mock-player[embedded] logged in with entity id 6 at (0.0, 0.0, 0.0)
[19:15:23] [Server thread/INFO] (Minecraft) System chat: test-mock-player joined the game
[19:15:23] [Server thread/INFO] (Minecraft) vitima-teste[embedded] logged in with entity id 8 at (0.0, 0.0, 0.0)
[19:15:23] [Server thread/INFO] (Minecraft) System chat: vitima-teste joined the game
[19:15:23] [Server thread/INFO] (Minecraft) test-mock-player[embedded] logged in with entity id 9 at (0.0, 0.0, 0.0)
[19:15:23] [Server thread/INFO] (Minecraft) System chat: test-mock-player joined the game
[19:15:23] [Server thread/INFO] (Minecraft) test-mock-player[embedded] logged in with entity id 13 at (0.0, 0.0, 0.0)
[19:15:23] [Server thread/INFO] (Minecraft) System chat: test-mock-player joined the game
[19:15:23] [Server thread/INFO] (Minecraft) vitima-teste[embedded] logged in with entity id 14 at (0.0, 0.0, 0.0)
[19:15:23] [Server thread/INFO] (Minecraft) System chat: vitima-teste joined the game
[19:15:23] [Server thread/INFO] (intoxicantes) [Revolver] tiro .38: alvo=Traficante dist=1.7433307 (ads=false)
[19:15:23] [Server thread/INFO] (intoxicantes) [Revolver] tiro .38: alvo=Traficante dist=1.7431688 (ads=false)
[19:15:23] [Server thread/INFO] (intoxicantes) [Revolver] tiro .38: alvo=Traficante dist=1.7431095 (ads=false)
[19:15:23] [Server thread/INFO] (intoxicantes) [Market] Posicao do Mercado carregada: 0, -64, 0
[19:15:23] [Server thread/INFO] (Minecraft) test-mock-player[embedded] logged in with entity id 17 at (0.0, 0.0, 0.0)
[19:15:23] [Server thread/INFO] (Minecraft) System chat: test-mock-player joined the game
[19:15:24] [Server thread/INFO] (Minecraft) test-mock-player[embedded] logged in with entity id 18 at (0.0, 0.0, 0.0)
[19:15:24] [Server thread/INFO] (Minecraft) System chat: test-mock-player joined the game
[19:15:24] [Server thread/INFO] (Minecraft) vitima-teste[embedded] logged in with entity id 20 at (0.0, 0.0, 0.0)
[19:15:24] [Server thread/INFO] (Minecraft) System chat: vitima-teste joined the game
[19:15:24] [Server thread/INFO] (Minecraft) test-mock-player[embedded] logged in with entity id 21 at (0.0, 0.0, 0.0)
[19:15:24] [Server thread/INFO] (Minecraft) System chat: test-mock-player joined the game
[19:15:24] [Server thread/INFO] (Minecraft) test-mock-player[embedded] logged in with entity id 22 at (0.0, 0.0, 0.0)
[19:15:24] [Server thread/INFO] (Minecraft) System chat: test-mock-player joined the game
[19:15:24] [Server thread/INFO] (Minecraft) vitima-teste[embedded] logged in with entity id 23 at (0.0, 0.0, 0.0)
[19:15:24] [Server thread/INFO] (Minecraft) System chat: vitima-teste joined the game
[19:15:24] [Server thread/INFO] (Minecraft) vitima-teste[embedded] logged in with entity id 27 at (0.0, 0.0, 0.0)
[19:15:24] [Server thread/INFO] (Minecraft) System chat: vitima-teste joined the game
[19:15:24] [Server thread/INFO] (Minecraft) vitima-teste[embedded] logged in with entity id 30 at (0.0, 0.0, 0.0)
[19:15:24] [Server thread/INFO] (Minecraft) System chat: vitima-teste joined the game
[19:15:24] [Server thread/INFO] (Minecraft) vitima-teste[embedded] logged in with entity id 31 at (0.0, 0.0, 0.0)
[19:15:24] [Server thread/INFO] (Minecraft) System chat: vitima-teste joined the game
[19:15:24] [Server thread/INFO] (Minecraft) test-mock-player[embedded] logged in with entity id 32 at (0.0, 0.0, 0.0)
[19:15:24] [Server thread/INFO] (Minecraft) System chat: test-mock-player joined the game
[19:15:24] [Server thread/INFO] (Minecraft) Named entity GagoEntity['Gago'/35, l='ServerLevel[Test Level]', x=-14940179.50, y=8.00, z=258157.50] died: Gago was killed
[19:15:24] [Server thread/INFO] (Minecraft) vitima-teste[embedded] logged in with entity id 36 at (0.0, 0.0, 0.0)
[19:15:24] [Server thread/INFO] (Minecraft) System chat: vitima-teste joined the game
[19:15:24] [Server thread/INFO] (Minecraft) test-mock-player[embedded] logged in with entity id 38 at (0.0, 0.0, 0.0)
[19:15:24] [Server thread/INFO] (Minecraft) System chat: test-mock-player joined the game
[19:15:24] [Server thread/INFO] (Minecraft) System chat: test-mock-player has made the advancement [Village Cellar]
[19:15:24] [Server thread/INFO] (Minecraft) test-mock-player[embedded] logged in with entity id 39 at (0.0, 0.0, 0.0)
[19:15:24] [Server thread/INFO] (Minecraft) System chat: test-mock-player joined the game
[19:15:24] [Server thread/INFO] (Minecraft) System chat: test-mock-player has made the advancement [Perfect Harvest]
[19:15:24] [Server thread/INFO] (Minecraft) test-mock-player[embedded] logged in with entity id 40 at (0.0, 0.0, 0.0)
[19:15:24] [Server thread/INFO] (Minecraft) System chat: test-mock-player joined the game
[19:15:24] [Server thread/INFO] (Minecraft) vitima-teste[embedded] logged in with entity id 43 at (0.0, 0.0, 0.0)
[19:15:24] [Server thread/INFO] (Minecraft) System chat: vitima-teste joined the game
[19:15:24] [Server thread/INFO] (Minecraft) test-mock-player[embedded] logged in with entity id 44 at (0.0, 0.0, 0.0)
[19:15:24] [Server thread/INFO] (Minecraft) System chat: test-mock-player joined the game
[19:15:24] [Server thread/INFO] (Minecraft) test-mock-player[embedded] logged in with entity id 45 at (0.0, 0.0, 0.0)
[19:15:24] [Server thread/INFO] (Minecraft) System chat: test-mock-player joined the game
[19:15:24] [Server thread/INFO] (Minecraft) System chat: test-mock-player has reached the goal [Corner Regular]
[19:15:25] [Server thread/INFO] (Minecraft) System chat: test-mock-player has completed the challenge [Owner of the Corner]
[19:15:25] [Server thread/INFO] (Minecraft) test-mock-player[embedded] logged in with entity id 46 at (0.0, 0.0, 0.0)
[19:15:25] [Server thread/INFO] (Minecraft) System chat: test-mock-player joined the game
[19:15:25] [Server thread/INFO] (Minecraft) vitima-teste[embedded] logged in with entity id 49 at (0.0, 0.0, 0.0)
[19:15:25] [Server thread/INFO] (Minecraft) System chat: vitima-teste joined the game
[19:15:25] [Server thread/INFO] (Minecraft) System chat: vitima-teste was slain by Gago
[19:15:25] [Server thread/INFO] (Minecraft) test-mock-player[embedded] logged in with entity id 52 at (0.0, 0.0, 0.0)
[19:15:25] [Server thread/INFO] (Minecraft) System chat: test-mock-player joined the game
[19:15:25] [Server thread/INFO] (Minecraft) vitima-teste[embedded] logged in with entity id 53 at (0.0, 0.0, 0.0)
[19:15:25] [Server thread/INFO] (Minecraft) System chat: vitima-teste joined the game
[19:15:25] [Server thread/INFO] (Minecraft) test-mock-player[embedded] logged in with entity id 54 at (0.0, 0.0, 0.0)
[19:15:25] [Server thread/INFO] (Minecraft) System chat: test-mock-player joined the game
[19:15:25] [Server thread/INFO] (Minecraft) vitima-teste[embedded] logged in with entity id 67 at (0.0, 0.0, 0.0)
[19:15:25] [Server thread/INFO] (Minecraft) System chat: vitima-teste joined the game
[19:15:25] [Server thread/INFO] (Minecraft) test-mock-player[embedded] logged in with entity id 68 at (0.0, 0.0, 0.0)
[19:15:25] [Server thread/INFO] (Minecraft) System chat: test-mock-player joined the game
[19:15:25] [Server thread/INFO] (Minecraft) [++++++++_++++++++++++_+++_++++++++++++++++++++_+_+                                                                                                                         ]
[19:15:25] [Server thread/INFO] (Minecraft) [+++++++++++++++++++++_+++_++++++++++++++++++++_+_+                                                                                                                         ]
[19:15:25] [Server thread/INFO] (Minecraft) [+++++++++++++++++++++_+++_++++++++++++++++++++_+_+                                                                                                                         ]
[19:15:26] [Server thread/INFO] (Minecraft) [+++++++++++++++++++++_+++_++++++++++++++++++++_+_+                                                                                                                         ]
[19:15:26] [Server thread/INFO] (Minecraft) [+++++++++++++++++++++_+++_++++++++++++++++++++_+_+                                                                                                                         ]
[19:15:26] [Server thread/INFO] (Minecraft) [+++++++++++++++++++++_+++_++++++++++++++++++++_+_+                                                                                                                         ]
[19:15:26] [Server thread/INFO] (Minecraft) [+++++++++++++++++++++_+++_++++++++++++++++++++_+_+                                                                                                                         ]
[19:15:26] [Server thread/INFO] (Minecraft) [+++++++++++++++++++++_+++_++++++++++++++++++++_+_+                                                                                                                         ]
[19:15:26] [Server thread/INFO] (Minecraft) [+++++++++++++++++++++_+++_++++++++++++++++++++_+_+                                                                                                                         ]
[19:15:26] [Server thread/INFO] (Minecraft) [+++++++++++++++++++++_+++_++++++++++++++++++++_+_+                                                                                                                         ]
[19:15:26] [Server thread/INFO] (Minecraft) [+++++++++++++++++++++_+++_++++++++++++++++++++_+_+                                                                                                                         ]
[19:15:26] [Server thread/INFO] (Minecraft) [+++++++++++++++++++++_+++_++++++++++++++++++++_+_+                                                                                                                         ]
[19:15:26] [Server thread/INFO] (Minecraft) [+++++++++++++++++++++_+++_++++++++++++++++++++_+_+                                                                                                                         ]
[19:15:26] [Server thread/INFO] (Minecraft) [+++++++++++++++++++++_+++_++++++++++++++++++++_+_+                                                                                                                         ]
[19:15:26] [Server thread/INFO] (Minecraft) [+++++++++++++++++++++_+++_++++++++++++++++++++_+_+                                                                                                                         ]
[19:15:26] [Server thread/INFO] (Minecraft) [+++++++++++++++++++++_+++_++++++++++++++++++++_+_+                                                                                                                         ]
[19:15:26] [Server thread/INFO] (Minecraft) [+++++++++++++++++++++_+++_++++++++++++++++++++_+_+                                                                                                                         ]
[19:15:26] [Server thread/INFO] (Minecraft) [+++++++++++++++++++++_+++_++++++++++++++++++++_+_+                                                                                                                         ]
[19:15:26] [Server thread/INFO] (Minecraft) [+++++++++++++++++++++_+++_++++++++++++++++++++_+_+                                                                                                                         ]
[19:15:26] [Server thread/INFO] (Minecraft) [+++++++++++++++++++++_+++_++++++++++++++++++++_+_+                                                                                                                         ]
[19:15:26] [Server thread/INFO] (Minecraft) [+++++++++++++++++++++_+++_++++++++++++++++++++_+_+                                                                                                                         ]
[19:15:26] [Server thread/INFO] (Minecraft) [+++++++++++++++++++++_+++_++++++++++++++++++++_+_+                                                                                                                         ]
[19:15:27] [Server thread/INFO] (Minecraft) [+++++++++++++++++++++_+++_++++++++++++++++++++_+_+                                                                                                                         ]
[19:15:27] [Server thread/INFO] (Minecraft) [+++++++++++++++++++++_+++_++++++++++++++++++++_+_+                                                                                                                         ]
[19:15:27] [Server thread/INFO] (Minecraft) [+++++++++++++++++++++_+++_++++++++++++++++++++_+_+                                                                                                                         ]
[19:15:27] [Server thread/INFO] (Minecraft) [+++++++++++++++++++++_+++_++++++++++++++++++++_+_+                                                                                                                         ]
[19:15:27] [Server thread/INFO] (Minecraft) [+++++++++++++++++++++_+++_++++++++++++++++++++_+_+                                                                                                                         ]
[19:15:27] [Server thread/INFO] (Minecraft) [+++++++++++++++++++++_+++_++++++++++++++++++++_+_+                                                                                                                         ]
[19:15:27] [Server thread/INFO] (Minecraft) [+++++++++++++++++++++_+++_++++++++++++++++++++_+_+                                                                                                                         ]
[19:15:27] [Server thread/INFO] (Minecraft) [+++++++++++++++++++++_+++_++++++++++++++++++++_+_+                                                                                                                         ]
[19:15:27] [Server thread/INFO] (Minecraft) [+++++++++++++++++++++_+++_++++++++++++++++++++_+_+                                                                                                                         ]
[19:15:27] [Server thread/INFO] (Minecraft) [+++++++++++++++++++++_+++_++++++++++++++++++++_+_+                                                                                                                         ]
[19:15:27] [Server thread/INFO] (Minecraft) [+++++++++++++++++++++_+++_++++++++++++++++++++_+_+                                                                                                                         ]
[19:15:27] [Server thread/INFO] (Minecraft) [+++++++++++++++++++++_+++_++++++++++++++++++++_+_+                                                                                                                         ]
[19:15:27] [Server thread/INFO] (Minecraft) [+++++++++++++++++++++_+++_++++++++++++++++++++_+_+                                                                                                                         ]
[19:15:27] [Server thread/INFO] (Minecraft) [+++++++++++++++++++++_+++_++++++++++++++++++++_+_+                                                                                                                         ]
[19:15:27] [Server thread/INFO] (Minecraft) [+++++++++++++++++++++_+++_++++++++++++++++++++_+_+                                                                                                                         ]
[19:15:27] [Server thread/INFO] (Minecraft) [+++++++++++++++++++++_+++_++++++++++++++++++++_+++                                                                                                                         ]
[19:15:27] [Server thread/INFO] (Minecraft) [+++++++++++++++++++++_+++_++++++++++++++++++++_+++                                                                                                                         ]
[19:15:27] [Server thread/INFO] (Minecraft) [+++++++++++++++++++++_+++_++++++++++++++++++++_+++                                                                                                                         ]
[19:15:27] [Server thread/INFO] (Minecraft) [+++++++++++++++++++++_+++_++++++++++++++++++++_+++                                                                                                                         ]
[19:15:27] [Server thread/INFO] (Minecraft) [+++++++++++++++++++++_++++++++++++++++++++++++_+++                                                                                                                         ]
[19:15:27] [Server thread/INFO] (Minecraft) [+++++++++++++++++++++_++++++++++++++++++++++++_+++                                                                                                                         ]
[19:15:27] [Server thread/INFO] (Minecraft) [+++++++++++++++++++++_++++++++++++++++++++++++_+++                                                                                                                         ]
[19:15:27] [Server thread/INFO] (Minecraft) [+++++++++++++++++++++_++++++++++++++++++++++++_+++                                                                                                                         ]
[19:15:27] [Server thread/INFO] (Minecraft) [+++++++++++++++++++++_++++++++++++++++++++++++_+++                                                                                                                         ]
[19:15:27] [Server thread/INFO] (Minecraft) [+++++++++++++++++++++_++++++++++++++++++++++++_+++                                                                                                                         ]
[19:15:27] [Server thread/INFO] (Minecraft) [+++++++++++++++++++++_++++++++++++++++++++++++_+++                                                                                                                         ]
[19:15:27] [Server thread/INFO] (Minecraft) [+++++++++++++++++++++_++++++++++++++++++++++++_+++                                                                                                                         ]
[19:15:27] [Server thread/INFO] (Minecraft) [+++++++++++++++++++++_++++++++++++++++++++++++_+++                                                                                                                         ]
[19:15:27] [Server thread/INFO] (Minecraft) [+++++++++++++++++++++_++++++++++++++++++++++++_+++                                                                                                                         ]
[19:15:27] [Server thread/INFO] (Minecraft) [+++++++++++++++++++++_++++++++++++++++++++++++_+++                                                                                                                         ]
[19:15:27] [Server thread/INFO] (Minecraft) [+++++++++++++++++++++_++++++++++++++++++++++++_+++                                                                                                                         ]
[19:15:27] [Server thread/INFO] (Minecraft) [+++++++++++++++++++++_++++++++++++++++++++++++_+++                                                                                                                         ]
[19:15:27] [Server thread/INFO] (Minecraft) [+++++++++++++++++++++_++++++++++++++++++++++++_+++                                                                                                                         ]
[19:15:27] [Server thread/INFO] (Minecraft) [+++++++++++++++++++++_++++++++++++++++++++++++_+++                                                                                                                         ]
[19:15:27] [Server thread/INFO] (Minecraft) [+++++++++++++++++++++_++++++++++++++++++++++++_+++                                                                                                                         ]
[19:15:27] [Server thread/INFO] (Minecraft) [+++++++++++++++++++++_++++++++++++++++++++++++_+++                                                                                                                         ]
[19:15:27] [Server thread/INFO] (Minecraft) [+++++++++++++++++++++_++++++++++++++++++++++++_+++                                                                                                                         ]
[19:15:28] [Server thread/INFO] (Minecraft) [+++++++++++++++++++++_++++++++++++++++++++++++_+++                                                                                                                         ]
[19:15:28] [Server thread/INFO] (Minecraft) [+++++++++++++++++++++_++++++++++++++++++++++++_+++                                                                                                                         ]
[19:15:28] [Server thread/INFO] (Minecraft) [+++++++++++++++++++++_++++++++++++++++++++++++_+++                                                                                                                         ]
[19:15:28] [Server thread/INFO] (Minecraft) [+++++++++++++++++++++_++++++++++++++++++++++++_+++                                                                                                                         ]
[19:15:28] [Server thread/INFO] (Minecraft) [+++++++++++++++++++++_++++++++++++++++++++++++_+++                                                                                                                         ]
[19:15:28] [Server thread/INFO] (Minecraft) [+++++++++++++++++++++_++++++++++++++++++++++++_+++                                                                                                                         ]
[19:15:28] [Server thread/INFO] (Minecraft) [+++++++++++++++++++++_++++++++++++++++++++++++++++                                                                                                                         ]
[19:15:28] [Server thread/INFO] (Minecraft) [+++++++++++++++++++++_++++++++++++++++++++++++++++                                                                                                                         ]
[19:15:28] [Server thread/INFO] (Minecraft) [+++++++++++++++++++++_++++++++++++++++++++++++++++                                                                                                                         ]
[19:15:28] [Server thread/INFO] (Minecraft) Running test environment 'minecraft:default' batch 1 (50 tests)...
[19:15:28] [Server thread/INFO] (Minecraft) test-mock-player[embedded] logged in with entity id 151 at (0.0, 0.0, 0.0)
[19:15:28] [Server thread/INFO] (Minecraft) System chat: test-mock-player joined the game
[19:15:28] [Server thread/INFO] (Minecraft) test-mock-player[embedded] logged in with entity id 155 at (0.0, 0.0, 0.0)
[19:15:28] [Server thread/INFO] (Minecraft) System chat: test-mock-player joined the game
[19:15:28] [Server thread/INFO] (Minecraft) test-mock-player[embedded] logged in with entity id 156 at (0.0, 0.0, 0.0)
[19:15:28] [Server thread/INFO] (Minecraft) System chat: test-mock-player joined the game
[19:15:28] [Server thread/INFO] (Minecraft) test-mock-player[embedded] logged in with entity id 157 at (0.0, 0.0, 0.0)
[19:15:28] [Server thread/INFO] (Minecraft) System chat: test-mock-player joined the game
[19:15:28] [Server thread/INFO] (Minecraft) test-mock-player[embedded] logged in with entity id 158 at (0.0, 0.0, 0.0)
[19:15:29] [Server thread/INFO] (Minecraft) System chat: test-mock-player joined the game
[19:15:29] [Server thread/INFO] (Minecraft) test-mock-player[embedded] logged in with entity id 159 at (0.0, 0.0, 0.0)
[19:15:29] [Server thread/INFO] (Minecraft) System chat: test-mock-player joined the game
[19:15:29] [Server thread/INFO] (Minecraft) test-mock-player[embedded] logged in with entity id 160 at (0.0, 0.0, 0.0)
[19:15:29] [Server thread/INFO] (Minecraft) System chat: test-mock-player joined the game
[19:15:29] [Server thread/INFO] (Minecraft) test-mock-player[embedded] logged in with entity id 161 at (0.0, 0.0, 0.0)
[19:15:29] [Server thread/INFO] (Minecraft) System chat: test-mock-player joined the game
[19:15:29] [Server thread/INFO] (Minecraft) test-mock-player[embedded] logged in with entity id 162 at (0.0, 0.0, 0.0)
[19:15:29] [Server thread/INFO] (Minecraft) System chat: test-mock-player joined the game
[19:15:29] [Server thread/INFO] (Minecraft) test-mock-player[embedded] logged in with entity id 163 at (0.0, 0.0, 0.0)
[19:15:29] [Server thread/INFO] (Minecraft) System chat: test-mock-player joined the game
[19:15:29] [Server thread/INFO] (Minecraft) test-mock-player[embedded] logged in with entity id 164 at (0.0, 0.0, 0.0)
[19:15:29] [Server thread/INFO] (Minecraft) System chat: test-mock-player joined the game
[19:15:29] [Server thread/INFO] (Minecraft) test-mock-player[embedded] logged in with entity id 165 at (0.0, 0.0, 0.0)
[19:15:29] [Server thread/INFO] (Minecraft) System chat: test-mock-player joined the game
[19:15:29] [Server thread/INFO] (Minecraft) test-mock-player[embedded] logged in with entity id 166 at (0.0, 0.0, 0.0)
[19:15:29] [Server thread/INFO] (Minecraft) System chat: test-mock-player joined the game
[19:15:29] [Server thread/INFO] (Minecraft) test-mock-player[embedded] logged in with entity id 169 at (0.0, 0.0, 0.0)
[19:15:29] [Server thread/INFO] (Minecraft) System chat: test-mock-player joined the game
[19:15:29] [Server thread/INFO] (Minecraft) test-mock-player[embedded] logged in with entity id 172 at (0.0, 0.0, 0.0)
[19:15:29] [Server thread/INFO] (Minecraft) System chat: test-mock-player joined the game
[19:15:29] [Server thread/INFO] (Minecraft) test-mock-player[embedded] logged in with entity id 173 at (0.0, 0.0, 0.0)
[19:15:29] [Server thread/INFO] (Minecraft) System chat: test-mock-player joined the game
[19:15:29] [Server thread/INFO] (Minecraft) test-mock-player[embedded] logged in with entity id 177 at (0.0, 0.0, 0.0)
[19:15:29] [Server thread/INFO] (Minecraft) System chat: test-mock-player joined the game
[19:15:29] [Server thread/INFO] (Minecraft) test-mock-player[embedded] logged in with entity id 178 at (0.0, 0.0, 0.0)
[19:15:29] [Server thread/INFO] (Minecraft) System chat: test-mock-player joined the game
[19:15:29] [Server thread/INFO] (Minecraft) System chat: test-mock-player has made the advancement [Village Cellar]
[19:15:29] [Server thread/INFO] (Minecraft) System chat: test-mock-player has made the advancement [Village Cellar]
[19:15:29] [Server thread/INFO] (Minecraft) System chat: test-mock-player has made the advancement [Village Cellar]
[19:15:29] [Server thread/INFO] (Minecraft) test-mock-player[embedded] logged in with entity id 202 at (0.0, 0.0, 0.0)
[19:15:29] [Server thread/INFO] (Minecraft) System chat: test-mock-player joined the game
[19:15:29] [Server thread/INFO] (Minecraft) test-mock-player[embedded] logged in with entity id 206 at (0.0, 0.0, 0.0)
[19:15:29] [Server thread/INFO] (Minecraft) System chat: test-mock-player joined the game
[19:15:29] [Server thread/INFO] (Minecraft) test-mock-player[embedded] logged in with entity id 210 at (0.0, 0.0, 0.0)
[19:15:29] [Server thread/INFO] (Minecraft) System chat: test-mock-player joined the game
[19:15:29] [Server thread/INFO] (Minecraft) test-mock-player[embedded] logged in with entity id 246 at (0.0, 0.0, 0.0)
[19:15:29] [Server thread/INFO] (Minecraft) System chat: test-mock-player joined the game
[19:15:29] [Server thread/INFO] (Minecraft) test-mock-player[embedded] logged in with entity id 247 at (0.0, 0.0, 0.0)
[19:15:29] [Server thread/INFO] (Minecraft) System chat: test-mock-player joined the game
[19:15:29] [Server thread/INFO] (Minecraft) test-mock-player[embedded] logged in with entity id 248 at (0.0, 0.0, 0.0)
[19:15:29] [Server thread/INFO] (Minecraft) System chat: test-mock-player joined the game
[19:15:29] [Server thread/INFO] (Minecraft) [+++++++++++++++++++++++++++++++++++++++++++++++++++++++++++++++++++++++++_++_++___+_++++++++++++++++                                                                       ]
[19:15:29] [Server thread/INFO] (Minecraft) [+++++++++++++++++++++++++++++++++++++++++++++++++++++++++++++++++++++++++_++_++++_+_++++++++++++++++                                                                       ]
[19:15:29] [Server thread/INFO] (Minecraft) [+++++++++++++++++++++++++++++++++++++++++++++++++++++++++++++++++++++++++_++_++++++_++++++++++++++++                                                                       ]
[19:15:29] [Server thread/INFO] (Minecraft) [++++++++++++++++++++++++++++++++++++++++++++++++++++++++++++++++++++++++++++_++++++_++++++++++++++++                                                                       ]
[19:15:29] [Server thread/INFO] (Minecraft) [++++++++++++++++++++++++++++++++++++++++++++++++++++++++++++++++++++++++++++_++++++_++++++++++++++++                                                                       ]
[19:15:29] [Server thread/INFO] (Minecraft) [++++++++++++++++++++++++++++++++++++++++++++++++++++++++++++++++++++++++++++_++++++_++++++++++++++++                                                                       ]
[19:15:29] [Server thread/INFO] (Minecraft) [++++++++++++++++++++++++++++++++++++++++++++++++++++++++++++++++++++++++++++_++++++_++++++++++++++++                                                                       ]
[19:15:29] [Server thread/INFO] (Minecraft) [++++++++++++++++++++++++++++++++++++++++++++++++++++++++++++++++++++++++++++_+++++++++++++++++++++++                                                                       ]
[19:15:29] [Server thread/INFO] (Minecraft) [++++++++++++++++++++++++++++++++++++++++++++++++++++++++++++++++++++++++++++_+++++++++++++++++++++++                                                                       ]
[19:15:29] [Server thread/INFO] (Minecraft) [++++++++++++++++++++++++++++++++++++++++++++++++++++++++++++++++++++++++++++_+++++++++++++++++++++++                                                                       ]
[19:15:29] [Server thread/INFO] (Minecraft) [++++++++++++++++++++++++++++++++++++++++++++++++++++++++++++++++++++++++++++_+++++++++++++++++++++++                                                                       ]
[19:15:29] [Server thread/INFO] (Minecraft) [++++++++++++++++++++++++++++++++++++++++++++++++++++++++++++++++++++++++++++_+++++++++++++++++++++++                                                                       ]
[19:15:29] [Server thread/INFO] (Minecraft) [++++++++++++++++++++++++++++++++++++++++++++++++++++++++++++++++++++++++++++_+++++++++++++++++++++++                                                                       ]
[19:15:29] [Server thread/INFO] (Minecraft) [++++++++++++++++++++++++++++++++++++++++++++++++++++++++++++++++++++++++++++_+++++++++++++++++++++++                                                                       ]
[19:15:29] [Server thread/INFO] (Minecraft) [++++++++++++++++++++++++++++++++++++++++++++++++++++++++++++++++++++++++++++_+++++++++++++++++++++++                                                                       ]
[19:15:29] [Server thread/INFO] (Minecraft) [++++++++++++++++++++++++++++++++++++++++++++++++++++++++++++++++++++++++++++_+++++++++++++++++++++++                                                                       ]
[19:15:29] [Server thread/INFO] (Minecraft) [++++++++++++++++++++++++++++++++++++++++++++++++++++++++++++++++++++++++++++_+++++++++++++++++++++++                                                                       ]
[19:15:29] [Server thread/INFO] (Minecraft) [++++++++++++++++++++++++++++++++++++++++++++++++++++++++++++++++++++++++++++_+++++++++++++++++++++++                                                                       ]
[19:15:30] [Server thread/INFO] (Minecraft) [++++++++++++++++++++++++++++++++++++++++++++++++++++++++++++++++++++++++++++_+++++++++++++++++++++++                                                                       ]
[19:15:30] [Server thread/INFO] (Minecraft) [++++++++++++++++++++++++++++++++++++++++++++++++++++++++++++++++++++++++++++_+++++++++++++++++++++++                                                                       ]
[19:15:30] [Server thread/INFO] (Minecraft) [++++++++++++++++++++++++++++++++++++++++++++++++++++++++++++++++++++++++++++_+++++++++++++++++++++++                                                                       ]
[19:15:30] [Server thread/INFO] (Minecraft) [++++++++++++++++++++++++++++++++++++++++++++++++++++++++++++++++++++++++++++_+++++++++++++++++++++++                                                                       ]
[19:15:30] [Server thread/INFO] (Minecraft) [++++++++++++++++++++++++++++++++++++++++++++++++++++++++++++++++++++++++++++_+++++++++++++++++++++++                                                                       ]
[19:15:31] [Server thread/INFO] (Minecraft) Running test environment 'minecraft:default' batch 2 (50 tests)...
[19:15:31] [Server thread/INFO] (Minecraft) test-mock-player[embedded] logged in with entity id 296 at (0.0, 0.0, 0.0)
[19:15:31] [Server thread/INFO] (Minecraft) System chat: test-mock-player joined the game
[19:15:31] [Server thread/INFO] (Minecraft) System chat: test-mock-player has made the advancement [Perfect Harvest]
[19:15:31] [Server thread/INFO] (Minecraft) test-mock-player[embedded] logged in with entity id 307 at (0.0, 0.0, 0.0)
[19:15:31] [Server thread/INFO] (Minecraft) System chat: test-mock-player joined the game
[19:15:31] [Server thread/INFO] (Minecraft) System chat: test-mock-player has made the advancement [Perfect Harvest]
[19:15:31] [Server thread/INFO] (Minecraft) test-mock-player[embedded] logged in with entity id 318 at (0.0, 0.0, 0.0)
[19:15:31] [Server thread/INFO] (Minecraft) System chat: test-mock-player joined the game
[19:15:31] [Server thread/INFO] (Minecraft) test-mock-player[embedded] logged in with entity id 329 at (0.0, 0.0, 0.0)
[19:15:31] [Server thread/INFO] (Minecraft) System chat: test-mock-player joined the game
[19:15:31] [Server thread/INFO] (Minecraft) System chat: test-mock-player has made the advancement [Perfect Harvest]
[19:15:31] [Server thread/INFO] (Minecraft) test-mock-player[embedded] logged in with entity id 333 at (0.0, 0.0, 0.0)
[19:15:31] [Server thread/INFO] (Minecraft) System chat: test-mock-player joined the game
[19:15:31] [Server thread/INFO] (Minecraft) test-mock-player[embedded] logged in with entity id 354 at (0.0, 0.0, 0.0)
[19:15:31] [Server thread/INFO] (Minecraft) System chat: test-mock-player joined the game
[19:15:31] [Server thread/INFO] (Minecraft) System chat: test-mock-player has made the advancement [Perfect Harvest]
[19:15:31] [Server thread/INFO] (Minecraft) test-mock-player[embedded] logged in with entity id 365 at (0.0, 0.0, 0.0)
[19:15:31] [Server thread/INFO] (Minecraft) System chat: test-mock-player joined the game
[19:15:31] [Server thread/INFO] (Minecraft) System chat: test-mock-player has made the advancement [Perfect Harvest]
[19:15:31] [Server thread/INFO] (Minecraft) test-mock-player[embedded] logged in with entity id 369 at (0.0, 0.0, 0.0)
[19:15:31] [Server thread/INFO] (Minecraft) System chat: test-mock-player joined the game
[19:15:31] [Server thread/INFO] (Minecraft) test-mock-player[embedded] logged in with entity id 430 at (0.0, 0.0, 0.0)
[19:15:31] [Server thread/INFO] (Minecraft) System chat: test-mock-player joined the game
[19:15:31] [Server thread/INFO] (Minecraft) System chat: test-mock-player has made the advancement [Perfect Harvest]
[19:15:31] [Server thread/INFO] (Minecraft) test-mock-player[embedded] logged in with entity id 456 at (0.0, 0.0, 0.0)
[19:15:31] [Server thread/INFO] (Minecraft) System chat: test-mock-player joined the game
[19:15:31] [Server thread/INFO] (Minecraft) test-mock-player[embedded] logged in with entity id 457 at (0.0, 0.0, 0.0)
[19:15:31] [Server thread/INFO] (Minecraft) System chat: test-mock-player joined the game
[19:15:31] [Server thread/INFO] (Minecraft) System chat: test-mock-player has made the advancement [Perfect Harvest]
[19:15:31] [Server thread/INFO] (Minecraft) test-mock-player[embedded] logged in with entity id 468 at (0.0, 0.0, 0.0)
[19:15:31] [Server thread/INFO] (Minecraft) System chat: test-mock-player joined the game
[19:15:31] [Server thread/INFO] (Minecraft) System chat: test-mock-player has made the advancement [Perfect Harvest]
[19:15:31] [Server thread/INFO] (Minecraft) test-mock-player[embedded] logged in with entity id 481 at (0.0, 0.0, 0.0)
[19:15:31] [Server thread/INFO] (Minecraft) System chat: test-mock-player joined the game
[19:15:31] [Server thread/INFO] (Minecraft) test-mock-player[embedded] logged in with entity id 518 at (0.0, 0.0, 0.0)
[19:15:31] [Server thread/INFO] (Minecraft) System chat: test-mock-player joined the game
[19:15:31] [Server thread/INFO] (Minecraft) System chat: test-mock-player has made the advancement [Perfect Harvest]
[19:15:31] [Server thread/INFO] (Minecraft) test-mock-player[embedded] logged in with entity id 539 at (0.0, 0.0, 0.0)
[19:15:31] [Server thread/INFO] (Minecraft) System chat: test-mock-player joined the game
[19:15:31] [Server thread/INFO] (Minecraft) System chat: test-mock-player has made the advancement [Perfect Harvest]
[19:15:31] [Server thread/INFO] (Minecraft) test-mock-player[embedded] logged in with entity id 551 at (0.0, 0.0, 0.0)
[19:15:31] [Server thread/INFO] (Minecraft) System chat: test-mock-player joined the game
[19:15:31] [Server thread/INFO] (Minecraft) System chat: test-mock-player has made the advancement [Perfect Harvest]
[19:15:31] [Server thread/INFO] (Minecraft) test-mock-player[embedded] logged in with entity id 552 at (0.0, 0.0, 0.0)
[19:15:31] [Server thread/INFO] (Minecraft) System chat: test-mock-player joined the game
[19:15:31] [Server thread/INFO] (Minecraft) test-mock-player[embedded] logged in with entity id 572 at (0.0, 0.0, 0.0)
[19:15:31] [Server thread/INFO] (Minecraft) System chat: test-mock-player joined the game
[19:15:31] [Server thread/INFO] (Minecraft) test-mock-player[embedded] logged in with entity id 574 at (0.0, 0.0, 0.0)
[19:15:31] [Server thread/INFO] (Minecraft) System chat: test-mock-player joined the game
[19:15:31] [Server thread/INFO] (Minecraft) test-mock-player[embedded] logged in with entity id 576 at (0.0, 0.0, 0.0)
[19:15:31] [Server thread/INFO] (Minecraft) System chat: test-mock-player joined the game
[19:15:31] [Server thread/INFO] (Minecraft) test-mock-player[embedded] logged in with entity id 577 at (0.0, 0.0, 0.0)
[19:15:31] [Server thread/INFO] (Minecraft) System chat: test-mock-player joined the game
[19:15:31] [Server thread/INFO] (Minecraft) System chat: test-mock-player has made the advancement [Village Cellar]
[19:15:31] [Server thread/INFO] (Minecraft) System chat: test-mock-player has made the advancement [Village Cellar]
[19:15:31] [Server thread/INFO] (Minecraft) System chat: test-mock-player has made the advancement [Village Cellar]
[19:15:31] [Server thread/INFO] (Minecraft) System chat: test-mock-player has made the advancement [Village Cellar]
[19:15:31] [Server thread/INFO] (Minecraft) System chat: test-mock-player has made the advancement [Village Cellar]
[19:15:31] [Server thread/INFO] (Minecraft) System chat: test-mock-player has made the advancement [Village Cellar]
[19:15:31] [Server thread/INFO] (Minecraft) System chat: test-mock-player has made the advancement [Village Cellar]
[19:15:31] [Server thread/INFO] (Minecraft) System chat: test-mock-player has made the advancement [Village Cellar]
[19:15:31] [Server thread/INFO] (Minecraft) System chat: test-mock-player has made the advancement [Village Cellar]
[19:15:31] [Server thread/INFO] (Minecraft) System chat: test-mock-player has made the advancement [Village Cellar]
[19:15:31] [Server thread/INFO] (Minecraft) System chat: test-mock-player has made the advancement [Village Cellar]
[19:15:31] [Server thread/INFO] (Minecraft) System chat: test-mock-player has made the advancement [Village Cellar]
[19:15:31] [Server thread/INFO] (Minecraft) System chat: test-mock-player has made the advancement [Village Cellar]
[19:15:31] [Server thread/INFO] (Minecraft) System chat: test-mock-player has made the advancement [Village Cellar]
[19:15:31] [Server thread/INFO] (Minecraft) test-mock-player[embedded] logged in with entity id 579 at (0.0, 0.0, 0.0)
[19:15:31] [Server thread/INFO] (Minecraft) System chat: test-mock-player joined the game
[19:15:31] [Server thread/INFO] (Minecraft) test-mock-player[embedded] logged in with entity id 580 at (0.0, 0.0, 0.0)
[19:15:31] [Server thread/INFO] (Minecraft) System chat: test-mock-player joined the game
[19:15:32] [Server thread/INFO] (Minecraft) test-mock-player[embedded] logged in with entity id 582 at (0.0, 0.0, 0.0)
[19:15:32] [Server thread/INFO] (Minecraft) System chat: test-mock-player joined the game
[19:15:32] [Server thread/INFO] (Minecraft) test-mock-player[embedded] logged in with entity id 584 at (0.0, 0.0, 0.0)
[19:15:32] [Server thread/INFO] (Minecraft) System chat: test-mock-player joined the game
[19:15:32] [Server thread/INFO] (Minecraft) test-mock-player[embedded] logged in with entity id 585 at (0.0, 0.0, 0.0)
[19:15:32] [Server thread/INFO] (Minecraft) System chat: test-mock-player joined the game
[19:15:32] [Server thread/INFO] (Minecraft) test-mock-player[embedded] logged in with entity id 586 at (0.0, 0.0, 0.0)
[19:15:32] [Server thread/INFO] (Minecraft) System chat: test-mock-player joined the game
[19:15:32] [Server thread/INFO] (Minecraft) test-mock-player[embedded] logged in with entity id 587 at (0.0, 0.0, 0.0)
[19:15:32] [Server thread/INFO] (Minecraft) System chat: test-mock-player joined the game
[19:15:32] [Server thread/INFO] (intoxicantes) [Eletricidade] SNC Energies detectado: integração elétrica habilitada (fonte oficial de energia)
[19:15:32] [Server thread/INFO] (Minecraft) Running test environment 'minecraft:default' batch 3 (21 tests)...
[19:15:32] [Server thread/INFO] (Minecraft) test-mock-player[embedded] logged in with entity id 589 at (0.0, 0.0, 0.0)
[19:15:32] [Server thread/INFO] (Minecraft) System chat: test-mock-player joined the game
[19:15:32] [Server thread/INFO] (Minecraft) [+++++++++++++++++++++++++++++++++++++++++++++++++++++++++++++++++++++++++++++++++++++++++++++++++++++++++++++++++++++++++++++++++++++++++++++++++++++++  ++++++            ]
[19:15:32] [Server thread/INFO] (Minecraft) [+++++++++++++++++++++++++++++++++++++++++++++++++++++++++++++++++++++++++++++++++++++++++++++++++++++++++++++++++++++++++++++++++++++++++++++++++++++++  ++++++  +         ]
[19:15:32] [Server thread/INFO] (Minecraft) [++++++++++++++++++++++++++++++++++++++++++++++++++++++++++++++++++++++++++++++++++++++++++++++++++++++++++++++++++++++++++++++++++++++++++++++++++++++++++++++++++++++++   ]
[19:15:32] [Server thread/INFO] (Minecraft) test-mock-player[embedded] logged in with entity id 590 at (0.0, 0.0, 0.0)
[19:15:32] [Server thread/INFO] (Minecraft) System chat: test-mock-player joined the game
[19:15:32] [Server thread/INFO] (Minecraft) test-mock-player[embedded] logged in with entity id 591 at (0.0, 0.0, 0.0)
[19:15:32] [Server thread/INFO] (Minecraft) System chat: test-mock-player joined the game
[19:15:32] [Server thread/INFO] (Minecraft) [+++++++++++++++++++++++++++++++++++++++++++++++++++++++++++++++++++++++++++++++++++++++++++++++++++++++++++++++++++++++++++++++++++++++++++++++++++++++++++++++++++++++++++]
[19:15:32] [Server thread/INFO] (Minecraft) ========= 171 GAME TESTS COMPLETE IN 13.46 s ======================
[19:15:32] [Server thread/INFO] (Minecraft) All 171 required tests passed :)
[19:15:32] [Server thread/INFO] (Minecraft) ====================================================
[19:15:32] [Server thread/INFO] (Minecraft) Stopping server
[19:15:32] [Server thread/INFO] (Minecraft) Saving players
[19:15:33] [Server thread/INFO] (Minecraft) test-mock-player lost connection: Server closed
[19:15:33] [Server thread/INFO] (Minecraft) System chat: test-mock-player left the game
[19:15:33] [Server thread/INFO] (Minecraft) test-mock-player lost connection: Server closed
[19:15:33] [Server thread/INFO] (Minecraft) System chat: test-mock-player left the game
[19:15:33] [Server thread/INFO] (Minecraft) test-mock-player lost connection: Server closed
[19:15:33] [Server thread/INFO] (Minecraft) System chat: test-mock-player left the game
[19:15:33] [Server thread/INFO] (Minecraft) vitima-teste lost connection: Server closed
[19:15:33] [Server thread/INFO] (Minecraft) System chat: vitima-teste left the game
[19:15:33] [Server thread/INFO] (Minecraft) test-mock-player lost connection: Server closed
[19:15:33] [Server thread/INFO] (Minecraft) System chat: test-mock-player left the game
[19:15:33] [Server thread/INFO] (Minecraft) test-mock-player lost connection: Server closed
[19:15:33] [Server thread/INFO] (Minecraft) System chat: test-mock-player left the game
[19:15:33] [Server thread/INFO] (Minecraft) vitima-teste lost connection: Server closed
[19:15:33] [Server thread/INFO] (Minecraft) System chat: vitima-teste left the game
[19:15:33] [Server thread/INFO] (Minecraft) vitima-teste lost connection: Server closed
[19:15:33] [Server thread/INFO] (Minecraft) System chat: vitima-teste left the game
[19:15:33] [Server thread/INFO] (Minecraft) test-mock-player lost connection: Server closed
[19:15:33] [Server thread/INFO] (Minecraft) System chat: test-mock-player left the game
[19:15:33] [Server thread/INFO] (Minecraft) test-mock-player lost connection: Server closed
[19:15:33] [Server thread/INFO] (Minecraft) System chat: test-mock-player left the game
[19:15:33] [Server thread/INFO] (Minecraft) test-mock-player lost connection: Server closed
[19:15:33] [Server thread/INFO] (Minecraft) System chat: test-mock-player left the game
[19:15:33] [Server thread/INFO] (Minecraft) test-mock-player lost connection: Server closed
[19:15:33] [Server thread/INFO] (Minecraft) System chat: test-mock-player left the game
[19:15:33] [Server thread/INFO] (Minecraft) test-mock-player lost connection: Server closed
[19:15:33] [Server thread/INFO] (Minecraft) System chat: test-mock-player left the game
[19:15:33] [Server thread/INFO] (Minecraft) test-mock-player lost connection: Server closed
[19:15:33] [Server thread/INFO] (Minecraft) System chat: test-mock-player left the game
[19:15:33] [Server thread/INFO] (Minecraft) test-mock-player lost connection: Server closed
[19:15:33] [Server thread/INFO] (Minecraft) System chat: test-mock-player left the game
[19:15:33] [Server thread/INFO] (Minecraft) test-mock-player lost connection: Server closed
[19:15:33] [Server thread/INFO] (Minecraft) System chat: test-mock-player left the game
[19:15:33] [Server thread/INFO] (Minecraft) test-mock-player lost connection: Server closed
[19:15:33] [Server thread/INFO] (Minecraft) System chat: test-mock-player left the game
[19:15:33] [Server thread/INFO] (Minecraft) test-mock-player lost connection: Server closed
[19:15:33] [Server thread/INFO] (Minecraft) System chat: test-mock-player left the game
[19:15:33] [Server thread/INFO] (Minecraft) test-mock-player lost connection: Server closed
[19:15:33] [Server thread/INFO] (Minecraft) System chat: test-mock-player left the game
[19:15:33] [Server thread/INFO] (Minecraft) test-mock-player lost connection: Server closed
[19:15:33] [Server thread/INFO] (Minecraft) System chat: test-mock-player left the game
[19:15:33] [Server thread/INFO] (Minecraft) test-mock-player lost connection: Server closed
[19:15:33] [Server thread/INFO] (Minecraft) System chat: test-mock-player left the game
[19:15:33] [Server thread/INFO] (Minecraft) test-mock-player lost connection: Server closed
[19:15:33] [Server thread/INFO] (Minecraft) System chat: test-mock-player left the game
[19:15:33] [Server thread/INFO] (Minecraft) test-mock-player lost connection: Server closed
[19:15:33] [Server thread/INFO] (Minecraft) System chat: test-mock-player left the game
[19:15:33] [Server thread/INFO] (Minecraft) test-mock-player lost connection: Server closed
[19:15:33] [Server thread/INFO] (Minecraft) System chat: test-mock-player left the game
[19:15:33] [Server thread/INFO] (Minecraft) test-mock-player lost connection: Server closed
[19:15:33] [Server thread/INFO] (Minecraft) System chat: test-mock-player left the game
[19:15:33] [Server thread/INFO] (Minecraft) test-mock-player lost connection: Server closed
[19:15:33] [Server thread/INFO] (Minecraft) System chat: test-mock-player left the game
[19:15:33] [Server thread/INFO] (Minecraft) test-mock-player lost connection: Server closed
[19:15:33] [Server thread/INFO] (Minecraft) System chat: test-mock-player left the game
[19:15:33] [Server thread/INFO] (Minecraft) test-mock-player lost connection: Server closed
[19:15:33] [Server thread/INFO] (Minecraft) System chat: test-mock-player left the game
[19:15:33] [Server thread/INFO] (Minecraft) test-mock-player lost connection: Server closed
[19:15:33] [Server thread/INFO] (Minecraft) System chat: test-mock-player left the game
[19:15:33] [Server thread/INFO] (Minecraft) test-mock-player lost connection: Server closed
[19:15:33] [Server thread/INFO] (Minecraft) System chat: test-mock-player left the game
[19:15:33] [Server thread/INFO] (Minecraft) test-mock-player lost connection: Server closed
[19:15:33] [Server thread/INFO] (Minecraft) System chat: test-mock-player left the game
[19:15:33] [Server thread/INFO] (Minecraft) test-mock-player lost connection: Server closed
[19:15:33] [Server thread/INFO] (Minecraft) System chat: test-mock-player left the game
[19:15:33] [Server thread/INFO] (Minecraft) test-mock-player lost connection: Server closed
[19:15:33] [Server thread/INFO] (Minecraft) System chat: test-mock-player left the game
[19:15:33] [Server thread/INFO] (Minecraft) test-mock-player lost connection: Server closed
[19:15:33] [Server thread/INFO] (Minecraft) System chat: test-mock-player left the game
[19:15:33] [Server thread/INFO] (Minecraft) test-mock-player lost connection: Server closed
[19:15:33] [Server thread/INFO] (Minecraft) System chat: test-mock-player left the game
[19:15:33] [Server thread/INFO] (Minecraft) test-mock-player lost connection: Server closed
[19:15:33] [Server thread/INFO] (Minecraft) System chat: test-mock-player left the game
[19:15:33] [Server thread/INFO] (Minecraft) test-mock-player lost connection: Server closed
[19:15:33] [Server thread/INFO] (Minecraft) System chat: test-mock-player left the game
[19:15:33] [Server thread/INFO] (Minecraft) test-mock-player lost connection: Server closed
[19:15:33] [Server thread/INFO] (Minecraft) System chat: test-mock-player left the game
[19:15:33] [Server thread/INFO] (Minecraft) test-mock-player lost connection: Server closed
[19:15:33] [Server thread/INFO] (Minecraft) System chat: test-mock-player left the game
[19:15:33] [Server thread/INFO] (Minecraft) test-mock-player lost connection: Server closed
[19:15:33] [Server thread/INFO] (Minecraft) System chat: test-mock-player left the game
[19:15:33] [Server thread/INFO] (Minecraft) test-mock-player lost connection: Server closed
[19:15:33] [Server thread/INFO] (Minecraft) System chat: test-mock-player left the game
[19:15:33] [Server thread/INFO] (Minecraft) test-mock-player lost connection: Server closed
[19:15:33] [Server thread/INFO] (Minecraft) System chat: test-mock-player left the game
[19:15:33] [Server thread/INFO] (Minecraft) test-mock-player lost connection: Server closed
[19:15:33] [Server thread/INFO] (Minecraft) System chat: test-mock-player left the game
[19:15:33] [Server thread/INFO] (Minecraft) Saving worlds
[19:15:34] [Server thread/INFO] (Minecraft) Saving chunks for level 'ServerLevel[Test Level]'/minecraft:overworld
[19:15:35] [Server thread/INFO] (Minecraft) Saving chunks for level 'ServerLevel[Test Level]'/minecraft:the_end
[19:15:35] [Server thread/INFO] (Minecraft) Saving chunks for level 'ServerLevel[Test Level]'/minecraft:the_nether
[19:15:35] [Server thread/INFO] (Minecraft) Game test server shutting down

> Task :compileTestJava NO-SOURCE
> Task :processTestResources NO-SOURCE
> Task :testClasses UP-TO-DATE
> Task :test NO-SOURCE
> Task :validateAccessWidener NO-SOURCE

> Task :validateWorldgen
validate_worldgen: OK � 179 JSONs + NBT validados contra minecraft-merged-deobf-26.3.jar (DataVersion 5023)

> Task :check
> Task :build

[Incubating] Problems report is available at: file:///C:/Users/enzop/curseforge/minecraft/Instances/mod%20cet/intoxicantes-mod/build/reports/problems/problems-report.html

Deprecated Gradle features were used in this build, making it incompatible with Gradle 10.

You can use '--warning-mode all' to show the individual deprecation warnings and determine if they come from your own scripts or plugins.

For more on this, please refer to https://docs.gradle.org/9.7.1/userguide/command_line_interface.html#sec:command_line_warnings in the Gradle documentation.

BUILD SUCCESSFUL in 2m 18s
10 actionable tasks: 7 executed, 3 up-to-date
