WARNING: A restricted method in java.lang.System has been called
WARNING: java.lang.System::load has been called by net.rubygrapefruit.platform.internal.NativeLibraryLoader in an unnamed module (file:/C:/Users/enzop/.gradle/wrapper/dists/gradle-9.7.1-bin/1w1c7tv4s851m17nbqdsro2tv/gradle-9.7.1/lib/native-platform-0.22-milestone-29.jar)
WARNING: Use --enable-native-access=ALL-UNNAMED to avoid a warning for callers in this module
WARNING: Restricted methods will be blocked in a future release unless native access is enabled


> Configure project :
Fabric Loom: 1.18.2

> Task :compileJava UP-TO-DATE
> Task :processResources UP-TO-DATE
> Task :classes UP-TO-DATE
> Task :processIncludeJars UP-TO-DATE
> Task :jar UP-TO-DATE
> Task :assemble UP-TO-DATE

> Task :compileGametestJava
C:\Users\enzop\curseforge\minecraft\Instances\mod cet\intoxicantes-mod\src\gametest\java\com\intoxicantes\BebidasDecorativasGameTest.java:198: warning: [removal] makeMockServerPlayerInLevel() in GameTestHelper has been deprecated and marked for removal
        ServerPlayer player = helper.makeMockServerPlayerInLevel();
                                    ^
C:\Users\enzop\curseforge\minecraft\Instances\mod cet\intoxicantes-mod\src\gametest\java\com\intoxicantes\BebidasVaziasGameTest.java:87: warning: [removal] makeMockServerPlayerInLevel() in GameTestHelper has been deprecated and marked for removal
        ServerPlayer player = helper.makeMockServerPlayerInLevel();
                                    ^
C:\Users\enzop\curseforge\minecraft\Instances\mod cet\intoxicantes-mod\src\gametest\java\com\intoxicantes\BebidasVaziasGameTest.java:111: warning: [removal] makeMockServerPlayerInLevel() in GameTestHelper has been deprecated and marked for removal
        ServerPlayer player = helper.makeMockServerPlayerInLevel();
                                    ^
C:\Users\enzop\curseforge\minecraft\Instances\mod cet\intoxicantes-mod\src\gametest\java\com\intoxicantes\BebidasVaziasGameTest.java:150: warning: [removal] makeMockServerPlayerInLevel() in GameTestHelper has been deprecated and marked for removal
        ServerPlayer player = helper.makeMockServerPlayerInLevel();
                                    ^
C:\Users\enzop\curseforge\minecraft\Instances\mod cet\intoxicantes-mod\src\gametest\java\com\intoxicantes\CommerceGameTest.java:63: warning: [removal] makeMockServerPlayerInLevel() in GameTestHelper has been deprecated and marked for removal
        var player = helper.makeMockServerPlayerInLevel();
                           ^
C:\Users\enzop\curseforge\minecraft\Instances\mod cet\intoxicantes-mod\src\gametest\java\com\intoxicantes\CommerceGameTest.java:91: warning: [removal] makeMockServerPlayerInLevel() in GameTestHelper has been deprecated and marked for removal
        var player = helper.makeMockServerPlayerInLevel();
                           ^
C:\Users\enzop\curseforge\minecraft\Instances\mod cet\intoxicantes-mod\src\gametest\java\com\intoxicantes\CommerceGameTest.java:127: warning: [removal] makeMockServerPlayerInLevel() in GameTestHelper has been deprecated and marked for removal
        var player = helper.makeMockServerPlayerInLevel();
                           ^
C:\Users\enzop\curseforge\minecraft\Instances\mod cet\intoxicantes-mod\src\gametest\java\com\intoxicantes\CommerceGameTest.java:321: warning: [removal] makeMockServerPlayerInLevel() in GameTestHelper has been deprecated and marked for removal
        var player = helper.makeMockServerPlayerInLevel();
                           ^
C:\Users\enzop\curseforge\minecraft\Instances\mod cet\intoxicantes-mod\src\gametest\java\com\intoxicantes\CommerceGameTest.java:399: warning: [removal] makeMockServerPlayerInLevel() in GameTestHelper has been deprecated and marked for removal
        var player = helper.makeMockServerPlayerInLevel();
                           ^
C:\Users\enzop\curseforge\minecraft\Instances\mod cet\intoxicantes-mod\src\gametest\java\com\intoxicantes\CommerceGameTest.java:440: warning: [removal] makeMockServerPlayerInLevel() in GameTestHelper has been deprecated and marked for removal
        var player = helper.makeMockServerPlayerInLevel();
                           ^
C:\Users\enzop\curseforge\minecraft\Instances\mod cet\intoxicantes-mod\src\gametest\java\com\intoxicantes\CommerceGameTest.java:532: warning: [removal] makeMockServerPlayerInLevel() in GameTestHelper has been deprecated and marked for removal
        var player = helper.makeMockServerPlayerInLevel();
                           ^
C:\Users\enzop\curseforge\minecraft\Instances\mod cet\intoxicantes-mod\src\gametest\java\com\intoxicantes\CommerceGameTest.java:584: warning: [removal] makeMockServerPlayerInLevel() in GameTestHelper has been deprecated and marked for removal
            var player = helper.makeMockServerPlayerInLevel();
                               ^
C:\Users\enzop\curseforge\minecraft\Instances\mod cet\intoxicantes-mod\src\gametest\java\com\intoxicantes\CommerceGameTest.java:633: warning: [removal] makeMockServerPlayerInLevel() in GameTestHelper has been deprecated and marked for removal
        var player = helper.makeMockServerPlayerInLevel();
                           ^
C:\Users\enzop\curseforge\minecraft\Instances\mod cet\intoxicantes-mod\src\gametest\java\com\intoxicantes\CommerceGameTest.java:771: warning: [removal] makeMockServerPlayerInLevel() in GameTestHelper has been deprecated and marked for removal
        var atirador = helper.makeMockServerPlayerInLevel();
                             ^
C:\Users\enzop\curseforge\minecraft\Instances\mod cet\intoxicantes-mod\src\gametest\java\com\intoxicantes\CommerceGameTest.java:811: warning: [removal] makeMockServerPlayerInLevel() in GameTestHelper has been deprecated and marked for removal
        var atirador = helper.makeMockServerPlayerInLevel();
                             ^
C:\Users\enzop\curseforge\minecraft\Instances\mod cet\intoxicantes-mod\src\gametest\java\com\intoxicantes\CommerceGameTest.java:1449: warning: [removal] makeMockServerPlayerInLevel() in GameTestHelper has been deprecated and marked for removal
        var fregues = helper.makeMockServerPlayerInLevel();
                            ^
C:\Users\enzop\curseforge\minecraft\Instances\mod cet\intoxicantes-mod\src\gametest\java\com\intoxicantes\CommerceGameTest.java:1600: warning: [removal] makeMockServerPlayerInLevel() in GameTestHelper has been deprecated and marked for removal
        ServerPlayer player = helper.makeMockServerPlayerInLevel();
                                    ^
C:\Users\enzop\curseforge\minecraft\Instances\mod cet\intoxicantes-mod\src\gametest\java\com\intoxicantes\CommerceGameTest.java:2325: warning: [removal] makeMockServerPlayerInLevel() in GameTestHelper has been deprecated and marked for removal
        var player = helper.makeMockServerPlayerInLevel();
                           ^
C:\Users\enzop\curseforge\minecraft\Instances\mod cet\intoxicantes-mod\src\gametest\java\com\intoxicantes\CommerceGameTest.java:2380: warning: [removal] makeMockServerPlayerInLevel() in GameTestHelper has been deprecated and marked for removal
        var player = helper.makeMockServerPlayerInLevel();
                           ^
C:\Users\enzop\curseforge\minecraft\Instances\mod cet\intoxicantes-mod\src\gametest\java\com\intoxicantes\CommerceGameTest.java:2416: warning: [removal] makeMockServerPlayerInLevel() in GameTestHelper has been deprecated and marked for removal
        var player = helper.makeMockServerPlayerInLevel();
                           ^
C:\Users\enzop\curseforge\minecraft\Instances\mod cet\intoxicantes-mod\src\gametest\java\com\intoxicantes\CommerceGameTest.java:2459: warning: [removal] makeMockServerPlayerInLevel() in GameTestHelper has been deprecated and marked for removal
        var player = helper.makeMockServerPlayerInLevel();
                           ^
C:\Users\enzop\curseforge\minecraft\Instances\mod cet\intoxicantes-mod\src\gametest\java\com\intoxicantes\CommerceGameTest.java:2490: warning: [removal] makeMockServerPlayerInLevel() in GameTestHelper has been deprecated and marked for removal
        var player = helper.makeMockServerPlayerInLevel();
                           ^
C:\Users\enzop\curseforge\minecraft\Instances\mod cet\intoxicantes-mod\src\gametest\java\com\intoxicantes\EletricidadeGameTest.java:137: warning: [removal] makeMockServerPlayerInLevel() in GameTestHelper has been deprecated and marked for removal
        var player = helper.makeMockServerPlayerInLevel();
                           ^
C:\Users\enzop\curseforge\minecraft\Instances\mod cet\intoxicantes-mod\src\gametest\java\com\intoxicantes\EletricidadeGameTest.java:437: warning: [removal] makeMockServerPlayerInLevel() in GameTestHelper has been deprecated and marked for removal
        var jogador = helper.makeMockServerPlayerInLevel();
                            ^
C:\Users\enzop\curseforge\minecraft\Instances\mod cet\intoxicantes-mod\src\gametest\java\com\intoxicantes\EletricidadeGameTest.java:631: warning: [removal] makeMockServerPlayerInLevel() in GameTestHelper has been deprecated and marked for removal
        var player=h.makeMockServerPlayerInLevel();
                    ^
C:\Users\enzop\curseforge\minecraft\Instances\mod cet\intoxicantes-mod\src\gametest\java\com\intoxicantes\EletricidadeGameTest.java:653: warning: [removal] makeMockServerPlayerInLevel() in GameTestHelper has been deprecated and marked for removal
        var player = h.makeMockServerPlayerInLevel();
                      ^
C:\Users\enzop\curseforge\minecraft\Instances\mod cet\intoxicantes-mod\src\gametest\java\com\intoxicantes\EletricidadeGameTest.java:736: warning: [removal] makeMockServerPlayerInLevel() in GameTestHelper has been deprecated and marked for removal
        var player = h.makeMockServerPlayerInLevel();
                      ^
C:\Users\enzop\curseforge\minecraft\Instances\mod cet\intoxicantes-mod\src\gametest\java\com\intoxicantes\EletricidadeGameTest.java:930: warning: [removal] makeMockServerPlayerInLevel() in GameTestHelper has been deprecated and marked for removal
            var jogador = helper.makeMockServerPlayerInLevel();
                                ^
C:\Users\enzop\curseforge\minecraft\Instances\mod cet\intoxicantes-mod\src\gametest\java\com\intoxicantes\EletricidadeGameTest.java:991: warning: [removal] makeMockServerPlayerInLevel() in GameTestHelper has been deprecated and marked for removal
            var jogador = helper.makeMockServerPlayerInLevel();
                                ^
C:\Users\enzop\curseforge\minecraft\Instances\mod cet\intoxicantes-mod\src\gametest\java\com\intoxicantes\EletricidadeGameTest.java:1045: warning: [removal] makeMockServerPlayerInLevel() in GameTestHelper has been deprecated and marked for removal
        var player = h.makeMockServerPlayerInLevel();
                      ^
C:\Users\enzop\curseforge\minecraft\Instances\mod cet\intoxicantes-mod\src\gametest\java\com\intoxicantes\GuiaGameTest.java:162: warning: [removal] makeMockServerPlayerInLevel() in GameTestHelper has been deprecated and marked for removal
        ServerPlayer player = helper.makeMockServerPlayerInLevel();
                                    ^
C:\Users\enzop\curseforge\minecraft\Instances\mod cet\intoxicantes-mod\src\gametest\java\com\intoxicantes\GuiMaquinasGameTest.java:34: warning: [removal] makeMockServerPlayerInLevel() in GameTestHelper has been deprecated and marked for removal
        var player = helper.makeMockServerPlayerInLevel();
                           ^
C:\Users\enzop\curseforge\minecraft\Instances\mod cet\intoxicantes-mod\src\gametest\java\com\intoxicantes\GuiMaquinasGameTest.java:74: warning: [removal] makeMockServerPlayerInLevel() in GameTestHelper has been deprecated and marked for removal
        var player = helper.makeMockServerPlayerInLevel();
                           ^
C:\Users\enzop\curseforge\minecraft\Instances\mod cet\intoxicantes-mod\src\gametest\java\com\intoxicantes\GuiMaquinasGameTest.java:105: warning: [removal] makeMockServerPlayerInLevel() in GameTestHelper has been deprecated and marked for removal
        var player = helper.makeMockServerPlayerInLevel();
                           ^
C:\Users\enzop\curseforge\minecraft\Instances\mod cet\intoxicantes-mod\src\gametest\java\com\intoxicantes\GuiMaquinasGameTest.java:135: warning: [removal] makeMockServerPlayerInLevel() in GameTestHelper has been deprecated and marked for removal
        var player = helper.makeMockServerPlayerInLevel();
                           ^
C:\Users\enzop\curseforge\minecraft\Instances\mod cet\intoxicantes-mod\src\gametest\java\com\intoxicantes\GuiMaquinasGameTest.java:155: warning: [removal] makeMockServerPlayerInLevel() in GameTestHelper has been deprecated and marked for removal
        var player = helper.makeMockServerPlayerInLevel();
                           ^
C:\Users\enzop\curseforge\minecraft\Instances\mod cet\intoxicantes-mod\src\gametest\java\com\intoxicantes\GuiMaquinasGameTest.java:181: warning: [removal] makeMockServerPlayerInLevel() in GameTestHelper has been deprecated and marked for removal
        var player = helper.makeMockServerPlayerInLevel();
                           ^
C:\Users\enzop\curseforge\minecraft\Instances\mod cet\intoxicantes-mod\src\gametest\java\com\intoxicantes\GuiMaquinasGameTest.java:246: warning: [removal] makeMockServerPlayerInLevel() in GameTestHelper has been deprecated and marked for removal
        var player = helper.makeMockServerPlayerInLevel();
                           ^
C:\Users\enzop\curseforge\minecraft\Instances\mod cet\intoxicantes-mod\src\gametest\java\com\intoxicantes\GuiMaquinasGameTest.java:320: warning: [removal] makeMockServerPlayerInLevel() in GameTestHelper has been deprecated and marked for removal
        var player = helper.makeMockServerPlayerInLevel();
                           ^
C:\Users\enzop\curseforge\minecraft\Instances\mod cet\intoxicantes-mod\src\gametest\java\com\intoxicantes\GuiMaquinasGameTest.java:335: warning: [removal] makeMockServerPlayerInLevel() in GameTestHelper has been deprecated and marked for removal
        var player = helper.makeMockServerPlayerInLevel();
                           ^
C:\Users\enzop\curseforge\minecraft\Instances\mod cet\intoxicantes-mod\src\gametest\java\com\intoxicantes\LedPotenciaGameTest.java:79: warning: [removal] makeMockServerPlayerInLevel() in GameTestHelper has been deprecated and marked for removal
        var player = helper.makeMockServerPlayerInLevel();
                           ^
C:\Users\enzop\curseforge\minecraft\Instances\mod cet\intoxicantes-mod\src\gametest\java\com\intoxicantes\LedPotenciaGameTest.java:116: warning: [removal] makeMockServerPlayerInLevel() in GameTestHelper has been deprecated and marked for removal
        var player = helper.makeMockServerPlayerInLevel();
                           ^
C:\Users\enzop\curseforge\minecraft\Instances\mod cet\intoxicantes-mod\src\gametest\java\com\intoxicantes\ParreiraGameTest.java:77: warning: [removal] makeMockServerPlayerInLevel() in GameTestHelper has been deprecated and marked for removal
        ServerPlayer player = helper.makeMockServerPlayerInLevel();
                                    ^
C:\Users\enzop\curseforge\minecraft\Instances\mod cet\intoxicantes-mod\src\gametest\java\com\intoxicantes\PeruGameTest.java:55: warning: [removal] makeMockServerPlayerInLevel() in GameTestHelper has been deprecated and marked for removal
        var jogador = helper.makeMockServerPlayerInLevel();
                            ^
C:\Users\enzop\curseforge\minecraft\Instances\mod cet\intoxicantes-mod\src\gametest\java\com\intoxicantes\PrateleiraGameTest.java:106: warning: [removal] makeMockServerPlayerInLevel() in GameTestHelper has been deprecated and marked for removal
        ServerPlayer player = helper.makeMockServerPlayerInLevel();
                                    ^
C:\Users\enzop\curseforge\minecraft\Instances\mod cet\intoxicantes-mod\src\gametest\java\com\intoxicantes\PrateleiraGameTest.java:296: warning: [removal] makeMockServerPlayerInLevel() in GameTestHelper has been deprecated and marked for removal
        var player = helper.makeMockServerPlayerInLevel();
                           ^
C:\Users\enzop\curseforge\minecraft\Instances\mod cet\intoxicantes-mod\src\gametest\java\com\intoxicantes\PrateleiraGameTest.java:476: warning: [removal] makeMockServerPlayerInLevel() in GameTestHelper has been deprecated and marked for removal
        ServerPlayer player = helper.makeMockServerPlayerInLevel();
                                    ^
C:\Users\enzop\curseforge\minecraft\Instances\mod cet\intoxicantes-mod\src\gametest\java\com\intoxicantes\PrateleiraGameTest.java:583: warning: [removal] makeMockServerPlayerInLevel() in GameTestHelper has been deprecated and marked for removal
        ServerPlayer player = helper.makeMockServerPlayerInLevel();
                                    ^
C:\Users\enzop\curseforge\minecraft\Instances\mod cet\intoxicantes-mod\src\gametest\java\com\intoxicantes\SaudeGameTest.java:30: warning: [removal] makeMockServerPlayerInLevel() in GameTestHelper has been deprecated and marked for removal
        ServerPlayer player = helper.makeMockServerPlayerInLevel();
                                    ^
C:\Users\enzop\curseforge\minecraft\Instances\mod cet\intoxicantes-mod\src\gametest\java\com\intoxicantes\SaudeGameTest.java:58: warning: [removal] makeMockServerPlayerInLevel() in GameTestHelper has been deprecated and marked for removal
        ServerPlayer player = helper.makeMockServerPlayerInLevel();
                                    ^
C:\Users\enzop\curseforge\minecraft\Instances\mod cet\intoxicantes-mod\src\gametest\java\com\intoxicantes\SaudeGameTest.java:80: warning: [removal] makeMockServerPlayerInLevel() in GameTestHelper has been deprecated and marked for removal
        ServerPlayer player = helper.makeMockServerPlayerInLevel();
                                    ^
C:\Users\enzop\curseforge\minecraft\Instances\mod cet\intoxicantes-mod\src\gametest\java\com\intoxicantes\SaudeGameTest.java:107: warning: [removal] makeMockServerPlayerInLevel() in GameTestHelper has been deprecated and marked for removal
        ServerPlayer player = helper.makeMockServerPlayerInLevel();
                                    ^
C:\Users\enzop\curseforge\minecraft\Instances\mod cet\intoxicantes-mod\src\gametest\java\com\intoxicantes\SaudeGameTest.java:143: warning: [removal] makeMockServerPlayerInLevel() in GameTestHelper has been deprecated and marked for removal
        ServerPlayer player = helper.makeMockServerPlayerInLevel();
                                    ^
C:\Users\enzop\curseforge\minecraft\Instances\mod cet\intoxicantes-mod\src\gametest\java\com\intoxicantes\SaudeGameTest.java:169: warning: [removal] makeMockServerPlayerInLevel() in GameTestHelper has been deprecated and marked for removal
        ServerPlayer player = helper.makeMockServerPlayerInLevel();
                                    ^
C:\Users\enzop\curseforge\minecraft\Instances\mod cet\intoxicantes-mod\src\gametest\java\com\intoxicantes\SaudeGameTest.java:201: warning: [removal] makeMockServerPlayerInLevel() in GameTestHelper has been deprecated and marked for removal
        ServerPlayer player = helper.makeMockServerPlayerInLevel();
                                    ^
C:\Users\enzop\curseforge\minecraft\Instances\mod cet\intoxicantes-mod\src\gametest\java\com\intoxicantes\SaudeGameTest.java:227: warning: [removal] makeMockServerPlayerInLevel() in GameTestHelper has been deprecated and marked for removal
        ServerPlayer player = helper.makeMockServerPlayerInLevel();
                                    ^
C:\Users\enzop\curseforge\minecraft\Instances\mod cet\intoxicantes-mod\src\gametest\java\com\intoxicantes\SaudeGameTest.java:253: warning: [removal] makeMockServerPlayerInLevel() in GameTestHelper has been deprecated and marked for removal
        ServerPlayer player = helper.makeMockServerPlayerInLevel();
                                    ^
C:\Users\enzop\curseforge\minecraft\Instances\mod cet\intoxicantes-mod\src\gametest\java\com\intoxicantes\SaudeGameTest.java:285: warning: [removal] makeMockServerPlayerInLevel() in GameTestHelper has been deprecated and marked for removal
        ServerPlayer player = helper.makeMockServerPlayerInLevel();
                                    ^
Note: Some input files use or override a deprecated API.
Note: Recompile with -Xlint:deprecation for details.
58 warnings

> Task :generateLog4jConfig UP-TO-DATE
> Task :generateDLIConfig UP-TO-DATE
> Task :configureLaunch UP-TO-DATE
> Task :processGametestResources UP-TO-DATE
> Task :gametestClasses

> Task :runGameTest
[10:13:54] [main/INFO] (FabricLoader/GameProvider) Loading Minecraft 26.3 with Fabric Loader 0.19.5
[10:13:54] [main/INFO] (FabricLoader/Mappings) Mappings not present!
[10:13:55] [main/INFO] (FabricLoader) Loading 45 mods:
	- fabric-api 0.160.7+26.3
	- fabric-api-base 2.0.6+fcdff87f5d
	- fabric-api-lookup-api-v1 2.0.24+3434d6d95d
	- fabric-biome-api-v1 20.0.9+74ed1ea55d
	- fabric-block-api-v1 3.1.0+0ae6f9115d
	- fabric-block-getter-api-v2 2.0.9+3434d6d95d
	- fabric-command-api-v2 3.1.2+fcdff87f5d
	- fabric-content-registries-v0 15.0.4+74ed1ea55d
	- fabric-convention-tags-v2 4.10.2+5a4e5fc65d
	- fabric-crash-report-info-v1 1.0.7+fcdff87f5d
	- fabric-creative-tab-api-v1 5.0.21+fcdff87f5d
	- fabric-data-attachment-api-v1 2.2.30+3434d6d95d
	- fabric-data-generation-api-v1 27.2.3+64902b845d
	- fabric-debug-api-v1 1.0.4+3434d6d95d
	- fabric-dimensions-v1 5.1.19+47f74c985d
	- fabric-entity-events-v1 6.0.4+3434d6d95d
	- fabric-events-interaction-v0 5.3.6+3434d6d95d
	- fabric-game-rule-api-v1 4.0.10+3434d6d95d
	- fabric-gametest-api-v1 4.0.32+3434d6d95d
	- fabric-item-api-v1 14.7.0+cf6bc2db5d
	- fabric-lifecycle-events-v1 4.1.9+ffef5f675d
	- fabric-loot-api-v3 4.0.8+4068fd645d
	- fabric-menu-api-v1 2.0.27+ed66f0a35d
	- fabric-message-api-v1 7.0.10+3434d6d95d
	- fabric-networking-api-v1 6.3.8+fcdff87f5d
	- fabric-object-builder-api-v1 24.1.9+3434d6d95d
	- fabric-particles-v1 5.0.24+3434d6d95d
	- fabric-permission-api-v1 1.0.8+fcdff87f5d
	- fabric-recipe-api-v1 10.0.8+fcdff87f5d
	- fabric-registry-sync-v0 8.0.1+fcdff87f5d
	- fabric-rendering-fluids-v1 6.0.6+3434d6d95d
	- fabric-resource-conditions-api-v1 6.1.5+3434d6d95d
	- fabric-resource-loader-v0 3.3.26+4fc5413f5d
	- fabric-resource-loader-v1 3.0.4+fcdff87f5d
	- fabric-serialization-api-v1 2.0.7+74ed1ea55d
	- fabric-tag-api-v1 2.1.10+fcdff87f5d
	- fabric-transfer-api-v1 8.0.25+fcdff87f5d
	- fabric-transitive-access-wideners-v1 8.1.16+52268a0e5d
	- fabricloader 0.19.5
	- intoxicantes 1.2.81
	- intoxicantes-commerce-tests 1.0.0
	- java 25
	- minecraft 26.3
	- mixinextras 0.5.5
	- snc_energies 0.8.0
[10:13:55] [main/INFO] (FabricLoader/Mixin) SpongePowered MIXIN Subsystem Version=0.8.7 Source=file:/C:/Users/enzop/.gradle/caches/modules-2/files-2.1/net.fabricmc/sponge-mixin/0.17.4+mixin.0.8.7/5f66cc9f59b8efaa942155a3d5a30599bf6640dd/sponge-mixin-0.17.4+mixin.0.8.7.jar Service=Knot/Fabric Env=SERVER
[10:13:56] [main/INFO] (FabricLoader/MixinExtras|Service) Initializing MixinExtras via com.llamalad7.mixinextras.service.MixinExtrasServiceImpl(version=0.5.5).
[10:14:06] [main/INFO] (intoxicantes) [Intoxicantes] Plantacoes, bebidas, NPCs, substancias e a economia R$ registradas. Boa esquina!
[10:14:06] [main/INFO] (SNC Energies) SNC Energies blocks constructed
[10:14:06] [main/INFO] (SNC Energies) SNC Energies block entities registered
[10:14:06] [main/INFO] (SNC Energies) SNC Energies entities registered
[10:14:06] [main/INFO] (SNC Energies) SNC Energies items registered
[10:14:06] [main/INFO] (SNC Energies) SNC Energies menus registered
[10:14:06] [main/INFO] (SNC Energies) SNC Energies recipes ready
[10:14:06] [main/INFO] (SNC Energies) SNC Energies mercadao retrogen registered
[10:14:06] [main/INFO] (SNC Energies) SNC Adventures 1.2.81 detected; optional biomass integration enabled
[10:14:06] [main/INFO] (SNC Energies) SNC Energies initialized: the grid is live!
[10:14:07] [main/INFO] (Minecraft) Environment: Environment[discoveryUrl=https://discovery.minecraftservices.com/minecraft/client, name=PROD]
[10:14:07] [main/INFO] (FabricGameTestRunner) Starting test server
[10:14:09] [Worker-Main-4/WARN] (Minecraft) Found loot table element validation problem in {intoxicantes:blocks/coqueiro_folhas@minecraft:loot_table}.pools[0].entries[0]: Unreachable entry!
[10:14:09] [Worker-Main-5/INFO] (Minecraft) Loaded 1877 advancements
[10:14:09] [main/INFO] (BiomeModificationImpl) Applied 25 biome modifications to 19 of 67 new biomes in 8.206 ms
[10:14:10] [Server thread/INFO] (intoxicantes) [Intoxicantes] Sistema de dinheiro R$ e Mercado Esquinao inicializados.
[10:14:10] [Server thread/INFO] (Minecraft) Selecting global world spawn...
[10:14:10] [Server thread/INFO] (Minecraft) Loading 0 persistent chunks...
[10:14:10] [Server thread/INFO] (Minecraft) Preparing spawn area: 100%
[10:14:10] [Server thread/INFO] (Minecraft) Time elapsed: 236 ms
[10:14:10] [Server thread/INFO] (Minecraft) Started game test server
[10:14:10] [Server thread/INFO] (Minecraft) 189 tests are now running at position -3125928, 4, 797812!
[10:14:13] [Server thread/INFO] (Minecraft) Running test environment 'minecraft:default' batch 0 (50 tests)...
[10:14:13] [Server thread/WARN] (Minecraft) Can't keep up! Is the server overloaded? Running 2369ms or 47 ticks behind
[10:14:13] [Server thread/INFO] (Minecraft) test-mock-player[embedded] logged in with entity id 2 at (0.0, 0.0, 0.0)
[10:14:13] [Server thread/INFO] (Minecraft) System chat: test-mock-player joined the game
[10:14:13] [Server thread/INFO] (Minecraft) System chat: test-mock-player has made the advancement [Village Cellar]
[10:14:13] [Server thread/INFO] (Minecraft) test-mock-player[embedded] logged in with entity id 3 at (0.0, 0.0, 0.0)
[10:14:13] [Server thread/INFO] (Minecraft) System chat: test-mock-player joined the game
[10:14:13] [Server thread/INFO] (Minecraft) System chat: test-mock-player has reached the goal [Corner Regular]
[10:14:13] [Server thread/INFO] (Minecraft) System chat: test-mock-player has completed the challenge [Owner of the Corner]
[10:14:13] [Server thread/INFO] (Minecraft) test-mock-player[embedded] logged in with entity id 4 at (0.0, 0.0, 0.0)
[10:14:13] [Server thread/INFO] (Minecraft) System chat: test-mock-player joined the game
[10:14:13] [Server thread/INFO] (Minecraft) test-mock-player[embedded] logged in with entity id 5 at (0.0, 0.0, 0.0)
[10:14:13] [Server thread/INFO] (Minecraft) System chat: test-mock-player joined the game
[10:14:13] [Server thread/INFO] (Minecraft) test-mock-player[embedded] logged in with entity id 6 at (0.0, 0.0, 0.0)
[10:14:13] [Server thread/INFO] (Minecraft) System chat: test-mock-player joined the game
[10:14:13] [Server thread/INFO] (Minecraft) test-mock-player[embedded] logged in with entity id 10 at (0.0, 0.0, 0.0)
[10:14:13] [Server thread/INFO] (Minecraft) System chat: test-mock-player joined the game
[10:14:13] [Server thread/INFO] (Minecraft) vitima-teste[embedded] logged in with entity id 13 at (0.0, 0.0, 0.0)
[10:14:13] [Server thread/INFO] (Minecraft) System chat: vitima-teste joined the game
[10:14:14] [Server thread/INFO] (Minecraft) vitima-teste[embedded] logged in with entity id 16 at (0.0, 0.0, 0.0)
[10:14:14] [Server thread/INFO] (Minecraft) System chat: vitima-teste joined the game
[10:14:14] [Server thread/INFO] (Minecraft) System chat: vitima-teste was slain by Gago
[10:14:14] [Server thread/INFO] (Minecraft) test-mock-player[embedded] logged in with entity id 19 at (0.0, 0.0, 0.0)
[10:14:14] [Server thread/INFO] (Minecraft) System chat: test-mock-player joined the game
[10:14:14] [Server thread/INFO] (Minecraft) vitima-teste[embedded] logged in with entity id 20 at (0.0, 0.0, 0.0)
[10:14:14] [Server thread/INFO] (Minecraft) System chat: vitima-teste joined the game
[10:14:14] [Server thread/INFO] (Minecraft) test-mock-player[embedded] logged in with entity id 21 at (0.0, 0.0, 0.0)
[10:14:14] [Server thread/INFO] (Minecraft) System chat: test-mock-player joined the game
[10:14:14] [Server thread/INFO] (Minecraft) System chat: test-mock-player has made the advancement [Perfect Harvest]
[10:14:14] [Server thread/INFO] (Minecraft) vitima-teste[embedded] logged in with entity id 22 at (0.0, 0.0, 0.0)
[10:14:14] [Server thread/INFO] (Minecraft) System chat: vitima-teste joined the game
[10:14:14] [Server thread/INFO] (Minecraft) vitima-teste[embedded] logged in with entity id 24 at (0.0, 0.0, 0.0)
[10:14:14] [Server thread/INFO] (Minecraft) System chat: vitima-teste joined the game
[10:14:14] [Server thread/INFO] (Minecraft) test-mock-player[embedded] logged in with entity id 26 at (0.0, 0.0, 0.0)
[10:14:14] [Server thread/INFO] (Minecraft) System chat: test-mock-player joined the game
[10:14:14] [Server thread/INFO] (Minecraft) vitima-teste[embedded] logged in with entity id 28 at (0.0, 0.0, 0.0)
[10:14:14] [Server thread/INFO] (Minecraft) System chat: vitima-teste joined the game
[10:14:14] [Server thread/INFO] (Minecraft) test-mock-player[embedded] logged in with entity id 29 at (0.0, 0.0, 0.0)
[10:14:14] [Server thread/INFO] (Minecraft) System chat: test-mock-player joined the game
[10:14:14] [Server thread/INFO] (Minecraft) test-mock-player[embedded] logged in with entity id 31 at (0.0, 0.0, 0.0)
[10:14:14] [Server thread/INFO] (Minecraft) System chat: test-mock-player joined the game
[10:14:14] [Server thread/INFO] (Minecraft) test-mock-player[embedded] logged in with entity id 37 at (0.0, 0.0, 0.0)
[10:14:14] [Server thread/INFO] (Minecraft) System chat: test-mock-player joined the game
[10:14:14] [Server thread/INFO] (Minecraft) vitima-teste[embedded] logged in with entity id 38 at (0.0, 0.0, 0.0)
[10:14:14] [Server thread/INFO] (Minecraft) System chat: vitima-teste joined the game
[10:14:14] [Server thread/INFO] (Minecraft) vitima-teste[embedded] logged in with entity id 39 at (0.0, 0.0, 0.0)
[10:14:14] [Server thread/INFO] (Minecraft) System chat: vitima-teste joined the game
[10:14:14] [Server thread/INFO] (intoxicantes) [Escopeta] tiro: 1 balim(s) em 1 vitima(s) (ads=false)
[10:14:14] [Server thread/INFO] (Minecraft) vitima-teste[embedded] logged in with entity id 41 at (0.0, 0.0, 0.0)
[10:14:14] [Server thread/INFO] (Minecraft) System chat: vitima-teste joined the game
[10:14:14] [Server thread/INFO] (intoxicantes) [Revolver] tiro .38: alvo=Traficante dist=1.7454329 (ads=false)
[10:14:14] [Server thread/INFO] (intoxicantes) [Revolver] tiro .38: alvo=Traficante dist=1.7432647 (ads=false)
[10:14:14] [Server thread/INFO] (intoxicantes) [Revolver] tiro .38: alvo=Traficante dist=1.7434169 (ads=false)
[10:14:14] [Server thread/INFO] (Minecraft) vitima-teste[embedded] logged in with entity id 125 at (0.0, 0.0, 0.0)
[10:14:14] [Server thread/INFO] (Minecraft) System chat: vitima-teste joined the game
[10:14:14] [Server thread/INFO] (Minecraft) vitima-teste[embedded] logged in with entity id 127 at (0.0, 0.0, 0.0)
[10:14:14] [Server thread/INFO] (Minecraft) System chat: vitima-teste joined the game
[10:14:14] [Server thread/INFO] (Minecraft) test-mock-player[embedded] logged in with entity id 129 at (0.0, 0.0, 0.0)
[10:14:14] [Server thread/INFO] (Minecraft) System chat: test-mock-player joined the game
[10:14:14] [Server thread/INFO] (Minecraft) test-mock-player[embedded] logged in with entity id 130 at (0.0, 0.0, 0.0)
[10:14:14] [Server thread/INFO] (Minecraft) System chat: test-mock-player joined the game
[10:14:14] [Server thread/INFO] (Minecraft) Named entity GagoEntity['Gago'/135, l='ServerLevel[Test Level]', x=-3125912.50, y=8.00, z=797899.50] died: Gago was killed
[10:14:14] [Server thread/INFO] (Minecraft) test-mock-player[embedded] logged in with entity id 136 at (0.0, 0.0, 0.0)
[10:14:14] [Server thread/INFO] (Minecraft) System chat: test-mock-player joined the game
[10:14:14] [Server thread/INFO] (intoxicantes) [Market] Posicao do Mercado carregada: 0, -64, 0
[10:14:14] [Server thread/INFO] (Minecraft) test-mock-player[embedded] logged in with entity id 138 at (0.0, 0.0, 0.0)
[10:14:14] [Server thread/INFO] (Minecraft) System chat: test-mock-player joined the game
[10:14:14] [Server thread/INFO] (Minecraft) vitima-teste[embedded] logged in with entity id 141 at (0.0, 0.0, 0.0)
[10:14:14] [Server thread/INFO] (Minecraft) System chat: vitima-teste joined the game
[10:14:14] [Server thread/INFO] (Minecraft) test-mock-player[embedded] logged in with entity id 142 at (0.0, 0.0, 0.0)
[10:14:14] [Server thread/INFO] (Minecraft) System chat: test-mock-player joined the game
[10:14:14] [Server thread/INFO] (Minecraft) test-mock-player[embedded] logged in with entity id 143 at (0.0, 0.0, 0.0)
[10:14:14] [Server thread/INFO] (Minecraft) System chat: test-mock-player joined the game
[10:14:14] [Server thread/INFO] (Minecraft) vitima-teste[embedded] logged in with entity id 144 at (0.0, 0.0, 0.0)
[10:14:14] [Server thread/INFO] (Minecraft) System chat: vitima-teste joined the game
[10:14:15] [Server thread/INFO] (Minecraft) [++++++++++++++++++++++++_++++_++++++++++++_++++__+                                                                                                                                           ]
[10:14:15] [Server thread/INFO] (Minecraft) [+++++++++++++++++++++++++++++_++++++++++++_++++__+                                                                                                                                           ]
[10:14:15] [Server thread/INFO] (Minecraft) [+++++++++++++++++++++++++++++_++++++++++++_++++__+                                                                                                                                           ]
[10:14:15] [Server thread/INFO] (Minecraft) [+++++++++++++++++++++++++++++_++++++++++++_++++__+                                                                                                                                           ]
[10:14:15] [Server thread/INFO] (Minecraft) [+++++++++++++++++++++++++++++_++++++++++++_++++__+                                                                                                                                           ]
[10:14:15] [Server thread/INFO] (Minecraft) [+++++++++++++++++++++++++++++_++++++++++++_++++__+                                                                                                                                           ]
[10:14:15] [Server thread/INFO] (Minecraft) [+++++++++++++++++++++++++++++_++++++++++++_++++__+                                                                                                                                           ]
[10:14:15] [Server thread/INFO] (Minecraft) [+++++++++++++++++++++++++++++_++++++++++++_++++__+                                                                                                                                           ]
[10:14:15] [Server thread/INFO] (Minecraft) [+++++++++++++++++++++++++++++_++++++++++++_++++__+                                                                                                                                           ]
[10:14:15] [Server thread/INFO] (Minecraft) [+++++++++++++++++++++++++++++_++++++++++++_++++__+                                                                                                                                           ]
[10:14:15] [Server thread/INFO] (Minecraft) [+++++++++++++++++++++++++++++_++++++++++++_++++__+                                                                                                                                           ]
[10:14:15] [Server thread/INFO] (Minecraft) [+++++++++++++++++++++++++++++_++++++++++++_++++__+                                                                                                                                           ]
[10:14:15] [Server thread/INFO] (Minecraft) [+++++++++++++++++++++++++++++_++++++++++++_++++__+                                                                                                                                           ]
[10:14:15] [Server thread/INFO] (Minecraft) [+++++++++++++++++++++++++++++_++++++++++++_++++__+                                                                                                                                           ]
[10:14:15] [Server thread/INFO] (Minecraft) [+++++++++++++++++++++++++++++_++++++++++++_++++__+                                                                                                                                           ]
[10:14:15] [Server thread/INFO] (Minecraft) [+++++++++++++++++++++++++++++_++++++++++++_++++__+                                                                                                                                           ]
[10:14:15] [Server thread/INFO] (Minecraft) [+++++++++++++++++++++++++++++_++++++++++++_++++__+                                                                                                                                           ]
[10:14:15] [Server thread/INFO] (Minecraft) [+++++++++++++++++++++++++++++_++++++++++++_++++__+                                                                                                                                           ]
[10:14:15] [Server thread/INFO] (Minecraft) [+++++++++++++++++++++++++++++_++++++++++++_++++__+                                                                                                                                           ]
[10:14:15] [Server thread/INFO] (Minecraft) [+++++++++++++++++++++++++++++_++++++++++++_++++__+                                                                                                                                           ]
[10:14:15] [Server thread/INFO] (Minecraft) [+++++++++++++++++++++++++++++_++++++++++++_++++__+                                                                                                                                           ]
[10:14:15] [Server thread/INFO] (Minecraft) [+++++++++++++++++++++++++++++_++++++++++++_++++__+                                                                                                                                           ]
[10:14:16] [Server thread/INFO] (Minecraft) [+++++++++++++++++++++++++++++_++++++++++++_++++__+                                                                                                                                           ]
[10:14:16] [Server thread/INFO] (Minecraft) [+++++++++++++++++++++++++++++_++++++++++++_++++__+                                                                                                                                           ]
[10:14:16] [Server thread/INFO] (Minecraft) [+++++++++++++++++++++++++++++_++++++++++++_++++__+                                                                                                                                           ]
[10:14:16] [Server thread/INFO] (Minecraft) [+++++++++++++++++++++++++++++_++++++++++++_++++__+                                                                                                                                           ]
[10:14:16] [Server thread/INFO] (Minecraft) [+++++++++++++++++++++++++++++_++++++++++++_++++__+                                                                                                                                           ]
[10:14:16] [Server thread/INFO] (Minecraft) [+++++++++++++++++++++++++++++_++++++++++++_++++__+                                                                                                                                           ]
[10:14:16] [Server thread/INFO] (Minecraft) [+++++++++++++++++++++++++++++_++++++++++++_++++__+                                                                                                                                           ]
[10:14:16] [Server thread/INFO] (Minecraft) [+++++++++++++++++++++++++++++_++++++++++++_++++__+                                                                                                                                           ]
[10:14:16] [Server thread/INFO] (Minecraft) [+++++++++++++++++++++++++++++_++++++++++++_++++__+                                                                                                                                           ]
[10:14:16] [Server thread/INFO] (Minecraft) [+++++++++++++++++++++++++++++_++++++++++++_++++__+                                                                                                                                           ]
[10:14:16] [Server thread/INFO] (Minecraft) [+++++++++++++++++++++++++++++_++++++++++++_++++__+                                                                                                                                           ]
[10:14:16] [Server thread/INFO] (Minecraft) [+++++++++++++++++++++++++++++_++++++++++++_++++__+                                                                                                                                           ]
[10:14:16] [Server thread/INFO] (Minecraft) [+++++++++++++++++++++++++++++_++++++++++++_++++__+                                                                                                                                           ]
[10:14:16] [Server thread/INFO] (Minecraft) [+++++++++++++++++++++++++++++_++++++++++++_++++__+                                                                                                                                           ]
[10:14:16] [Server thread/INFO] (Minecraft) [+++++++++++++++++++++++++++++_++++++++++++_++++__+                                                                                                                                           ]
[10:14:16] [Server thread/INFO] (Minecraft) [+++++++++++++++++++++++++++++_++++++++++++_+++++_+                                                                                                                                           ]
[10:14:16] [Server thread/INFO] (Minecraft) [+++++++++++++++++++++++++++++_++++++++++++_+++++_+                                                                                                                                           ]
[10:14:16] [Server thread/INFO] (Minecraft) [+++++++++++++++++++++++++++++_++++++++++++_+++++_+                                                                                                                                           ]
[10:14:16] [Server thread/INFO] (Minecraft) [+++++++++++++++++++++++++++++_++++++++++++_+++++_+                                                                                                                                           ]
[10:14:16] [Server thread/INFO] (Minecraft) [++++++++++++++++++++++++++++++++++++++++++_+++++_+                                                                                                                                           ]
[10:14:16] [Server thread/INFO] (Minecraft) [++++++++++++++++++++++++++++++++++++++++++_+++++_+                                                                                                                                           ]
[10:14:16] [Server thread/INFO] (Minecraft) [++++++++++++++++++++++++++++++++++++++++++_+++++_+                                                                                                                                           ]
[10:14:16] [Server thread/INFO] (Minecraft) [++++++++++++++++++++++++++++++++++++++++++_+++++_+                                                                                                                                           ]
[10:14:16] [Server thread/INFO] (Minecraft) [++++++++++++++++++++++++++++++++++++++++++_+++++_+                                                                                                                                           ]
[10:14:16] [Server thread/INFO] (Minecraft) [++++++++++++++++++++++++++++++++++++++++++_+++++_+                                                                                                                                           ]
[10:14:16] [Server thread/INFO] (Minecraft) [++++++++++++++++++++++++++++++++++++++++++_+++++_+                                                                                                                                           ]
[10:14:16] [Server thread/INFO] (Minecraft) [++++++++++++++++++++++++++++++++++++++++++_+++++_+                                                                                                                                           ]
[10:14:16] [Server thread/INFO] (Minecraft) [++++++++++++++++++++++++++++++++++++++++++_+++++_+                                                                                                                                           ]
[10:14:16] [Server thread/INFO] (Minecraft) [++++++++++++++++++++++++++++++++++++++++++_+++++_+                                                                                                                                           ]
[10:14:16] [Server thread/INFO] (Minecraft) [++++++++++++++++++++++++++++++++++++++++++_+++++_+                                                                                                                                           ]
[10:14:16] [Server thread/INFO] (Minecraft) [++++++++++++++++++++++++++++++++++++++++++_+++++_+                                                                                                                                           ]
[10:14:16] [Server thread/INFO] (Minecraft) [++++++++++++++++++++++++++++++++++++++++++_+++++_+                                                                                                                                           ]
[10:14:16] [Server thread/INFO] (Minecraft) [++++++++++++++++++++++++++++++++++++++++++_+++++_+                                                                                                                                           ]
[10:14:16] [Server thread/INFO] (Minecraft) [++++++++++++++++++++++++++++++++++++++++++_+++++_+                                                                                                                                           ]
[10:14:16] [Server thread/INFO] (Minecraft) [++++++++++++++++++++++++++++++++++++++++++_+++++_+                                                                                                                                           ]
[10:14:16] [Server thread/INFO] (Minecraft) [++++++++++++++++++++++++++++++++++++++++++_+++++_+                                                                                                                                           ]
[10:14:16] [Server thread/INFO] (Minecraft) [++++++++++++++++++++++++++++++++++++++++++_+++++_+                                                                                                                                           ]
[10:14:16] [Server thread/INFO] (Minecraft) [++++++++++++++++++++++++++++++++++++++++++_+++++_+                                                                                                                                           ]
[10:14:16] [Server thread/INFO] (Minecraft) [++++++++++++++++++++++++++++++++++++++++++_+++++_+                                                                                                                                           ]
[10:14:16] [Server thread/INFO] (Minecraft) [++++++++++++++++++++++++++++++++++++++++++_+++++_+                                                                                                                                           ]
[10:14:16] [Server thread/INFO] (Minecraft) [++++++++++++++++++++++++++++++++++++++++++_+++++_+                                                                                                                                           ]
[10:14:16] [Server thread/INFO] (Minecraft) [++++++++++++++++++++++++++++++++++++++++++_+++++_+                                                                                                                                           ]
[10:14:17] [Server thread/INFO] (Minecraft) [++++++++++++++++++++++++++++++++++++++++++_+++++_+                                                                                                                                           ]
[10:14:17] [Server thread/INFO] (Minecraft) [++++++++++++++++++++++++++++++++++++++++++_+++++++                                                                                                                                           ]
[10:14:17] [Server thread/INFO] (Minecraft) [++++++++++++++++++++++++++++++++++++++++++_+++++++                                                                                                                                           ]
[10:14:17] [Server thread/INFO] (Minecraft) [++++++++++++++++++++++++++++++++++++++++++_+++++++                                                                                                                                           ]
[10:14:17] [Server thread/INFO] (Minecraft) Running test environment 'minecraft:default' batch 1 (50 tests)...
[10:14:17] [Server thread/ERROR] (intoxicantes) [SNC Adventures] Não foi possível abrir a economia em C:\Users\enzop\AppData\Local\Temp\snc-bicho-gametest-18420133429098516261. Arquivos preservados.

com.google.gson.JsonSyntaxException: com.google.gson.stream.MalformedJsonException: Expected ':' at line 1 column 11 path $.arquivo
See https://github.com/google/gson/blob/main/Troubleshooting.md#malformed-json
	at knot//com.google.gson.internal.Streams.parse(Streams.java:60)
	at knot//com.google.gson.JsonParser.parseReader(JsonParser.java:144)
	at knot//com.google.gson.JsonParser.parseReader(JsonParser.java:110)
	at knot//com.google.gson.JsonParser.parseString(JsonParser.java:92)
	at knot//com.intoxicantes.PlayerMoney.lerObjeto(PlayerMoney.java:180)
	at knot//com.intoxicantes.PlayerMoney$Livro.<init>(PlayerMoney.java:95)
	at knot//com.intoxicantes.JogoDoBichoGameTest.lambda$dinheiroCorrompidoNaoViraSaldoVazio$0(JogoDoBichoGameTest.java:233)
	at knot//com.intoxicantes.JogoDoBichoGameTest.isolado(JogoDoBichoGameTest.java:252)
	at knot//com.intoxicantes.JogoDoBichoGameTest.dinheiroCorrompidoNaoViraSaldoVazio(JogoDoBichoGameTest.java:229)
	at java.base/jdk.internal.reflect.DirectMethodHandleAccessor.invoke(DirectMethodHandleAccessor.java:104)
	at java.base/java.lang.reflect.Method.invoke(Method.java:565)
	at knot//net.fabricmc.fabric.impl.gametest.TestAnnotationLocator$TestMethod.lambda$testFunction$0(TestAnnotationLocator.java:144)
	at knot//net.minecraft.gametest.framework.FunctionGameTestInstance.run(FunctionGameTestInstance.java:32)
	at knot//net.minecraft.gametest.framework.GameTestInfo.startTest(GameTestInfo.java:177)
	at knot//net.minecraft.gametest.framework.GameTestInfo.tickInternal(GameTestInfo.java:137)
	at knot//net.minecraft.gametest.framework.GameTestInfo.tick(GameTestInfo.java:120)
	at knot//net.minecraft.gametest.framework.GameTestTicker.lambda$tick$0(GameTestTicker.java:56)
	at java.base/java.util.concurrent.CopyOnWriteArrayList.forEach(CopyOnWriteArrayList.java:905)
	at knot//net.minecraft.gametest.framework.GameTestTicker.tick(GameTestTicker.java:56)
	at knot//net.minecraft.server.MinecraftServer.tickChildren(MinecraftServer.java:1135)
	at knot//net.minecraft.server.MinecraftServer.tickServer(MinecraftServer.java:980)
	at knot//net.minecraft.gametest.framework.GameTestServer.tickServer(GameTestServer.java:227)
	at knot//net.minecraft.server.MinecraftServer.processPacketsAndTick(MinecraftServer.java:1013)
	at knot//net.minecraft.server.MinecraftServer.runServer(MinecraftServer.java:752)
	at knot//net.minecraft.server.MinecraftServer.lambda$spin$0(MinecraftServer.java:310)
	at java.base/java.lang.Thread.run(Thread.java:1474)
Caused by: com.google.gson.stream.MalformedJsonException: Expected ':' at line 1 column 11 path $.arquivo
See https://github.com/google/gson/blob/main/Troubleshooting.md#malformed-json
	at knot//com.google.gson.stream.JsonReader.syntaxError(JsonReader.java:1817)
	at knot//com.google.gson.stream.JsonReader.doPeek(JsonReader.java:657)
	at knot//com.google.gson.stream.JsonReader.peek(JsonReader.java:545)
	at knot//com.google.gson.internal.bind.JsonElementTypeAdapter.read(JsonElementTypeAdapter.java:102)
	at knot//com.google.gson.internal.Streams.parse(Streams.java:48)
	... 25 more
[10:14:17] [Server thread/ERROR] (intoxicantes) [SNC Adventures] Loteria não persistiu em C:\Users\enzop\AppData\Local\Temp\snc-bicho-gametest-5529766718553937691\intoxicantes_bicho.json; operação permanece recuperável

java.nio.file.AccessDeniedException: C:\Users\enzop\AppData\Local\Temp\snc-bicho-gametest-5529766718553937691\intoxicantes_bicho.json.pending
	at java.base/sun.nio.fs.WindowsException.translateToIOException(WindowsException.java:89)
	at java.base/sun.nio.fs.WindowsException.rethrowAsIOException(WindowsException.java:103)
	at java.base/sun.nio.fs.WindowsException.rethrowAsIOException(WindowsException.java:108)
	at java.base/sun.nio.fs.WindowsFileSystemProvider.newFileChannel(WindowsFileSystemProvider.java:118)
	at java.base/java.nio.channels.FileChannel.open(FileChannel.java:301)
	at java.base/java.nio.channels.FileChannel.open(FileChannel.java:353)
	at knot//com.intoxicantes.PlayerMoney.gravarAtomico(PlayerMoney.java:205)
	at knot//com.intoxicantes.JogoDoBicho$Loteria.persistir(JogoDoBicho.java:251)
	at knot//com.intoxicantes.JogoDoBicho$Loteria.apostar(JogoDoBicho.java:151)
	at knot//com.intoxicantes.JogoDoBichoGameTest.lambda$falhaDePersistenciaNaoDescontaNemPerdePremio$0(JogoDoBichoGameTest.java:201)
	at knot//com.intoxicantes.JogoDoBichoGameTest.isolado(JogoDoBichoGameTest.java:252)
	at knot//com.intoxicantes.JogoDoBichoGameTest.falhaDePersistenciaNaoDescontaNemPerdePremio(JogoDoBichoGameTest.java:195)
	at java.base/jdk.internal.reflect.DirectMethodHandleAccessor.invoke(DirectMethodHandleAccessor.java:104)
	at java.base/java.lang.reflect.Method.invoke(Method.java:565)
	at knot//net.fabricmc.fabric.impl.gametest.TestAnnotationLocator$TestMethod.lambda$testFunction$0(TestAnnotationLocator.java:144)
	at knot//net.minecraft.gametest.framework.FunctionGameTestInstance.run(FunctionGameTestInstance.java:32)
	at knot//net.minecraft.gametest.framework.GameTestInfo.startTest(GameTestInfo.java:177)
	at knot//net.minecraft.gametest.framework.GameTestInfo.tickInternal(GameTestInfo.java:137)
	at knot//net.minecraft.gametest.framework.GameTestInfo.tick(GameTestInfo.java:120)
	at knot//net.minecraft.gametest.framework.GameTestTicker.lambda$tick$0(GameTestTicker.java:56)
	at java.base/java.util.concurrent.CopyOnWriteArrayList.forEach(CopyOnWriteArrayList.java:905)
	at knot//net.minecraft.gametest.framework.GameTestTicker.tick(GameTestTicker.java:56)
	at knot//net.minecraft.server.MinecraftServer.tickChildren(MinecraftServer.java:1135)
	at knot//net.minecraft.server.MinecraftServer.tickServer(MinecraftServer.java:980)
	at knot//net.minecraft.gametest.framework.GameTestServer.tickServer(GameTestServer.java:227)
	at knot//net.minecraft.server.MinecraftServer.processPacketsAndTick(MinecraftServer.java:1013)
	at knot//net.minecraft.server.MinecraftServer.runServer(MinecraftServer.java:752)
	at knot//net.minecraft.server.MinecraftServer.lambda$spin$0(MinecraftServer.java:310)
	at java.base/java.lang.Thread.run(Thread.java:1474)
[10:14:17] [Server thread/ERROR] (intoxicantes) [SNC Adventures] Operação 603c5899-8da6-39b1-9f95-4b6e32b31b54 não persistiu; saldo preservado

java.nio.file.AccessDeniedException: C:\Users\enzop\AppData\Local\Temp\snc-bicho-gametest-5529766718553937691\intoxicantes_money.json.pending
	at java.base/sun.nio.fs.WindowsException.translateToIOException(WindowsException.java:89)
	at java.base/sun.nio.fs.WindowsException.rethrowAsIOException(WindowsException.java:103)
	at java.base/sun.nio.fs.WindowsException.rethrowAsIOException(WindowsException.java:108)
	at java.base/sun.nio.fs.WindowsFileSystemProvider.newFileChannel(WindowsFileSystemProvider.java:118)
	at java.base/java.nio.channels.FileChannel.open(FileChannel.java:301)
	at java.base/java.nio.channels.FileChannel.open(FileChannel.java:353)
	at knot//com.intoxicantes.PlayerMoney.gravarAtomico(PlayerMoney.java:205)
	at knot//com.intoxicantes.PlayerMoney$Livro.salvar(PlayerMoney.java:176)
	at knot//com.intoxicantes.PlayerMoney$Livro.transacionar(PlayerMoney.java:167)
	at knot//com.intoxicantes.JogoDoBicho$Loteria.confirmar(JogoDoBicho.java:160)
	at knot//com.intoxicantes.JogoDoBicho$Loteria.apostar(JogoDoBicho.java:154)
	at knot//com.intoxicantes.JogoDoBichoGameTest.lambda$falhaDePersistenciaNaoDescontaNemPerdePremio$0(JogoDoBichoGameTest.java:208)
	at knot//com.intoxicantes.JogoDoBichoGameTest.isolado(JogoDoBichoGameTest.java:252)
	at knot//com.intoxicantes.JogoDoBichoGameTest.falhaDePersistenciaNaoDescontaNemPerdePremio(JogoDoBichoGameTest.java:195)
	at java.base/jdk.internal.reflect.DirectMethodHandleAccessor.invoke(DirectMethodHandleAccessor.java:104)
	at java.base/java.lang.reflect.Method.invoke(Method.java:565)
	at knot//net.fabricmc.fabric.impl.gametest.TestAnnotationLocator$TestMethod.lambda$testFunction$0(TestAnnotationLocator.java:144)
	at knot//net.minecraft.gametest.framework.FunctionGameTestInstance.run(FunctionGameTestInstance.java:32)
	at knot//net.minecraft.gametest.framework.GameTestInfo.startTest(GameTestInfo.java:177)
	at knot//net.minecraft.gametest.framework.GameTestInfo.tickInternal(GameTestInfo.java:137)
	at knot//net.minecraft.gametest.framework.GameTestInfo.tick(GameTestInfo.java:120)
	at knot//net.minecraft.gametest.framework.GameTestTicker.lambda$tick$0(GameTestTicker.java:56)
	at java.base/java.util.concurrent.CopyOnWriteArrayList.forEach(CopyOnWriteArrayList.java:905)
	at knot//net.minecraft.gametest.framework.GameTestTicker.tick(GameTestTicker.java:56)
	at knot//net.minecraft.server.MinecraftServer.tickChildren(MinecraftServer.java:1135)
	at knot//net.minecraft.server.MinecraftServer.tickServer(MinecraftServer.java:980)
	at knot//net.minecraft.gametest.framework.GameTestServer.tickServer(GameTestServer.java:227)
	at knot//net.minecraft.server.MinecraftServer.processPacketsAndTick(MinecraftServer.java:1013)
	at knot//net.minecraft.server.MinecraftServer.runServer(MinecraftServer.java:752)
	at knot//net.minecraft.server.MinecraftServer.lambda$spin$0(MinecraftServer.java:310)
	at java.base/java.lang.Thread.run(Thread.java:1474)
[10:14:17] [Server thread/ERROR] (intoxicantes) [SNC Adventures] Operação 784b2ca6-c56b-3f64-8713-f6f934fab840 não persistiu; saldo preservado

java.nio.file.AccessDeniedException: C:\Users\enzop\AppData\Local\Temp\snc-bicho-gametest-5529766718553937691\intoxicantes_money.json.pending
	at java.base/sun.nio.fs.WindowsException.translateToIOException(WindowsException.java:89)
	at java.base/sun.nio.fs.WindowsException.rethrowAsIOException(WindowsException.java:103)
	at java.base/sun.nio.fs.WindowsException.rethrowAsIOException(WindowsException.java:108)
	at java.base/sun.nio.fs.WindowsFileSystemProvider.newFileChannel(WindowsFileSystemProvider.java:118)
	at java.base/java.nio.channels.FileChannel.open(FileChannel.java:301)
	at java.base/java.nio.channels.FileChannel.open(FileChannel.java:353)
	at knot//com.intoxicantes.PlayerMoney.gravarAtomico(PlayerMoney.java:205)
	at knot//com.intoxicantes.PlayerMoney$Livro.salvar(PlayerMoney.java:176)
	at knot//com.intoxicantes.PlayerMoney$Livro.transacionar(PlayerMoney.java:167)
	at knot//com.intoxicantes.JogoDoBicho$Loteria.tick(JogoDoBicho.java:209)
	at knot//com.intoxicantes.JogoDoBichoGameTest.lambda$falhaDePersistenciaNaoDescontaNemPerdePremio$0(JogoDoBichoGameTest.java:219)
	at knot//com.intoxicantes.JogoDoBichoGameTest.isolado(JogoDoBichoGameTest.java:252)
	at knot//com.intoxicantes.JogoDoBichoGameTest.falhaDePersistenciaNaoDescontaNemPerdePremio(JogoDoBichoGameTest.java:195)
	at java.base/jdk.internal.reflect.DirectMethodHandleAccessor.invoke(DirectMethodHandleAccessor.java:104)
	at java.base/java.lang.reflect.Method.invoke(Method.java:565)
	at knot//net.fabricmc.fabric.impl.gametest.TestAnnotationLocator$TestMethod.lambda$testFunction$0(TestAnnotationLocator.java:144)
	at knot//net.minecraft.gametest.framework.FunctionGameTestInstance.run(FunctionGameTestInstance.java:32)
	at knot//net.minecraft.gametest.framework.GameTestInfo.startTest(GameTestInfo.java:177)
	at knot//net.minecraft.gametest.framework.GameTestInfo.tickInternal(GameTestInfo.java:137)
	at knot//net.minecraft.gametest.framework.GameTestInfo.tick(GameTestInfo.java:120)
	at knot//net.minecraft.gametest.framework.GameTestTicker.lambda$tick$0(GameTestTicker.java:56)
	at java.base/java.util.concurrent.CopyOnWriteArrayList.forEach(CopyOnWriteArrayList.java:905)
	at knot//net.minecraft.gametest.framework.GameTestTicker.tick(GameTestTicker.java:56)
	at knot//net.minecraft.server.MinecraftServer.tickChildren(MinecraftServer.java:1135)
	at knot//net.minecraft.server.MinecraftServer.tickServer(MinecraftServer.java:980)
	at knot//net.minecraft.gametest.framework.GameTestServer.tickServer(GameTestServer.java:227)
	at knot//net.minecraft.server.MinecraftServer.processPacketsAndTick(MinecraftServer.java:1013)
	at knot//net.minecraft.server.MinecraftServer.runServer(MinecraftServer.java:752)
	at knot//net.minecraft.server.MinecraftServer.lambda$spin$0(MinecraftServer.java:310)
	at java.base/java.lang.Thread.run(Thread.java:1474)
[10:14:17] [Server thread/INFO] (intoxicantes) [SNC Adventures] Economia migrada: 1 saldos; original em C:\Users\enzop\AppData\Local\Temp\snc-bicho-gametest-13964312219366993262\intoxicantes_money.legacy-backup.json
[10:14:17] [Server thread/INFO] (Minecraft) test-mock-player[embedded] logged in with entity id 158 at (0.0, 0.0, 0.0)
[10:14:17] [Server thread/INFO] (Minecraft) System chat: test-mock-player joined the game
[10:14:17] [Server thread/INFO] (Minecraft) test-mock-player[embedded] logged in with entity id 159 at (0.0, 0.0, 0.0)
[10:14:17] [Server thread/INFO] (Minecraft) System chat: test-mock-player joined the game
[10:14:17] [Server thread/INFO] (Minecraft) test-mock-player[embedded] logged in with entity id 160 at (0.0, 0.0, 0.0)
[10:14:17] [Server thread/INFO] (Minecraft) System chat: test-mock-player joined the game
[10:14:17] [Server thread/INFO] (Minecraft) test-mock-player[embedded] logged in with entity id 161 at (0.0, 0.0, 0.0)
[10:14:17] [Server thread/INFO] (Minecraft) System chat: test-mock-player joined the game
[10:14:17] [Server thread/INFO] (Minecraft) test-mock-player[embedded] logged in with entity id 162 at (0.0, 0.0, 0.0)
[10:14:17] [Server thread/INFO] (Minecraft) System chat: test-mock-player joined the game
[10:14:17] [Server thread/INFO] (Minecraft) test-mock-player[embedded] logged in with entity id 163 at (0.0, 0.0, 0.0)
[10:14:17] [Server thread/INFO] (Minecraft) System chat: test-mock-player joined the game
[10:14:17] [Server thread/INFO] (Minecraft) test-mock-player[embedded] logged in with entity id 164 at (0.0, 0.0, 0.0)
[10:14:17] [Server thread/INFO] (Minecraft) System chat: test-mock-player joined the game
[10:14:18] [Server thread/INFO] (Minecraft) test-mock-player[embedded] logged in with entity id 165 at (0.0, 0.0, 0.0)
[10:14:18] [Server thread/INFO] (Minecraft) System chat: test-mock-player joined the game
[10:14:18] [Server thread/INFO] (Minecraft) test-mock-player[embedded] logged in with entity id 167 at (0.0, 0.0, 0.0)
[10:14:18] [Server thread/INFO] (Minecraft) System chat: test-mock-player joined the game
[10:14:18] [Server thread/INFO] (Minecraft) test-mock-player[embedded] logged in with entity id 168 at (0.0, 0.0, 0.0)
[10:14:18] [Server thread/INFO] (Minecraft) System chat: test-mock-player joined the game
[10:14:18] [Server thread/INFO] (Minecraft) test-mock-player[embedded] logged in with entity id 169 at (0.0, 0.0, 0.0)
[10:14:18] [Server thread/INFO] (Minecraft) System chat: test-mock-player joined the game
[10:14:18] [Server thread/INFO] (Minecraft) test-mock-player[embedded] logged in with entity id 172 at (0.0, 0.0, 0.0)
[10:14:18] [Server thread/INFO] (Minecraft) System chat: test-mock-player joined the game
[10:14:18] [Server thread/INFO] (Minecraft) test-mock-player[embedded] logged in with entity id 173 at (0.0, 0.0, 0.0)
[10:14:18] [Server thread/INFO] (Minecraft) System chat: test-mock-player joined the game
[10:14:18] [Server thread/INFO] (Minecraft) test-mock-player[embedded] logged in with entity id 176 at (0.0, 0.0, 0.0)
[10:14:18] [Server thread/INFO] (Minecraft) System chat: test-mock-player joined the game
[10:14:18] [Server thread/INFO] (Minecraft) test-mock-player[embedded] logged in with entity id 180 at (0.0, 0.0, 0.0)
[10:14:18] [Server thread/INFO] (Minecraft) System chat: test-mock-player joined the game
[10:14:18] [Server thread/INFO] (Minecraft) test-mock-player[embedded] logged in with entity id 181 at (0.0, 0.0, 0.0)
[10:14:18] [Server thread/INFO] (Minecraft) System chat: test-mock-player joined the game
[10:14:18] [Server thread/INFO] (Minecraft) test-mock-player[embedded] logged in with entity id 182 at (0.0, 0.0, 0.0)
[10:14:18] [Server thread/INFO] (Minecraft) System chat: test-mock-player joined the game
[10:14:18] [Server thread/INFO] (Minecraft) test-mock-player[embedded] logged in with entity id 186 at (0.0, 0.0, 0.0)
[10:14:18] [Server thread/INFO] (Minecraft) System chat: test-mock-player joined the game
[10:14:18] [Server thread/INFO] (Minecraft) test-mock-player[embedded] logged in with entity id 190 at (0.0, 0.0, 0.0)
[10:14:18] [Server thread/INFO] (Minecraft) System chat: test-mock-player joined the game
[10:14:18] [Server thread/INFO] (Minecraft) test-mock-player[embedded] logged in with entity id 191 at (0.0, 0.0, 0.0)
[10:14:18] [Server thread/INFO] (Minecraft) System chat: test-mock-player joined the game
[10:14:18] [Server thread/INFO] (Minecraft) System chat: test-mock-player has made the advancement [Village Cellar]
[10:14:18] [Server thread/INFO] (Minecraft) System chat: test-mock-player has made the advancement [Village Cellar]
[10:14:18] [Server thread/INFO] (Minecraft) System chat: test-mock-player has made the advancement [Village Cellar]
[10:14:18] [Server thread/INFO] (Minecraft) [++++++++++++++++++++++++++++++++++++++++++++++++++++++++++++++++++++++++++++++++++++_++_+___+_++++++                                                                                         ]
[10:14:18] [Server thread/INFO] (Minecraft) [++++++++++++++++++++++++++++++++++++++++++++++++++++++++++++++++++++++++++++++++++++_++_+++_+_++++++                                                                                         ]
[10:14:18] [Server thread/INFO] (Minecraft) [++++++++++++++++++++++++++++++++++++++++++++++++++++++++++++++++++++++++++++++++++++_++_+++++_++++++                                                                                         ]
[10:14:18] [Server thread/INFO] (Minecraft) [++++++++++++++++++++++++++++++++++++++++++++++++++++++++++++++++++++++++++++++++++++_++++++++_++++++                                                                                         ]
[10:14:18] [Server thread/INFO] (Minecraft) [++++++++++++++++++++++++++++++++++++++++++++++++++++++++++++++++++++++++++++++++++++_++++++++_++++++                                                                                         ]
[10:14:18] [Server thread/INFO] (Minecraft) [++++++++++++++++++++++++++++++++++++++++++++++++++++++++++++++++++++++++++++++++++++_++++++++_++++++                                                                                         ]
[10:14:18] [Server thread/INFO] (Minecraft) [++++++++++++++++++++++++++++++++++++++++++++++++++++++++++++++++++++++++++++++++++++_++++++++_++++++                                                                                         ]
[10:14:18] [Server thread/INFO] (Minecraft) [++++++++++++++++++++++++++++++++++++++++++++++++++++++++++++++++++++++++++++++++++++_+++++++++++++++                                                                                         ]
[10:14:18] [Server thread/INFO] (Minecraft) [++++++++++++++++++++++++++++++++++++++++++++++++++++++++++++++++++++++++++++++++++++_+++++++++++++++                                                                                         ]
[10:14:18] [Server thread/INFO] (Minecraft) [++++++++++++++++++++++++++++++++++++++++++++++++++++++++++++++++++++++++++++++++++++_+++++++++++++++                                                                                         ]
[10:14:18] [Server thread/INFO] (Minecraft) [++++++++++++++++++++++++++++++++++++++++++++++++++++++++++++++++++++++++++++++++++++_+++++++++++++++                                                                                         ]
[10:14:18] [Server thread/INFO] (Minecraft) [++++++++++++++++++++++++++++++++++++++++++++++++++++++++++++++++++++++++++++++++++++_+++++++++++++++                                                                                         ]
[10:14:18] [Server thread/INFO] (Minecraft) [++++++++++++++++++++++++++++++++++++++++++++++++++++++++++++++++++++++++++++++++++++_+++++++++++++++                                                                                         ]
[10:14:18] [Server thread/INFO] (Minecraft) [++++++++++++++++++++++++++++++++++++++++++++++++++++++++++++++++++++++++++++++++++++_+++++++++++++++                                                                                         ]
[10:14:18] [Server thread/INFO] (Minecraft) [++++++++++++++++++++++++++++++++++++++++++++++++++++++++++++++++++++++++++++++++++++_+++++++++++++++                                                                                         ]
[10:14:18] [Server thread/INFO] (Minecraft) [++++++++++++++++++++++++++++++++++++++++++++++++++++++++++++++++++++++++++++++++++++_+++++++++++++++                                                                                         ]
[10:14:18] [Server thread/INFO] (Minecraft) [++++++++++++++++++++++++++++++++++++++++++++++++++++++++++++++++++++++++++++++++++++_+++++++++++++++                                                                                         ]
[10:14:18] [Server thread/INFO] (Minecraft) [++++++++++++++++++++++++++++++++++++++++++++++++++++++++++++++++++++++++++++++++++++_+++++++++++++++                                                                                         ]
[10:14:18] [Server thread/INFO] (Minecraft) [++++++++++++++++++++++++++++++++++++++++++++++++++++++++++++++++++++++++++++++++++++_+++++++++++++++                                                                                         ]
[10:14:18] [Server thread/INFO] (Minecraft) [++++++++++++++++++++++++++++++++++++++++++++++++++++++++++++++++++++++++++++++++++++_+++++++++++++++                                                                                         ]
[10:14:18] [Server thread/INFO] (Minecraft) [++++++++++++++++++++++++++++++++++++++++++++++++++++++++++++++++++++++++++++++++++++_+++++++++++++++                                                                                         ]
[10:14:18] [Server thread/INFO] (Minecraft) [++++++++++++++++++++++++++++++++++++++++++++++++++++++++++++++++++++++++++++++++++++_+++++++++++++++                                                                                         ]
[10:14:18] [Server thread/INFO] (Minecraft) [++++++++++++++++++++++++++++++++++++++++++++++++++++++++++++++++++++++++++++++++++++_+++++++++++++++                                                                                         ]
[10:14:19] [Server thread/INFO] (Minecraft) Running test environment 'minecraft:default' batch 2 (50 tests)...
[10:14:19] [Server thread/INFO] (Minecraft) test-mock-player[embedded] logged in with entity id 235 at (0.0, 0.0, 0.0)
[10:14:19] [Server thread/INFO] (Minecraft) System chat: test-mock-player joined the game
[10:14:19] [Server thread/INFO] (Minecraft) test-mock-player[embedded] logged in with entity id 264 at (0.0, 0.0, 0.0)
[10:14:19] [Server thread/INFO] (Minecraft) System chat: test-mock-player joined the game
[10:14:19] [Server thread/INFO] (Minecraft) test-mock-player[embedded] logged in with entity id 265 at (0.0, 0.0, 0.0)
[10:14:19] [Server thread/INFO] (Minecraft) System chat: test-mock-player joined the game
[10:14:19] [Server thread/INFO] (Minecraft) test-mock-player[embedded] logged in with entity id 266 at (0.0, 0.0, 0.0)
[10:14:19] [Server thread/INFO] (Minecraft) System chat: test-mock-player joined the game
[10:14:19] [Server thread/INFO] (Minecraft) test-mock-player[embedded] logged in with entity id 277 at (0.0, 0.0, 0.0)
[10:14:19] [Server thread/INFO] (Minecraft) System chat: test-mock-player joined the game
[10:14:19] [Server thread/INFO] (Minecraft) System chat: test-mock-player has made the advancement [Perfect Harvest]
[10:14:19] [Server thread/INFO] (Minecraft) test-mock-player[embedded] logged in with entity id 316 at (0.0, 0.0, 0.0)
[10:14:20] [Server thread/INFO] (Minecraft) System chat: test-mock-player joined the game
[10:14:20] [Server thread/INFO] (Minecraft) test-mock-player[embedded] logged in with entity id 327 at (0.0, 0.0, 0.0)
[10:14:20] [Server thread/INFO] (Minecraft) System chat: test-mock-player joined the game
[10:14:20] [Server thread/INFO] (Minecraft) System chat: test-mock-player has made the advancement [Perfect Harvest]
[10:14:20] [Server thread/INFO] (Minecraft) test-mock-player[embedded] logged in with entity id 338 at (0.0, 0.0, 0.0)
[10:14:20] [Server thread/INFO] (Minecraft) System chat: test-mock-player joined the game
[10:14:20] [Server thread/INFO] (Minecraft) System chat: test-mock-player has made the advancement [Perfect Harvest]
[10:14:20] [Server thread/INFO] (Minecraft) test-mock-player[embedded] logged in with entity id 374 at (0.0, 0.0, 0.0)
[10:14:20] [Server thread/INFO] (Minecraft) System chat: test-mock-player joined the game
[10:14:20] [Server thread/INFO] (Minecraft) System chat: test-mock-player has made the advancement [Perfect Harvest]
[10:14:20] [Server thread/INFO] (Minecraft) test-mock-player[embedded] logged in with entity id 395 at (0.0, 0.0, 0.0)
[10:14:20] [Server thread/INFO] (Minecraft) System chat: test-mock-player joined the game
[10:14:20] [Server thread/INFO] (Minecraft) System chat: test-mock-player has made the advancement [Perfect Harvest]
[10:14:20] [Server thread/INFO] (Minecraft) test-mock-player[embedded] logged in with entity id 396 at (0.0, 0.0, 0.0)
[10:14:20] [Server thread/INFO] (Minecraft) System chat: test-mock-player joined the game
[10:14:20] [Server thread/INFO] (Minecraft) System chat: test-mock-player has made the advancement [Perfect Harvest]
[10:14:20] [Server thread/INFO] (Minecraft) test-mock-player[embedded] logged in with entity id 457 at (0.0, 0.0, 0.0)
[10:14:20] [Server thread/INFO] (Minecraft) System chat: test-mock-player joined the game
[10:14:20] [Server thread/INFO] (Minecraft) System chat: test-mock-player has made the advancement [Perfect Harvest]
[10:14:20] [Server thread/INFO] (Minecraft) test-mock-player[embedded] logged in with entity id 468 at (0.0, 0.0, 0.0)
[10:14:20] [Server thread/INFO] (Minecraft) System chat: test-mock-player joined the game
[10:14:20] [Server thread/INFO] (Minecraft) System chat: test-mock-player has made the advancement [Perfect Harvest]
[10:14:20] [Server thread/INFO] (Minecraft) test-mock-player[embedded] logged in with entity id 472 at (0.0, 0.0, 0.0)
[10:14:20] [Server thread/INFO] (Minecraft) System chat: test-mock-player joined the game
[10:14:20] [Server thread/INFO] (Minecraft) test-mock-player[embedded] logged in with entity id 493 at (0.0, 0.0, 0.0)
[10:14:20] [Server thread/INFO] (Minecraft) System chat: test-mock-player joined the game
[10:14:20] [Server thread/INFO] (Minecraft) System chat: test-mock-player has made the advancement [Perfect Harvest]
[10:14:20] [Server thread/INFO] (Minecraft) test-mock-player[embedded] logged in with entity id 505 at (0.0, 0.0, 0.0)
[10:14:20] [Server thread/INFO] (Minecraft) System chat: test-mock-player joined the game
[10:14:20] [Server thread/INFO] (Minecraft) System chat: test-mock-player has made the advancement [Perfect Harvest]
[10:14:20] [Server thread/INFO] (Minecraft) test-mock-player[embedded] logged in with entity id 518 at (0.0, 0.0, 0.0)
[10:14:20] [Server thread/INFO] (Minecraft) System chat: test-mock-player joined the game
[10:14:20] [Server thread/INFO] (Minecraft) test-mock-player[embedded] logged in with entity id 545 at (0.0, 0.0, 0.0)
[10:14:20] [Server thread/INFO] (Minecraft) System chat: test-mock-player joined the game
[10:14:20] [Server thread/INFO] (Minecraft) test-mock-player[embedded] logged in with entity id 556 at (0.0, 0.0, 0.0)
[10:14:20] [Server thread/INFO] (Minecraft) System chat: test-mock-player joined the game
[10:14:20] [Server thread/INFO] (Minecraft) System chat: test-mock-player has made the advancement [Perfect Harvest]
[10:14:20] [Server thread/INFO] (Minecraft) test-mock-player[embedded] logged in with entity id 557 at (0.0, 0.0, 0.0)
[10:14:20] [Server thread/INFO] (Minecraft) System chat: test-mock-player joined the game
[10:14:20] [Server thread/INFO] (Minecraft) test-mock-player[embedded] logged in with entity id 559 at (0.0, 0.0, 0.0)
[10:14:20] [Server thread/INFO] (Minecraft) System chat: test-mock-player joined the game
[10:14:20] [Server thread/INFO] (Minecraft) test-mock-player[embedded] logged in with entity id 561 at (0.0, 0.0, 0.0)
[10:14:20] [Server thread/INFO] (Minecraft) System chat: test-mock-player joined the game
[10:14:20] [Server thread/INFO] (Minecraft) System chat: test-mock-player has made the advancement [Village Cellar]
[10:14:20] [Server thread/INFO] (Minecraft) System chat: test-mock-player has made the advancement [Village Cellar]
[10:14:20] [Server thread/INFO] (Minecraft) System chat: test-mock-player has made the advancement [Village Cellar]
[10:14:20] [Server thread/INFO] (Minecraft) System chat: test-mock-player has made the advancement [Village Cellar]
[10:14:20] [Server thread/INFO] (Minecraft) System chat: test-mock-player has made the advancement [Village Cellar]
[10:14:20] [Server thread/INFO] (Minecraft) System chat: test-mock-player has made the advancement [Village Cellar]
[10:14:20] [Server thread/INFO] (Minecraft) System chat: test-mock-player has made the advancement [Village Cellar]
[10:14:20] [Server thread/INFO] (Minecraft) System chat: test-mock-player has made the advancement [Village Cellar]
[10:14:20] [Server thread/INFO] (Minecraft) System chat: test-mock-player has made the advancement [Village Cellar]
[10:14:20] [Server thread/INFO] (Minecraft) System chat: test-mock-player has made the advancement [Village Cellar]
[10:14:20] [Server thread/INFO] (Minecraft) System chat: test-mock-player has made the advancement [Village Cellar]
[10:14:20] [Server thread/INFO] (Minecraft) System chat: test-mock-player has made the advancement [Village Cellar]
[10:14:20] [Server thread/INFO] (Minecraft) System chat: test-mock-player has made the advancement [Village Cellar]
[10:14:20] [Server thread/INFO] (Minecraft) test-mock-player[embedded] logged in with entity id 563 at (0.0, 0.0, 0.0)
[10:14:20] [Server thread/INFO] (Minecraft) System chat: test-mock-player joined the game
[10:14:20] [Server thread/INFO] (Minecraft) test-mock-player[embedded] logged in with entity id 564 at (0.0, 0.0, 0.0)
[10:14:20] [Server thread/INFO] (Minecraft) System chat: test-mock-player joined the game
[10:14:20] [Server thread/INFO] (Minecraft) test-mock-player[embedded] logged in with entity id 584 at (0.0, 0.0, 0.0)
[10:14:20] [Server thread/INFO] (Minecraft) System chat: test-mock-player joined the game
[10:14:20] [Server thread/INFO] (Minecraft) test-mock-player[embedded] logged in with entity id 586 at (0.0, 0.0, 0.0)
[10:14:20] [Server thread/INFO] (Minecraft) System chat: test-mock-player joined the game
[10:14:20] [Server thread/INFO] (Minecraft) test-mock-player[embedded] logged in with entity id 587 at (0.0, 0.0, 0.0)
[10:14:20] [Server thread/INFO] (Minecraft) System chat: test-mock-player joined the game
[10:14:20] [Server thread/INFO] (Minecraft) test-mock-player[embedded] logged in with entity id 589 at (0.0, 0.0, 0.0)
[10:14:20] [Server thread/INFO] (Minecraft) System chat: test-mock-player joined the game
[10:14:20] [Server thread/INFO] (Minecraft) System chat: test-mock-player has made the advancement [Village Cellar]
[10:14:20] [Server thread/INFO] (Minecraft) test-mock-player[embedded] logged in with entity id 590 at (0.0, 0.0, 0.0)
[10:14:20] [Server thread/INFO] (Minecraft) System chat: test-mock-player joined the game
[10:14:20] [Server thread/INFO] (Minecraft) Running test environment 'minecraft:default' batch 3 (39 tests)...
[10:14:20] [Server thread/INFO] (Minecraft) test-mock-player[embedded] logged in with entity id 591 at (0.0, 0.0, 0.0)
[10:14:20] [Server thread/INFO] (Minecraft) System chat: test-mock-player joined the game
[10:14:20] [Server thread/INFO] (intoxicantes) [Eletricidade] SNC Energies detectado: integração elétrica habilitada (fonte oficial de energia)
[10:14:20] [Server thread/INFO] (Minecraft) test-mock-player[embedded] logged in with entity id 592 at (0.0, 0.0, 0.0)
[10:14:20] [Server thread/INFO] (Minecraft) System chat: test-mock-player joined the game
[10:14:20] [Server thread/INFO] (Minecraft) [+++++++++++++++++++++++++++++++++++++++++++++++++++++++++++++++++++++++++++++++++++++++++++++++++++++++++++++++++++++++++++++++++++++++++++++++++++++++ +++++++  ++++++  ++                  ]
[10:14:21] [Server thread/INFO] (Minecraft) test-mock-player[embedded] logged in with entity id 593 at (0.0, 0.0, 0.0)
[10:14:21] [Server thread/INFO] (Minecraft) System chat: test-mock-player joined the game
[10:14:21] [Server thread/INFO] (Minecraft) test-mock-player[embedded] logged in with entity id 594 at (0.0, 0.0, 0.0)
[10:14:21] [Server thread/INFO] (Minecraft) System chat: test-mock-player joined the game
[10:14:21] [Server thread/INFO] (Minecraft) test-mock-player[embedded] logged in with entity id 595 at (0.0, 0.0, 0.0)
[10:14:21] [Server thread/INFO] (Minecraft) System chat: test-mock-player joined the game
[10:14:21] [Server thread/INFO] (Minecraft) test-mock-player[embedded] logged in with entity id 596 at (0.0, 0.0, 0.0)
[10:14:21] [Server thread/INFO] (Minecraft) System chat: test-mock-player joined the game
[10:14:21] [Server thread/INFO] (Minecraft) test-mock-player[embedded] logged in with entity id 597 at (0.0, 0.0, 0.0)
[10:14:21] [Server thread/INFO] (Minecraft) System chat: test-mock-player joined the game
[10:14:21] [Server thread/INFO] (Minecraft) test-mock-player[embedded] logged in with entity id 599 at (0.0, 0.0, 0.0)
[10:14:21] [Server thread/INFO] (Minecraft) System chat: test-mock-player joined the game
[10:14:21] [Server thread/INFO] (Minecraft) test-mock-player[embedded] logged in with entity id 602 at (0.0, 0.0, 0.0)
[10:14:21] [Server thread/INFO] (Minecraft) System chat: test-mock-player joined the game
[10:14:21] [Server thread/INFO] (Minecraft) [+++++++++++++++++++++++++++++++++++++++++++++++++++++++++++++++++++++++++++++++++++++++++++++++++++++++++++++++++++++++++++++++++++++++++++++++++++++++++++++++++++++++++++++++++++++++++++++]
[10:14:21] [Server thread/INFO] (Minecraft) ========= 189 GAME TESTS COMPLETE IN 10.47 s ======================
[10:14:21] [Server thread/INFO] (Minecraft) All 189 required tests passed :)
[10:14:21] [Server thread/INFO] (Minecraft) ====================================================
[10:14:21] [Server thread/INFO] (Minecraft) Stopping server
[10:14:21] [Server thread/INFO] (Minecraft) Saving players
[10:14:21] [Server thread/INFO] (Minecraft) test-mock-player lost connection: Server closed
[10:14:21] [Server thread/INFO] (Minecraft) System chat: test-mock-player left the game
[10:14:21] [Server thread/INFO] (Minecraft) test-mock-player lost connection: Server closed
[10:14:21] [Server thread/INFO] (Minecraft) System chat: test-mock-player left the game
[10:14:21] [Server thread/INFO] (Minecraft) test-mock-player lost connection: Server closed
[10:14:21] [Server thread/INFO] (Minecraft) System chat: test-mock-player left the game
[10:14:22] [Server thread/INFO] (Minecraft) vitima-teste lost connection: Server closed
[10:14:22] [Server thread/INFO] (Minecraft) System chat: vitima-teste left the game
[10:14:22] [Server thread/INFO] (Minecraft) test-mock-player lost connection: Server closed
[10:14:22] [Server thread/INFO] (Minecraft) System chat: test-mock-player left the game
[10:14:22] [Server thread/INFO] (Minecraft) test-mock-player lost connection: Server closed
[10:14:22] [Server thread/INFO] (Minecraft) System chat: test-mock-player left the game
[10:14:22] [Server thread/INFO] (Minecraft) vitima-teste lost connection: Server closed
[10:14:22] [Server thread/INFO] (Minecraft) System chat: vitima-teste left the game
[10:14:22] [Server thread/INFO] (Minecraft) vitima-teste lost connection: Server closed
[10:14:22] [Server thread/INFO] (Minecraft) System chat: vitima-teste left the game
[10:14:22] [Server thread/INFO] (Minecraft) test-mock-player lost connection: Server closed
[10:14:22] [Server thread/INFO] (Minecraft) System chat: test-mock-player left the game
[10:14:22] [Server thread/INFO] (Minecraft) vitima-teste lost connection: Server closed
[10:14:22] [Server thread/INFO] (Minecraft) System chat: vitima-teste left the game
[10:14:22] [Server thread/INFO] (Minecraft) vitima-teste lost connection: Server closed
[10:14:22] [Server thread/INFO] (Minecraft) System chat: vitima-teste left the game
[10:14:22] [Server thread/INFO] (Minecraft) vitima-teste lost connection: Server closed
[10:14:22] [Server thread/INFO] (Minecraft) System chat: vitima-teste left the game
[10:14:22] [Server thread/INFO] (Minecraft) test-mock-player lost connection: Server closed
[10:14:22] [Server thread/INFO] (Minecraft) System chat: test-mock-player left the game
[10:14:22] [Server thread/INFO] (Minecraft) test-mock-player lost connection: Server closed
[10:14:22] [Server thread/INFO] (Minecraft) System chat: test-mock-player left the game
[10:14:22] [Server thread/INFO] (Minecraft) test-mock-player lost connection: Server closed
[10:14:22] [Server thread/INFO] (Minecraft) System chat: test-mock-player left the game
[10:14:22] [Server thread/INFO] (Minecraft) vitima-teste lost connection: Server closed
[10:14:22] [Server thread/INFO] (Minecraft) System chat: vitima-teste left the game
[10:14:22] [Server thread/INFO] (Minecraft) test-mock-player lost connection: Server closed
[10:14:22] [Server thread/INFO] (Minecraft) System chat: test-mock-player left the game
[10:14:22] [Server thread/INFO] (Minecraft) test-mock-player lost connection: Server closed
[10:14:22] [Server thread/INFO] (Minecraft) System chat: test-mock-player left the game
[10:14:22] [Server thread/INFO] (Minecraft) test-mock-player lost connection: Server closed
[10:14:22] [Server thread/INFO] (Minecraft) System chat: test-mock-player left the game
[10:14:22] [Server thread/INFO] (Minecraft) test-mock-player lost connection: Server closed
[10:14:22] [Server thread/INFO] (Minecraft) System chat: test-mock-player left the game
[10:14:22] [Server thread/INFO] (Minecraft) test-mock-player lost connection: Server closed
[10:14:22] [Server thread/INFO] (Minecraft) System chat: test-mock-player left the game
[10:14:22] [Server thread/INFO] (Minecraft) test-mock-player lost connection: Server closed
[10:14:22] [Server thread/INFO] (Minecraft) System chat: test-mock-player left the game
[10:14:22] [Server thread/INFO] (Minecraft) test-mock-player lost connection: Server closed
[10:14:22] [Server thread/INFO] (Minecraft) System chat: test-mock-player left the game
[10:14:22] [Server thread/INFO] (Minecraft) test-mock-player lost connection: Server closed
[10:14:22] [Server thread/INFO] (Minecraft) System chat: test-mock-player left the game
[10:14:22] [Server thread/INFO] (Minecraft) test-mock-player lost connection: Server closed
[10:14:22] [Server thread/INFO] (Minecraft) System chat: test-mock-player left the game
[10:14:22] [Server thread/INFO] (Minecraft) test-mock-player lost connection: Server closed
[10:14:22] [Server thread/INFO] (Minecraft) System chat: test-mock-player left the game
[10:14:22] [Server thread/INFO] (Minecraft) test-mock-player lost connection: Server closed
[10:14:22] [Server thread/INFO] (Minecraft) System chat: test-mock-player left the game
[10:14:22] [Server thread/INFO] (Minecraft) test-mock-player lost connection: Server closed
[10:14:22] [Server thread/INFO] (Minecraft) System chat: test-mock-player left the game
[10:14:22] [Server thread/INFO] (Minecraft) test-mock-player lost connection: Server closed
[10:14:22] [Server thread/INFO] (Minecraft) System chat: test-mock-player left the game
[10:14:22] [Server thread/INFO] (Minecraft) test-mock-player lost connection: Server closed
[10:14:22] [Server thread/INFO] (Minecraft) System chat: test-mock-player left the game
[10:14:22] [Server thread/INFO] (Minecraft) test-mock-player lost connection: Server closed
[10:14:22] [Server thread/INFO] (Minecraft) System chat: test-mock-player left the game
[10:14:22] [Server thread/INFO] (Minecraft) test-mock-player lost connection: Server closed
[10:14:22] [Server thread/INFO] (Minecraft) System chat: test-mock-player left the game
[10:14:22] [Server thread/INFO] (Minecraft) test-mock-player lost connection: Server closed
[10:14:22] [Server thread/INFO] (Minecraft) System chat: test-mock-player left the game
[10:14:22] [Server thread/INFO] (Minecraft) test-mock-player lost connection: Server closed
[10:14:22] [Server thread/INFO] (Minecraft) System chat: test-mock-player left the game
[10:14:22] [Server thread/INFO] (Minecraft) test-mock-player lost connection: Server closed
[10:14:22] [Server thread/INFO] (Minecraft) System chat: test-mock-player left the game
[10:14:22] [Server thread/INFO] (Minecraft) test-mock-player lost connection: Server closed
[10:14:22] [Server thread/INFO] (Minecraft) System chat: test-mock-player left the game
[10:14:22] [Server thread/INFO] (Minecraft) test-mock-player lost connection: Server closed
[10:14:22] [Server thread/INFO] (Minecraft) System chat: test-mock-player left the game
[10:14:22] [Server thread/INFO] (Minecraft) test-mock-player lost connection: Server closed
[10:14:22] [Server thread/INFO] (Minecraft) System chat: test-mock-player left the game
[10:14:22] [Server thread/INFO] (Minecraft) test-mock-player lost connection: Server closed
[10:14:22] [Server thread/INFO] (Minecraft) System chat: test-mock-player left the game
[10:14:22] [Server thread/INFO] (Minecraft) test-mock-player lost connection: Server closed
[10:14:22] [Server thread/INFO] (Minecraft) System chat: test-mock-player left the game
[10:14:22] [Server thread/INFO] (Minecraft) test-mock-player lost connection: Server closed
[10:14:22] [Server thread/INFO] (Minecraft) System chat: test-mock-player left the game
[10:14:22] [Server thread/INFO] (Minecraft) test-mock-player lost connection: Server closed
[10:14:22] [Server thread/INFO] (Minecraft) System chat: test-mock-player left the game
[10:14:22] [Server thread/INFO] (Minecraft) test-mock-player lost connection: Server closed
[10:14:22] [Server thread/INFO] (Minecraft) System chat: test-mock-player left the game
[10:14:22] [Server thread/INFO] (Minecraft) test-mock-player lost connection: Server closed
[10:14:22] [Server thread/INFO] (Minecraft) System chat: test-mock-player left the game
[10:14:22] [Server thread/INFO] (Minecraft) test-mock-player lost connection: Server closed
[10:14:22] [Server thread/INFO] (Minecraft) System chat: test-mock-player left the game
[10:14:22] [Server thread/INFO] (Minecraft) Saving worlds
[10:14:22] [Server thread/INFO] (Minecraft) Saving chunks for level 'ServerLevel[Test Level]'/minecraft:overworld
[10:14:23] [Server thread/INFO] (Minecraft) Saving chunks for level 'ServerLevel[Test Level]'/minecraft:the_end
[10:14:23] [Server thread/INFO] (Minecraft) Saving chunks for level 'ServerLevel[Test Level]'/minecraft:the_nether
[10:14:23] [Server thread/INFO] (Minecraft) Game test server shutting down

> Task :compileTestJava NO-SOURCE
> Task :processTestResources NO-SOURCE
> Task :testClasses UP-TO-DATE
> Task :test NO-SOURCE
> Task :validateAccessWidener NO-SOURCE

> Task :validateWorldgen
validate_worldgen: OK � 186 JSONs + NBT validados contra minecraft-merged-deobf-26.3.jar (DataVersion 5023)

> Task :check
> Task :build

[Incubating] Problems report is available at: file:///C:/Users/enzop/curseforge/minecraft/Instances/mod%20cet/intoxicantes-mod/build/reports/problems/problems-report.html

BUILD SUCCESSFUL in 37s
10 actionable tasks: 3 executed, 7 up-to-date
Consider enabling configuration cache to speed up this build: https://docs.gradle.org/9.7.1/userguide/configuration_cache_enabling.html
